Archive member included to satisfy reference by file (symbol)

.\CortexM3\ARM_GCC_541\Debug\ProxSensor.a(CapSense.o)
                              .\CortexM3\ARM_GCC_541\Debug\main.o (CapSense_IsBusy)
.\CortexM3\ARM_GCC_541\Debug\ProxSensor.a(CapSense_CSHL.o)
                              .\CortexM3\ARM_GCC_541\Debug\main.o (CapSense_InitializeAllBaselines)
.\CortexM3\ARM_GCC_541\Debug\ProxSensor.a(CapSense_INT.o)
                              .\CortexM3\ARM_GCC_541\Debug\ProxSensor.a(CapSense.o) (CapSense_IsrCH0_ISR)
.\CortexM3\ARM_GCC_541\Debug\ProxSensor.a(CapSense_SMS_Wrapper.o)
                              .\CortexM3\ARM_GCC_541\Debug\ProxSensor.a(CapSense_CSHL.o) (CapSense_CalculateThresholds)
.\CortexM3\ARM_GCC_541\Debug\ProxSensor.a(LED.o)
                              .\CortexM3\ARM_GCC_541\Debug\main.o (LED_Write)
.\CortexM3\ARM_GCC_541\Debug\ProxSensor.a(CapSense_CompCH0.o)
                              .\CortexM3\ARM_GCC_541\Debug\ProxSensor.a(CapSense.o) (CapSense_CompCH0_Enable)
.\CortexM3\ARM_GCC_541\Debug\ProxSensor.a(CapSense_IdacCH0.o)
                              .\CortexM3\ARM_GCC_541\Debug\ProxSensor.a(CapSense.o) (CapSense_IdacCH0_Enable)
.\CortexM3\ARM_GCC_541\Debug\ProxSensor.a(CapSense_AMuxCH0.o)
                              .\CortexM3\ARM_GCC_541\Debug\ProxSensor.a(CapSense.o) (CapSense_AMuxCH0_Init)
.\CortexM3\ARM_GCC_541\Debug\ProxSensor.a(CapSense_IntClock.o)
                              .\CortexM3\ARM_GCC_541\Debug\ProxSensor.a(CapSense.o) (CapSense_IntClock_Start)
.\CortexM3\ARM_GCC_541\Debug\ProxSensor.a(CyLib.o)
                              .\CortexM3\ARM_GCC_541\Debug\Cm3Start.o (CyHalt)
.\CortexM3\ARM_GCC_541\Debug\ProxSensor.a(cyPm.o)
                              .\CortexM3\ARM_GCC_541\Debug\ProxSensor.a(CyLib.o) (CyPmReadStatus)
.\CortexM3\ARM_GCC_541\Debug\ProxSensor.a(CyBootAsmGnu.o)
                              .\CortexM3\ARM_GCC_541\Debug\cyfitter_cfg.o (CyDelayCycles)
.\CortexM3\ARM_GCC_541\Debug\ProxSensor.a(CyFlash.o)
                              .\CortexM3\ARM_GCC_541\Debug\ProxSensor.a(cyPm.o) (CyFlash_SetWaitCycles)
.\CortexM3\ARM_GCC_541\Debug\ProxSensor.a(CySpc.o)
                              .\CortexM3\ARM_GCC_541\Debug\ProxSensor.a(CyFlash.o) (CySpcStart)
C:\Program Files (x86)\Cypress\PSoC Creator\4.2\PSoC Creator\psoc\content\CyComponentLibrary\CyComponentLibrary.cylib\CapSense_CSD_v3_50\Library\CapSenseLibrary_GCC.a(CapSense_CSD_SmartSense_v3_50.o)
                              .\CortexM3\ARM_GCC_541\Debug\ProxSensor.a(CapSense_SMS_Wrapper.o) (SMS_LIB_V3_50_CalculateThresholds)
c:/program files (x86)/cypress/psoc creator/4.2/psoc creator/import/gnu/arm/5.4.1/bin/../lib/gcc/arm-none-eabi/5.4.1/armv7-m\libgcc.a(_udivsi3.o)
                              C:\Program Files (x86)\Cypress\PSoC Creator\4.2\PSoC Creator\psoc\content\CyComponentLibrary\CyComponentLibrary.cylib\CapSense_CSD_v3_50\Library\CapSenseLibrary_GCC.a(CapSense_CSD_SmartSense_v3_50.o) (__aeabi_uidiv)
c:/program files (x86)/cypress/psoc creator/4.2/psoc creator/import/gnu/arm/5.4.1/bin/../lib/gcc/arm-none-eabi/5.4.1/armv7-m\libgcc.a(_dvmd_tls.o)
                              c:/program files (x86)/cypress/psoc creator/4.2/psoc creator/import/gnu/arm/5.4.1/bin/../lib/gcc/arm-none-eabi/5.4.1/armv7-m\libgcc.a(_udivsi3.o) (__aeabi_idiv0)
c:/program files (x86)/cypress/psoc creator/4.2/psoc creator/import/gnu/arm/5.4.1/bin/../lib/gcc/arm-none-eabi/5.4.1/../../../../arm-none-eabi/lib/armv7-m\libg_nano.a(lib_a-errno.o)
                              .\CortexM3\ARM_GCC_541\Debug\Cm3Start.o (__errno)
c:/program files (x86)/cypress/psoc creator/4.2/psoc creator/import/gnu/arm/5.4.1/bin/../lib/gcc/arm-none-eabi/5.4.1/../../../../arm-none-eabi/lib/armv7-m\libg_nano.a(lib_a-exit.o)
                              c:/program files (x86)/cypress/psoc creator/4.2/psoc creator/import/gnu/arm/5.4.1/bin/../lib/gcc/arm-none-eabi/5.4.1/../../../../arm-none-eabi/lib/armv7-m/crt0.o (exit)
c:/program files (x86)/cypress/psoc creator/4.2/psoc creator/import/gnu/arm/5.4.1/bin/../lib/gcc/arm-none-eabi/5.4.1/../../../../arm-none-eabi/lib/armv7-m\libg_nano.a(lib_a-impure.o)
                              c:/program files (x86)/cypress/psoc creator/4.2/psoc creator/import/gnu/arm/5.4.1/bin/../lib/gcc/arm-none-eabi/5.4.1/../../../../arm-none-eabi/lib/armv7-m\libg_nano.a(lib_a-exit.o) (_global_impure_ptr)
c:/program files (x86)/cypress/psoc creator/4.2/psoc creator/import/gnu/arm/5.4.1/bin/../lib/gcc/arm-none-eabi/5.4.1/../../../../arm-none-eabi/lib/armv7-m\libg_nano.a(lib_a-init.o)
                              c:/program files (x86)/cypress/psoc creator/4.2/psoc creator/import/gnu/arm/5.4.1/bin/../lib/gcc/arm-none-eabi/5.4.1/../../../../arm-none-eabi/lib/armv7-m/crt0.o (__libc_init_array)
c:/program files (x86)/cypress/psoc creator/4.2/psoc creator/import/gnu/arm/5.4.1/bin/../lib/gcc/arm-none-eabi/5.4.1/../../../../arm-none-eabi/lib/armv7-m\libg_nano.a(lib_a-memcpy-stub.o)
[...]
Memory Configuration

Name             Origin             Length             Attributes
rom              0x00000000         0x00040000         xr
ram              0x1fff8000         0x00010000         xrw
*default*        0x00000000         0xffffffff

Linker script and memory map

LOAD c:/program files (x86)/cypress/psoc creator/4.2/psoc creator/import/gnu/arm/5.4.1/bin/../lib/gcc/arm-none-eabi/5.4.1/armv7-m/crti.o
LOAD c:/program files (x86)/cypress/psoc creator/4.2/psoc creator/import/gnu/arm/5.4.1/bin/../lib/gcc/arm-none-eabi/5.4.1/armv7-m/crtbegin.o
LOAD c:/program files (x86)/cypress/psoc creator/4.2/psoc creator/import/gnu/arm/5.4.1/bin/../lib/gcc/arm-none-eabi/5.4.1/../../../../arm-none-eabi/lib/armv7-m/crt0.o
START GROUP
LOAD .\CortexM3\ARM_GCC_541\Debug\main.o
LOAD .\CortexM3\ARM_GCC_541\Debug\cyfitter_cfg.o
LOAD .\CortexM3\ARM_GCC_541\Debug\cymetadata.o
LOAD .\CortexM3\ARM_GCC_541\Debug\Cm3Start.o
LOAD .\CortexM3\ARM_GCC_541\Debug\ProxSensor.a
LOAD C:\Program Files (x86)\Cypress\PSoC Creator\4.2\PSoC Creator\psoc\content\CyComponentLibrary\CyComponentLibrary.cylib\CapSense_CSD_v3_50\Library\CapSenseLibrary_GCC.a
LOAD C:\Program Files (x86)\Cypress\PSoC Creator\4.2\PSoC Creator\psoc\content\cycomponentlibrary\CyComponentLibrary.cylib\CortexM3\ARM_GCC_541\Debug\CyComponentLibrary.a
END GROUP
START GROUP
LOAD c:/program files (x86)/cypress/psoc creator/4.2/psoc creator/import/gnu/arm/5.4.1/bin/../lib/gcc/arm-none-eabi/5.4.1/armv7-m\libgcc.a
LOAD c:/program files (x86)/cypress/psoc creator/4.2/psoc creator/import/gnu/arm/5.4.1/bin/../lib/gcc/arm-none-eabi/5.4.1/../../../../arm-none-eabi/lib/armv7-m\libg_nano.a
LOAD c:/program files (x86)/cypress/psoc creator/4.2/psoc creator/import/gnu/arm/5.4.1/bin/../lib/gcc/arm-none-eabi/5.4.1/../../../../arm-none-eabi/lib/armv7-m\libc_nano.a
END GROUP
START GROUP
LOAD c:/program files (x86)/cypress/psoc creator/4.2/psoc creator/import/gnu/arm/5.4.1/bin/../lib/gcc/arm-none-eabi/5.4.1/armv7-m\libgcc.a
LOAD c:/program files (x86)/cypress/psoc creator/4.2/psoc creator/import/gnu/arm/5.4.1/bin/../lib/gcc/arm-none-eabi/5.4.1/../../../../arm-none-eabi/lib/armv7-m\libc_nano.a
END GROUP
LOAD c:/program files (x86)/cypress/psoc creator/4.2/psoc creator/import/gnu/arm/5.4.1/bin/../lib/gcc/arm-none-eabi/5.4.1/armv7-m/crtend.o
LOAD c:/program files (x86)/cypress/psoc creator/4.2/psoc creator/import/gnu/arm/5.4.1/bin/../lib/gcc/arm-none-eabi/5.4.1/armv7-m/crtn.o
START GROUP
LOAD c:/program files (x86)/cypress/psoc creator/4.2/psoc creator/import/gnu/arm/5.4.1/bin/../lib/gcc/arm-none-eabi/5.4.1/armv7-m\libgcc.a
LOAD c:/program files (x86)/cypress/psoc creator/4.2/psoc creator/import/gnu/arm/5.4.1/bin/../lib/gcc/arm-none-eabi/5.4.1/../../../../arm-none-eabi/lib/armv7-m\libc.a
LOAD c:/program files (x86)/cypress/psoc creator/4.2/psoc creator/import/gnu/arm/5.4.1/bin/../lib/gcc/arm-none-eabi/5.4.1/../../../../arm-none-eabi/lib/armv7-m\libnosys.a
END GROUP
                0x00000000                CY_APPL_ORIGIN = 0x0
                0x00000100                CY_FLASH_ROW_SIZE = 0x100
                0x00000020                CY_ECC_ROW_SIZE = 0x20
                0x00000000                CY_EE_IN_BTLDR = 0x0
                0x00000000                CY_APPL_LOADABLE = 0x0
                0x00000800                CY_EE_SIZE = 0x800
                0x00000001                CY_APPL_NUM = 0x1
                0x00000001                CY_APPL_MAX = 0x1
                0x00000040                CY_METADATA_SIZE = 0x40
                0x00000000                CY_APPL_LOADABLE = 0x0
                0x00000000                CY_CHECKSUM_EXCLUDE_SIZE = ALIGN (0x0, CY_FLASH_ROW_SIZE)
                [!provide]                PROVIDE (__cy_heap_start, _end)
                0x00000001                PROVIDE (__cy_region_num, ((__cy_regions_end - __cy_regions) / 0x10))
                0x20008000                PROVIDE (__cy_stack, (ORIGIN (ram) + LENGTH (ram)))
                [!provide]                PROVIDE (__cy_heap_end, (__cy_stack - 0x800))

.cybootloader   0x00000000        0x0
 *(.cybootloader)
                0x00000000                appl1_start = CY_APPL_ORIGIN?CY_APPL_ORIGIN:ALIGN (CY_FLASH_ROW_SIZE)
                0x0001ff00                appl2_start = (appl1_start + ALIGN ((((LENGTH (rom) - appl1_start) - (0x2 * CY_FLASH_ROW_SIZE)) / 0x2), CY_FLASH_ROW_SIZE))
                0x00000000                appl_start = (CY_APPL_NUM == 0x1)?appl1_start:appl2_start
                0x00000000                ecc_offset = ((appl_start / CY_FLASH_ROW_SIZE) * CY_ECC_ROW_SIZE)
                0x00000000                ee_offset = (CY_APPL_LOADABLE && ! (CY_EE_IN_BTLDR))?((CY_EE_SIZE / CY_APPL_MAX) * (CY_APPL_NUM - 0x1)):0x0
                0x00000800                ee_size = (CY_APPL_LOADABLE && ! (CY_EE_IN_BTLDR))?(CY_EE_SIZE / CY_APPL_MAX):CY_EE_SIZE
                [!provide]                PROVIDE (CY_ECC_OFFSET, ecc_offset)

.text           0x00000000     0x10c6
 CREATE_OBJECT_SYMBOLS
                0x00000000                PROVIDE (__cy_interrupt_vector, RomVectors)
 *(.romvectors)
 .romvectors    0x00000000       0x10 .\CortexM3\ARM_GCC_541\Debug\Cm3Start.o
                0x00000000                RomVectors
                0x00000001                ASSERT ((. != __cy_interrupt_vector), No interrupt vector)
                0x00000001                ASSERT (CY_APPL_ORIGIN?(SIZEOF (.cybootloader) <= CY_APPL_ORIGIN):0x1, Wrong image location)
                0x00000010                PROVIDE (__cy_reset, Reset)
 *(.text.Reset)
 .text.Reset    0x00000010       0x18 .\CortexM3\ARM_GCC_541\Debug\Cm3Start.o
                0x00000010                Reset
                0x00000001                ASSERT ((. != __cy_reset), No reset code)
 *(.dma_init)
                0x00000001                ASSERT ((((appl_start + .) <= 0x10000) || 0x1), DMA Init must be within the first 64k of flash)
 *(.text .text.* .gnu.linkonce.t.*)
 .text          0x00000028       0x5c c:/program files (x86)/cypress/psoc creator/4.2/psoc creator/import/gnu/arm/5.4.1/bin/../lib/gcc/arm-none-eabi/5.4.1/armv7-m/crtbegin.o
 .text.main     0x00000084       0x30 .\CortexM3\ARM_GCC_541\Debug\main.o
                0x00000084                main
 .text.CyClockStartupError
                0x000000b4        0x4 .\CortexM3\ARM_GCC_541\Debug\cyfitter_cfg.o
 .text.cfg_write_bytes32
                0x000000b8       0x34 .\CortexM3\ARM_GCC_541\Debug\cyfitter_cfg.o
 .text.AnalogSetDefault
                0x000000ec       0x48 .\CortexM3\ARM_GCC_541\Debug\cyfitter_cfg.o
 .text.CYMEMZERO
                0x00000134        0xc .\CortexM3\ARM_GCC_541\Debug\cyfitter_cfg.o
 .text.ClockSetup
                0x00000140       0xb8 .\CortexM3\ARM_GCC_541\Debug\cyfitter_cfg.o
 .text.CYCONFIGCPY
                0x000001f8        0x8 .\CortexM3\ARM_GCC_541\Debug\cyfitter_cfg.o
 .text.CapSense_AMuxCH0_Set
                0x00000200       0x1c .\CortexM3\ARM_GCC_541\Debug\cyfitter_cfg.o
                0x00000200                CapSense_AMuxCH0_Set
 .text.CapSense_AMuxCH0_Unset
                0x0000021c       0x1c .\CortexM3\ARM_GCC_541\Debug\cyfitter_cfg.o
                0x0000021c                CapSense_AMuxCH0_Unset
 .text.cyfitter_cfg
                0x00000238      0x110 .\CortexM3\ARM_GCC_541\Debug\cyfitter_cfg.o
                0x00000238                cyfitter_cfg
 .text.IntDefaultHandler
                0x00000348       0x10 .\CortexM3\ARM_GCC_541\Debug\Cm3Start.o
                0x00000348                IntDefaultHandler
 .text.Start_c  0x00000358       0x4c .\CortexM3\ARM_GCC_541\Debug\Cm3Start.o
                0x00000358                Start_c
 .text.initialize_psoc
                0x000003a4       0x68 .\CortexM3\ARM_GCC_541\Debug\Cm3Start.o
                0x000003a4                initialize_psoc
 .text.CapSense_Enable
                0x0000040c       0x68 .\CortexM3\ARM_GCC_541\Debug\ProxSensor.a(CapSense.o)
                0x0000040c                CapSense_Enable
 .text.CapSense_FindNextSensor
                0x00000474       0x20 .\CortexM3\ARM_GCC_541\Debug\ProxSensor.a(CapSense.o)
                0x00000474                CapSense_FindNextSensor
 .text.CapSense_IsBusy
                0x00000494       0x10 .\CortexM3\ARM_GCC_541\Debug\ProxSensor.a(CapSense.o)
                0x00000494                CapSense_IsBusy
 .text.CapSense_EnableSensor
                0x000004a4       0x20 .\CortexM3\ARM_GCC_541\Debug\ProxSensor.a(CapSense.o)
                0x000004a4                CapSense_EnableSensor
 .text.CapSense_DisableSensor
                0x000004c4       0x20 .\CortexM3\ARM_GCC_541\Debug\ProxSensor.a(CapSense.o)
                0x000004c4                CapSense_DisableSensor
 .text.CapSense_ClearSensors
                0x000004e4       0x18 .\CortexM3\ARM_GCC_541\Debug\ProxSensor.a(CapSense.o)
                0x000004e4                CapSense_ClearSensors
 .text.CapSense_PostScan
                0x000004fc       0x4c .\CortexM3\ARM_GCC_541\Debug\ProxSensor.a(CapSense.o)
                0x000004fc                CapSense_PostScan
 .text.CapSense_SetPrescaler
                0x00000548       0x10 .\CortexM3\ARM_GCC_541\Debug\ProxSensor.a(CapSense.o)
                0x00000548                CapSense_SetPrescaler
 .text.CapSense_SetScanSlotSettings
                0x00000558       0x28 .\CortexM3\ARM_GCC_541\Debug\ProxSensor.a(CapSense.o)
                0x00000558                CapSense_SetScanSlotSettings
 .text.CapSense_PreScan
                0x00000580       0x34 .\CortexM3\ARM_GCC_541\Debug\ProxSensor.a(CapSense.o)
                0x00000580                CapSense_PreScan
 .text.CapSense_ScanSensor
                0x000005b4       0x20 .\CortexM3\ARM_GCC_541\Debug\ProxSensor.a(CapSense.o)
                0x000005b4                CapSense_ScanSensor
 .text.CapSense_ScanEnabledWidgets
                0x000005d4       0x38 .\CortexM3\ARM_GCC_541\Debug\ProxSensor.a(CapSense.o)
                0x000005d4                CapSense_ScanEnabledWidgets
 .text.CapSense_SetAnalogSwitchesSource
                0x0000060c       0x20 .\CortexM3\ARM_GCC_541\Debug\ProxSensor.a(CapSense.o)
                0x0000060c                CapSense_SetAnalogSwitchesSource
 .text.CapSense_Init
                0x0000062c       0xe4 .\CortexM3\ARM_GCC_541\Debug\ProxSensor.a(CapSense.o)
                0x0000062c                CapSense_Init
 .text.CapSense_Start
                0x00000710       0x2c .\CortexM3\ARM_GCC_541\Debug\ProxSensor.a(CapSense.o)
                0x00000710                CapSense_Start
 .text.CapSense_BaseInit
                0x0000073c       0x50 .\CortexM3\ARM_GCC_541\Debug\ProxSensor.a(CapSense_CSHL.o)
                0x0000073c                CapSense_BaseInit
 .text.CapSense_InitializeSensorBaseline
                0x0000078c       0x18 .\CortexM3\ARM_GCC_541\Debug\ProxSensor.a(CapSense_CSHL.o)
                0x0000078c                CapSense_InitializeSensorBaseline
 .text.CapSense_InitializeAllBaselines
                0x000007a4       0x18 .\CortexM3\ARM_GCC_541\Debug\ProxSensor.a(CapSense_CSHL.o)
                0x000007a4                CapSense_InitializeAllBaselines
 .text.CapSense_CheckIsSensorActive
                0x000007bc       0x88 .\CortexM3\ARM_GCC_541\Debug\ProxSensor.a(CapSense_CSHL.o)
                0x000007bc                CapSense_CheckIsSensorActive
 .text.CapSense_CheckIsWidgetActive
                0x00000844       0x10 .\CortexM3\ARM_GCC_541\Debug\ProxSensor.a(CapSense_CSHL.o)
                0x00000844                CapSense_CheckIsWidgetActive
 .text.CapSense_EnableWidget
                0x00000854       0x10 .\CortexM3\ARM_GCC_541\Debug\ProxSensor.a(CapSense_CSHL.o)
                0x00000854                CapSense_EnableWidget
 .text.CapSense_IIR4Filter
                0x00000864        0xc .\CortexM3\ARM_GCC_541\Debug\ProxSensor.a(CapSense_CSHL.o)
                0x00000864                CapSense_IIR4Filter
 .text.CapSense_UpdateSensorBaseline
                0x00000870       0xec .\CortexM3\ARM_GCC_541\Debug\ProxSensor.a(CapSense_CSHL.o)
                0x00000870                CapSense_UpdateSensorBaseline
 .text.CapSense_UpdateEnabledBaselines
                0x0000095c       0x2c .\CortexM3\ARM_GCC_541\Debug\ProxSensor.a(CapSense_CSHL.o)
                0x0000095c                CapSense_UpdateEnabledBaselines
 .text.CapSense_IsrCH0_ISR
                0x00000988       0x50 .\CortexM3\ARM_GCC_541\Debug\ProxSensor.a(CapSense_INT.o)
                0x00000988                CapSense_IsrCH0_ISR
 .text.SMS_LIB_ScanSensor
                0x000009d8        0x8 .\CortexM3\ARM_GCC_541\Debug\ProxSensor.a(CapSense_SMS_Wrapper.o)
                0x000009d8                SMS_LIB_ScanSensor
 .text.SMS_LIB_IsBusy
                0x000009e0        0x8 .\CortexM3\ARM_GCC_541\Debug\ProxSensor.a(CapSense_SMS_Wrapper.o)
                0x000009e0                SMS_LIB_IsBusy
 .text.CapSense_CalculateThresholds
                0x000009e8        0x8 .\CortexM3\ARM_GCC_541\Debug\ProxSensor.a(CapSense_SMS_Wrapper.o)
                0x000009e8                CapSense_CalculateThresholds
 .text.CapSense_AutoTune
                0x000009f0        0x8 .\CortexM3\ARM_GCC_541\Debug\ProxSensor.a(CapSense_SMS_Wrapper.o)
                0x000009f0                CapSense_AutoTune
 .text.SMS_LIB_V3_50_SetAnalogSwitchesSrc_PRS
                0x000009f8        0xc .\CortexM3\ARM_GCC_541\Debug\ProxSensor.a(CapSense_SMS_Wrapper.o)
                0x000009f8                SMS_LIB_V3_50_SetAnalogSwitchesSrc_PRS
 .text.SMS_LIB_V3_50_SetAnalogSwitchesSrc_Prescaler
                0x00000a04        0xc .\CortexM3\ARM_GCC_541\Debug\ProxSensor.a(CapSense_SMS_Wrapper.o)
                0x00000a04                SMS_LIB_V3_50_SetAnalogSwitchesSrc_Prescaler
 .text.LED_Write
                0x00000a10       0x18 .\CortexM3\ARM_GCC_541\Debug\ProxSensor.a(LED.o)
                0x00000a10                LED_Write
 .text.CapSense_CompCH0_Enable
                0x00000a28       0x1c .\CortexM3\ARM_GCC_541\Debug\ProxSensor.a(CapSense_CompCH0.o)
                0x00000a28                CapSense_CompCH0_Enable
 .text.CapSense_CompCH0_SetSpeed
                0x00000a44       0x58 .\CortexM3\ARM_GCC_541\Debug\ProxSensor.a(CapSense_CompCH0.o)
                0x00000a44                CapSense_CompCH0_SetSpeed
 .text.CapSense_CompCH0_Init
                0x00000a9c       0x3c .\CortexM3\ARM_GCC_541\Debug\ProxSensor.a(CapSense_CompCH0.o)
                0x00000a9c                CapSense_CompCH0_Init
 .text.CapSense_IdacCH0_Enable
                0x00000ad8       0x1c .\CortexM3\ARM_GCC_541\Debug\ProxSensor.a(CapSense_IdacCH0.o)
                0x00000ad8                CapSense_IdacCH0_Enable
 .text.CapSense_IdacCH0_SetSpeed
                0x00000af4       0x1c .\CortexM3\ARM_GCC_541\Debug\ProxSensor.a(CapSense_IdacCH0.o)
                0x00000af4                CapSense_IdacCH0_SetSpeed
 .text.CapSense_IdacCH0_SetValue
                0x00000b10        0xc .\CortexM3\ARM_GCC_541\Debug\ProxSensor.a(CapSense_IdacCH0.o)
                0x00000b10                CapSense_IdacCH0_SetValue
 .text.CapSense_IdacCH0_DacTrim
                0x00000b1c       0x34 .\CortexM3\ARM_GCC_541\Debug\ProxSensor.a(CapSense_IdacCH0.o)
                0x00000b1c                CapSense_IdacCH0_DacTrim
 .text.CapSense_IdacCH0_Init
                0x00000b50       0x2c .\CortexM3\ARM_GCC_541\Debug\ProxSensor.a(CapSense_IdacCH0.o)
                0x00000b50                CapSense_IdacCH0_Init
 .text.CapSense_IdacCH0_SetPolarity
                0x00000b7c       0x20 .\CortexM3\ARM_GCC_541\Debug\ProxSensor.a(CapSense_IdacCH0.o)
                0x00000b7c                CapSense_IdacCH0_SetPolarity
 .text.CapSense_IdacCH0_SetRange
                0x00000b9c       0x20 .\CortexM3\ARM_GCC_541\Debug\ProxSensor.a(CapSense_IdacCH0.o)
                0x00000b9c                CapSense_IdacCH0_SetRange
 .text.CapSense_AMuxCH0_DisconnectAll
                0x00000bbc       0x18 .\CortexM3\ARM_GCC_541\Debug\ProxSensor.a(CapSense_AMuxCH0.o)
                0x00000bbc                CapSense_AMuxCH0_DisconnectAll
 .text.CapSense_AMuxCH0_Init
                0x00000bd4        0x8 .\CortexM3\ARM_GCC_541\Debug\ProxSensor.a(CapSense_AMuxCH0.o)
                0x00000bd4                CapSense_AMuxCH0_Init
 .text.CapSense_IntClock_Start
                0x00000bdc       0x1c .\CortexM3\ARM_GCC_541\Debug\ProxSensor.a(CapSense_IntClock.o)
                0x00000bdc                CapSense_IntClock_Start
 .text.CyHalt   0x00000bf8        0x4 .\CortexM3\ARM_GCC_541\Debug\ProxSensor.a(CyLib.o)
                0x00000bf8                CyHalt
 .text.CyIntSetVector
                0x00000bfc       0x28 .\CortexM3\ARM_GCC_541\Debug\ProxSensor.a(CyLib.o)
                0x00000bfc                CyIntSetVector
 .text.CyIntSetPriority
                0x00000c24       0x30 .\CortexM3\ARM_GCC_541\Debug\ProxSensor.a(CyLib.o)
                0x00000c24                CyIntSetPriority
 *fill*         0x00000c54        0x4 
 .text          0x00000c58       0x20 .\CortexM3\ARM_GCC_541\Debug\ProxSensor.a(CyBootAsmGnu.o)
                0x00000c58                CyDelayCycles
                0x00000c68                CyEnterCriticalSection
                0x00000c70                CyExitCriticalSection
 .text.SMS_LIB_V3_50_CallibrateSensor1Ch
                0x00000c78       0x84 C:\Program Files (x86)\Cypress\PSoC Creator\4.2\PSoC Creator\psoc\content\CyComponentLibrary\CyComponentLibrary.cylib\CapSense_CSD_v3_50\Library\CapSenseLibrary_GCC.a(CapSense_CSD_SmartSense_v3_50.o)
                0x00000c78                SMS_LIB_V3_50_CallibrateSensor1Ch
 .text.SMS_LIB_V3_50_AutoTuneSensor1Ch
                0x00000cfc       0x9c C:\Program Files (x86)\Cypress\PSoC Creator\4.2\PSoC Creator\psoc\content\CyComponentLibrary\CyComponentLibrary.cylib\CapSense_CSD_v3_50\Library\CapSenseLibrary_GCC.a(CapSense_CSD_SmartSense_v3_50.o)
                0x00000cfc                SMS_LIB_V3_50_AutoTuneSensor1Ch
 .text.SMS_LIB_V3_50_MeasureNoiseEnvelope
                0x00000d98       0x94 C:\Program Files (x86)\Cypress\PSoC Creator\4.2\PSoC Creator\psoc\content\CyComponentLibrary\CyComponentLibrary.cylib\CapSense_CSD_v3_50\Library\CapSenseLibrary_GCC.a(CapSense_CSD_SmartSense_v3_50.o)
                0x00000d98                SMS_LIB_V3_50_MeasureNoiseEnvelope
 .text.SMS_LIB_V3_50_CalculateThresholds
                0x00000e2c       0xc4 C:\Program Files (x86)\Cypress\PSoC Creator\4.2\PSoC Creator\psoc\content\CyComponentLibrary\CyComponentLibrary.cylib\CapSense_CSD_v3_50\Library\CapSenseLibrary_GCC.a(CapSense_CSD_SmartSense_v3_50.o)
                0x00000e2c                SMS_LIB_V3_50_CalculateThresholds
 .text.SMS_LIB_V3_50_Sensors2WidgetResolutionTransform
                0x00000ef0       0xa8 C:\Program Files (x86)\Cypress\PSoC Creator\4.2\PSoC Creator\psoc\content\CyComponentLibrary\CyComponentLibrary.cylib\CapSense_CSD_v3_50\Library\CapSenseLibrary_GCC.a(CapSense_CSD_SmartSense_v3_50.o)
                0x00000ef0                SMS_LIB_V3_50_Sensors2WidgetResolutionTransform
 .text.SMS_LIB_V3_50_AutoTune1Ch
                0x00000f98       0x88 C:\Program Files (x86)\Cypress\PSoC Creator\4.2\PSoC Creator\psoc\content\CyComponentLibrary\CyComponentLibrary.cylib\CapSense_CSD_v3_50\Library\CapSenseLibrary_GCC.a(CapSense_CSD_SmartSense_v3_50.o)
                0x00000f98                SMS_LIB_V3_50_AutoTune1Ch
 .text          0x00001020       0x24 c:/program files (x86)/cypress/psoc creator/4.2/psoc creator/import/gnu/arm/5.4.1/bin/../lib/gcc/arm-none-eabi/5.4.1/armv7-m\libgcc.a(_udivsi3.o)
                0x00001020                __aeabi_uidiv
                0x00001020                __udivsi3
                0x00001034                __aeabi_uidivmod
 .text          0x00001044        0x4 c:/program files (x86)/cypress/psoc creator/4.2/psoc creator/import/gnu/arm/5.4.1/bin/../lib/gcc/arm-none-eabi/5.4.1/armv7-m\libgcc.a(_dvmd_tls.o)
                0x00001044                __aeabi_idiv0
                0x00001044                __aeabi_ldiv0
 .text.__errno  0x00001048        0xc c:/program files (x86)/cypress/psoc creator/4.2/psoc creator/import/gnu/arm/5.4.1/bin/../lib/gcc/arm-none-eabi/5.4.1/../../../../arm-none-eabi/lib/armv7-m\libg_nano.a(lib_a-errno.o)
                0x00001048                __errno
 .text.__libc_init_array
                0x00001054       0x4c c:/program files (x86)/cypress/psoc creator/4.2/psoc creator/import/gnu/arm/5.4.1/bin/../lib/gcc/arm-none-eabi/5.4.1/../../../../arm-none-eabi/lib/armv7-m\libg_nano.a(lib_a-init.o)
                0x00001054                __libc_init_array
 .text.memcpy   0x000010a0       0x16 c:/program files (x86)/cypress/psoc creator/4.2/psoc creator/import/gnu/arm/5.4.1/bin/../lib/gcc/arm-none-eabi/5.4.1/../../../../arm-none-eabi/lib/armv7-m\libg_nano.a(lib_a-memcpy-stub.o)
                0x000010a0                memcpy
 .text.memset   0x000010b6       0x10 c:/program files (x86)/cypress/psoc creator/4.2/psoc creator/import/gnu/arm/5.4.1/bin/../lib/gcc/arm-none-eabi/5.4.1/../../../../arm-none-eabi/lib/armv7-m\libg_nano.a(lib_a-memset.o)
                0x000010b6                memset
 *(.plt)
 *(.gnu.warning)
 *(.glue_7t)
 .glue_7t       0x000010c6        0x0 linker stubs
 *(.glue_7)
 .glue_7        0x000010c6        0x0 linker stubs
 *(.vfp11_veneer)
 .vfp11_veneer  0x000010c6        0x0 linker stubs
 *(.bootloader)
 *(.ARM.extab* .gnu.linkonce.armextab.*)
 *(.gcc_except_table)

.v4_bx          0x000010c8        0x0
 .v4_bx         0x000010c8        0x0 linker stubs

.iplt           0x000010c8        0x0
 .iplt          0x000010c8        0x0 c:/program files (x86)/cypress/psoc creator/4.2/psoc creator/import/gnu/arm/5.4.1/bin/../lib/gcc/arm-none-eabi/5.4.1/armv7-m/crtbegin.o

.eh_frame_hdr
 *(.eh_frame_hdr)

.eh_frame       0x000010c8        0x4
 *(.eh_frame)
 .eh_frame      0x000010c8        0x0 c:/program files (x86)/cypress/psoc creator/4.2/psoc creator/import/gnu/arm/5.4.1/bin/../lib/gcc/arm-none-eabi/5.4.1/armv7-m/crtbegin.o
 .eh_frame      0x000010c8        0x4 c:/program files (x86)/cypress/psoc creator/4.2/psoc creator/import/gnu/arm/5.4.1/bin/../lib/gcc/arm-none-eabi/5.4.1/armv7-m/crtend.o
                [!provide]                PROVIDE (__exidx_start, .)

.ARM.exidx
 *(.ARM.exidx* .gnu.linkonce.armexidx.*)
                0x000010cc                __exidx_end = .

.rodata         0x000010cc       0xd4
 *(.rodata .rodata.* .gnu.linkonce.r.*)
 .rodata        0x000010cc       0x3e .\CortexM3\ARM_GCC_541\Debug\cyfitter_cfg.o
                0x000010cc                CapSense_AMuxCH0__addrTable
                0x000010dc                CapSense_AMuxCH0__maskTable
 *fill*         0x0000110a        0x2 
 .rodata        0x0000110c       0x30 .\CortexM3\ARM_GCC_541\Debug\ProxSensor.a(CapSense.o)
                0x0000110c                CapSense_widgetNumber
                0x00001110                CapSense_csTable
                0x00001130                CapSense_maskTable
                0x00001134                CapSense_portTable
                0x00001138                CapSense_pcTable
 .rodata        0x0000113c        0x5 .\CortexM3\ARM_GCC_541\Debug\ProxSensor.a(CapSense_CSHL.o)
                0x0000113c                CapSense_numberOfSensors
                0x00001140                CapSense_rawDataIndex
 *fill*         0x00001141        0x3 
 .rodata        0x00001144       0x21 .\CortexM3\ARM_GCC_541\Debug\ProxSensor.a(CapSense_SMS_Wrapper.o)
                0x00001144                SMS_LIB_PrescalerTbl
                0x00001164                SMS_LIB_SensorSensitivity
 .rodata.str1.1
                0x00001165        0x2 c:/program files (x86)/cypress/psoc creator/4.2/psoc creator/import/gnu/arm/5.4.1/bin/../lib/gcc/arm-none-eabi/5.4.1/../../../../arm-none-eabi/lib/armv7-m\libg_nano.a(lib_a-impure.o)
                0x00001168                . = ALIGN (0x4)
 *fill*         0x00001167        0x1 
 *(.init)
 .init          0x00001168        0x4 c:/program files (x86)/cypress/psoc creator/4.2/psoc creator/import/gnu/arm/5.4.1/bin/../lib/gcc/arm-none-eabi/5.4.1/armv7-m/crti.o
                0x00001168                _init
 .init          0x0000116c        0x8 c:/program files (x86)/cypress/psoc creator/4.2/psoc creator/import/gnu/arm/5.4.1/bin/../lib/gcc/arm-none-eabi/5.4.1/armv7-m/crtn.o
                0x00001174                . = ALIGN (0x4)
                0x00001174                __preinit_array_start = .
 *(.preinit_array)
                0x00001174                __preinit_array_end = .
                0x00001174                . = ALIGN (0x4)
                0x00001174                __init_array_start = .
 *(SORT(.init_array.*))
 *(.init_array)
 .init_array    0x00001174        0x4 c:/program files (x86)/cypress/psoc creator/4.2/psoc creator/import/gnu/arm/5.4.1/bin/../lib/gcc/arm-none-eabi/5.4.1/armv7-m/crtbegin.o
 .init_array    0x00001178        0x4 .\CortexM3\ARM_GCC_541\Debug\Cm3Start.o
                0x0000117c                __init_array_end = .
                0x0000117c                . = ALIGN (0x4)
 *(.fini)
 .fini          0x0000117c        0x4 c:/program files (x86)/cypress/psoc creator/4.2/psoc creator/import/gnu/arm/5.4.1/bin/../lib/gcc/arm-none-eabi/5.4.1/armv7-m/crti.o
                0x0000117c                _fini
 .fini          0x00001180        0x8 c:/program files (x86)/cypress/psoc creator/4.2/psoc creator/import/gnu/arm/5.4.1/bin/../lib/gcc/arm-none-eabi/5.4.1/armv7-m/crtn.o
                0x00001188                . = ALIGN (0x4)
                0x00001188                __fini_array_start = .
 *(.fini_array)
 .fini_array    0x00001188        0x4 c:/program files (x86)/cypress/psoc creator/4.2/psoc creator/import/gnu/arm/5.4.1/bin/../lib/gcc/arm-none-eabi/5.4.1/armv7-m/crtbegin.o
 *(SORT(.fini_array.*))
                0x0000118c                __fini_array_end = .
                0x0000118c                . = ALIGN (0x4)
 *crtbegin.o(.ctors)
 *(EXCLUDE_FILE(*crtend.o) .ctors)
 *(SORT(.ctors.*))
 *crtend.o(.ctors)
                0x0000118c                . = ALIGN (0x4)
 *crtbegin.o(.dtors)
 *(EXCLUDE_FILE(*crtend.o) .dtors)
 *(SORT(.dtors.*))
 *crtend.o(.dtors)
                0x0000118c                . = ALIGN (0x4)
                0x0000118c                __cy_regions = .
                0x0000118c        0x4 LONG 0x11a0 __cy_region_init_ram
                0x00001190        0x4 LONG 0x1fff80c8 __cy_region_start_data
                0x00001194        0x4 LONG 0xb8 __cy_region_init_size_ram
                0x00001198        0x4 LONG 0x68 __cy_region_zero_size_ram
                0x0000119c                __cy_regions_end = .
                0x000011a0                . = ALIGN (0x8)
 *fill*         0x0000119c        0x4 
                0x000011a0                _etext = .

.cy_checksum_exclude
                0x000011a0        0x0
 *(.cy_checksum_exclude)

.ramvectors     0x1fff8000       0xc0
                0x1fff8000                __cy_region_start_ram = .
 *(.ramvectors)
 .ramvectors    0x1fff8000       0xc0 .\CortexM3\ARM_GCC_541\Debug\Cm3Start.o
                0x1fff8000                CyRamVectors

.noinit         0x1fff80c0        0x1
 *(.noinit)
 .noinit        0x1fff80c0        0x1 .\CortexM3\ARM_GCC_541\Debug\ProxSensor.a(CyLib.o)
                0x1fff80c0                CyResetStatus

.data           0x1fff80c8       0xb8 load address 0x000011a0
                0x1fff80c8                __cy_region_start_data = .
 *(.jcr)
 .jcr           0x1fff80c8        0x0 c:/program files (x86)/cypress/psoc creator/4.2/psoc creator/import/gnu/arm/5.4.1/bin/../lib/gcc/arm-none-eabi/5.4.1/armv7-m/crtbegin.o
 .jcr           0x1fff80c8        0x4 c:/program files (x86)/cypress/psoc creator/4.2/psoc creator/import/gnu/arm/5.4.1/bin/../lib/gcc/arm-none-eabi/5.4.1/armv7-m/crtend.o
 *(.got.plt)
 *(.got)
 *(.shdata)
 *(.data .data.* .gnu.linkonce.d.*)
 .data          0x1fff80cc        0x6 .\CortexM3\ARM_GCC_541\Debug\ProxSensor.a(CapSense.o)
                0x1fff80cc                CapSense_idacSettings
                0x1fff80d0                CapSense_widgetResolution
                0x1fff80d1                CapSense_lowLevelTuningDone
 *fill*         0x1fff80d2        0x2 
 .data          0x1fff80d4        0xd .\CortexM3\ARM_GCC_541\Debug\ProxSensor.a(CapSense_CSHL.o)
                0x1fff80d4                CapSense_debounce
                0x1fff80d8                CapSense_fingerThreshold
                0x1fff80dc                CapSense_hysteresis
                0x1fff80e0                CapSense_noiseThreshold
 *fill*         0x1fff80e1        0x3 
 .data          0x1fff80e4       0x34 .\CortexM3\ARM_GCC_541\Debug\ProxSensor.a(CapSense_SMS_Wrapper.o)
                0x1fff80e4                SMS_LIB_EndOfWidgInd
                0x1fff80e5                SMS_LIB_TotalScanSlCnt
                0x1fff80e6                SMS_LIB_TotalSnsCnt
                0x1fff80e8                SMS_LIB_Var2
                0x1fff80ea                SMS_LIB_Var1
                0x1fff80ec                SMS_LIB_SensorBaseline
                0x1fff80f0                SMS_LIB_SensorRaw
                0x1fff80f4                SMS_LIB_prescaler
                0x1fff80f8                SMS_LIB_idacSettings
                0x1fff80fc                SMS_LIB_fingerThreshold
                0x1fff8100                SMS_LIB_rawDataIndex
                0x1fff8104                SMS_LIB_numberOfSensors
                0x1fff8108                SMS_LIB_widgetNumber
                0x1fff810c                SMS_LIB_widgetResolution
                0x1fff8110                SMS_LIB_hysteresis
                0x1fff8114                SMS_LIB_noiseThreshold
 .data.impure_data
                0x1fff8118       0x60 c:/program files (x86)/cypress/psoc creator/4.2/psoc creator/import/gnu/arm/5.4.1/bin/../lib/gcc/arm-none-eabi/5.4.1/../../../../arm-none-eabi/lib/armv7-m\libg_nano.a(lib_a-impure.o)
 .data._impure_ptr
                0x1fff8178        0x4 c:/program files (x86)/cypress/psoc creator/4.2/psoc creator/import/gnu/arm/5.4.1/bin/../lib/gcc/arm-none-eabi/5.4.1/../../../../arm-none-eabi/lib/armv7-m\libg_nano.a(lib_a-impure.o)
                0x1fff8178                _impure_ptr
                0x1fff8180                . = ALIGN (0x8)
 *fill*         0x1fff817c        0x4 
 *(.ram)
                0x1fff8180                _edata = .

.igot.plt       0x1fff8180        0x0 load address 0x00001258
 .igot.plt      0x1fff8180        0x0 c:/program files (x86)/cypress/psoc creator/4.2/psoc creator/import/gnu/arm/5.4.1/bin/../lib/gcc/arm-none-eabi/5.4.1/armv7-m/crtbegin.o

.bss            0x1fff8180       0x68 load address 0x00001258
                0x1fff8180                PROVIDE (__bss_start__, .)
 *(.shbss)
 *(.bss .bss.* .gnu.linkonce.b.*)
 .bss           0x1fff8180       0x1c c:/program files (x86)/cypress/psoc creator/4.2/psoc creator/import/gnu/arm/5.4.1/bin/../lib/gcc/arm-none-eabi/5.4.1/armv7-m/crtbegin.o
 .bss           0x1fff819c        0x2 .\CortexM3\ARM_GCC_541\Debug\ProxSensor.a(CapSense.o)
                0x1fff819c                CapSense_sensorEnableMask
 *fill*         0x1fff819e        0x2 
 .bss           0x1fff81a0        0x2 .\CortexM3\ARM_GCC_541\Debug\ProxSensor.a(CapSense_CSHL.o)
                0x1fff81a0                CapSense_debounceCounter
 *(COMMON)
 *fill*         0x1fff81a2        0x2 
 COMMON         0x1fff81a4        0x7 .\CortexM3\ARM_GCC_541\Debug\ProxSensor.a(CapSense.o)
                0x1fff81a4                CapSense_sensorRaw
                0x1fff81a8                CapSense_analogSwitchDivider
                0x1fff81a9                CapSense_sensorIndex
                0x1fff81aa                CapSense_csv
 *fill*         0x1fff81ab        0x1 
 COMMON         0x1fff81ac       0x15 .\CortexM3\ARM_GCC_541\Debug\ProxSensor.a(CapSense_CSHL.o)
                0x1fff81ac                CapSense_lowBaselineResetCnt
                0x1fff81b0                CapSense_sensorBaselineLow
                0x1fff81b4                CapSense_sensorSignal
                0x1fff81b8                CapSense_sensorBaseline
                0x1fff81bc                CapSense_rawFilterData1
                0x1fff81c0                CapSense_sensorOnMask
 *fill*         0x1fff81c1        0x3 
 COMMON         0x1fff81c4       0x1d .\CortexM3\ARM_GCC_541\Debug\ProxSensor.a(CapSense_SMS_Wrapper.o)
                0x1fff81c4                SMS_LIB_Table4
                0x1fff81c8                SMS_LIB_Table7
                0x1fff81cc                SMS_LIB_Table8
                0x1fff81d0                SMS_LIB_Table2
                0x1fff81d4                SMS_LIB_Table5
                0x1fff81d8                SMS_LIB_Table9
                0x1fff81dc                SMS_LIB_Table6
                0x1fff81e0                SMS_LIB_Table3
                0x1fff81e8                . = ALIGN (0x8)
 *fill*         0x1fff81e1        0x7 
 *(.ram.b)
                0x1fff81e8                _end = .
                0x1fff81e8                __end = .
                0x1fff81e8                PROVIDE (end, .)
                0x1fff81e8                PROVIDE (__bss_end__, .)
                0x000011a0                __cy_region_init_ram = LOADADDR (.data)
                0x000000b8                __cy_region_init_size_ram = (_edata - ADDR (.data))
                0x00000068                __cy_region_zero_size_ram = (_end - _edata)

.heap           0x1fff81e8       0x80 load address 0x00001258
                0x1fff81e8                . = _end
                0x1fff8268                . = (. + 0x80)
 *fill*         0x1fff81e8       0x80 
                0x1fff8268                __cy_heap_limit = .

.stack          0x20007800      0x800
                0x20007800                __cy_stack_limit = .
                0x20008000                . = (. + 0x800)
 *fill*         0x20007800      0x800 
                0x00000001                ASSERT ((__cy_stack_limit >= __cy_heap_limit), region RAM overflowed with stack)
                0x00000000                cy_checksum_exclude_size = (CY_APPL_LOADABLE == 0x1)?SIZEOF (.cy_checksum_exclude):0x0
                0x00000001                ASSERT ((cy_checksum_exclude_size <= CY_CHECKSUM_EXCLUDE_SIZE), CY_BOOT: Section .cy_checksum_exclude size exceedes specified limit.)

.cyloadermeta
 *(.cyloadermeta)

.cyloadablemeta
 *(.cyloadablemeta)

.cyconfigecc    0x80000000      0x338
 *(.cyconfigecc)
 .cyconfigecc   0x80000000      0x338 .\CortexM3\ARM_GCC_541\Debug\cymetadata.o
                0x80000000                cy_meta_configecc

.cycustnvl      0x90000000        0x4
 *(.cycustnvl)
 .cycustnvl     0x90000000        0x4 .\CortexM3\ARM_GCC_541\Debug\cymetadata.o
                0x90000000                cy_meta_custnvl

.cywolatch      0x90100000        0x4
 *(.cywolatch)
 .cywolatch     0x90100000        0x4 .\CortexM3\ARM_GCC_541\Debug\cymetadata.o
                0x90100000                cy_meta_wonvl

.cyeeprom       0x90200000        0x0
 *(.cyeeprom)
                0x00000001                ASSERT ((. <= ((0x90200000 + ee_offset) + ee_size)), .cyeeprom data will not fit in EEPROM)

.cyflashprotect
                0x90400000      0x100
 *(.cyflashprotect)
 .cyflashprotect
                0x90400000      0x100 .\CortexM3\ARM_GCC_541\Debug\cymetadata.o
                0x90400000                cy_meta_flashprotect

.cymeta         0x90500000        0xc
 *(.cymeta)
 .cymeta        0x90500000        0xc .\CortexM3\ARM_GCC_541\Debug\cymetadata.o
                0x90500000                cy_metadata

.rel.dyn        0x00001258        0x0 load address 0x9050000c
 .rel.iplt      0x00001258        0x0 c:/program files (x86)/cypress/psoc creator/4.2/psoc creator/import/gnu/arm/5.4.1/bin/../lib/gcc/arm-none-eabi/5.4.1/armv7-m/crtbegin.o

.stab
 *(.stab)

.stabstr
 *(.stabstr)

.debug
 *(.debug)

.line
 *(.line)

.debug_srcinfo
 *(.debug_srcinfo)

.debug_sfnames
 *(.debug_sfnames)

.debug_aranges  0x00000000      0x900
 *(.debug_aranges)
 .debug_aranges
                0x00000000       0x20 .\CortexM3\ARM_GCC_541\Debug\main.o
 .debug_aranges
                0x00000020       0x68 .\CortexM3\ARM_GCC_541\Debug\cyfitter_cfg.o
 .debug_aranges
                0x00000088       0x18 .\CortexM3\ARM_GCC_541\Debug\cymetadata.o
 .debug_aranges
                0x000000a0       0x48 .\CortexM3\ARM_GCC_541\Debug\Cm3Start.o
 .debug_aranges
                0x000000e8       0xb0 .\CortexM3\ARM_GCC_541\Debug\ProxSensor.a(CapSense.o)
 .debug_aranges
                0x00000198       0x78 .\CortexM3\ARM_GCC_541\Debug\ProxSensor.a(CapSense_CSHL.o)
 .debug_aranges
                0x00000210       0x20 .\CortexM3\ARM_GCC_541\Debug\ProxSensor.a(CapSense_INT.o)
 .debug_aranges
                0x00000230       0x50 .\CortexM3\ARM_GCC_541\Debug\ProxSensor.a(CapSense_SMS_Wrapper.o)
 .debug_aranges
                0x00000280       0x38 .\CortexM3\ARM_GCC_541\Debug\ProxSensor.a(LED.o)
 .debug_aranges
                0x000002b8       0x70 .\CortexM3\ARM_GCC_541\Debug\ProxSensor.a(CapSense_CompCH0.o)
 .debug_aranges
                0x00000328       0x60 .\CortexM3\ARM_GCC_541\Debug\ProxSensor.a(CapSense_IdacCH0.o)
 .debug_aranges
                0x00000388       0x48 .\CortexM3\ARM_GCC_541\Debug\ProxSensor.a(CapSense_AMuxCH0.o)
 .debug_aranges
                0x000003d0       0x70 .\CortexM3\ARM_GCC_541\Debug\ProxSensor.a(CapSense_IntClock.o)
 .debug_aranges
                0x00000440      0x2a0 .\CortexM3\ARM_GCC_541\Debug\ProxSensor.a(CyLib.o)
 .debug_aranges
                0x000006e0       0x98 .\CortexM3\ARM_GCC_541\Debug\ProxSensor.a(cyPm.o)
 .debug_aranges
                0x00000778       0x20 .\CortexM3\ARM_GCC_541\Debug\ProxSensor.a(CyBootAsmGnu.o)
 .debug_aranges
                0x00000798       0x88 .\CortexM3\ARM_GCC_541\Debug\ProxSensor.a(CyFlash.o)
 .debug_aranges
                0x00000820       0x80 .\CortexM3\ARM_GCC_541\Debug\ProxSensor.a(CySpc.o)
 .debug_aranges
                0x000008a0       0x60 C:\Program Files (x86)\Cypress\PSoC Creator\4.2\PSoC Creator\psoc\content\CyComponentLibrary\CyComponentLibrary.cylib\CapSense_CSD_v3_50\Library\CapSenseLibrary_GCC.a(CapSense_CSD_SmartSense_v3_50.o)

.debug_pubnames
 *(.debug_pubnames)

.debug_info     0x00000000     0x5bce
 *(.debug_info .gnu.linkonce.wi.*)
 .debug_info    0x00000000      0x17a .\CortexM3\ARM_GCC_541\Debug\main.o
 .debug_info    0x0000017a      0x587 .\CortexM3\ARM_GCC_541\Debug\cyfitter_cfg.o
 .debug_info    0x00000701      0x135 .\CortexM3\ARM_GCC_541\Debug\cymetadata.o
 .debug_info    0x00000836      0x3bb .\CortexM3\ARM_GCC_541\Debug\Cm3Start.o
 .debug_info    0x00000bf1      0x81a .\CortexM3\ARM_GCC_541\Debug\ProxSensor.a(CapSense.o)
 .debug_info    0x0000140b      0x687 .\CortexM3\ARM_GCC_541\Debug\ProxSensor.a(CapSense_CSHL.o)
 .debug_info    0x00001a92      0x10d .\CortexM3\ARM_GCC_541\Debug\ProxSensor.a(CapSense_INT.o)
 .debug_info    0x00001b9f      0x4b3 .\CortexM3\ARM_GCC_541\Debug\ProxSensor.a(CapSense_SMS_Wrapper.o)
 .debug_info    0x00002052      0x11f .\CortexM3\ARM_GCC_541\Debug\ProxSensor.a(LED.o)
 .debug_info    0x00002171      0x2c8 .\CortexM3\ARM_GCC_541\Debug\ProxSensor.a(CapSense_CompCH0.o)
 .debug_info    0x00002439      0x209 .\CortexM3\ARM_GCC_541\Debug\ProxSensor.a(CapSense_IdacCH0.o)
 .debug_info    0x00002642      0x1d3 .\CortexM3\ARM_GCC_541\Debug\ProxSensor.a(CapSense_AMuxCH0.o)
 .debug_info    0x00002815      0x283 .\CortexM3\ARM_GCC_541\Debug\ProxSensor.a(CapSense_IntClock.o)
 .debug_info    0x00002a98     0x1374 .\CortexM3\ARM_GCC_541\Debug\ProxSensor.a(CyLib.o)
 .debug_info    0x00003e0c      0xa2a .\CortexM3\ARM_GCC_541\Debug\ProxSensor.a(cyPm.o)
 .debug_info    0x00004836       0x93 .\CortexM3\ARM_GCC_541\Debug\ProxSensor.a(CyBootAsmGnu.o)
 .debug_info    0x000048c9      0x64d .\CortexM3\ARM_GCC_541\Debug\ProxSensor.a(CyFlash.o)
 .debug_info    0x00004f16      0x550 .\CortexM3\ARM_GCC_541\Debug\ProxSensor.a(CySpc.o)
 .debug_info    0x00005466      0x768 C:\Program Files (x86)\Cypress\PSoC Creator\4.2\PSoC Creator\psoc\content\CyComponentLibrary\CyComponentLibrary.cylib\CapSense_CSD_v3_50\Library\CapSenseLibrary_GCC.a(CapSense_CSD_SmartSense_v3_50.o)

.debug_abbrev   0x00000000     0x186f
 *(.debug_abbrev)
 .debug_abbrev  0x00000000       0xa3 .\CortexM3\ARM_GCC_541\Debug\main.o
 .debug_abbrev  0x000000a3      0x21e .\CortexM3\ARM_GCC_541\Debug\cyfitter_cfg.o
 .debug_abbrev  0x000002c1       0x66 .\CortexM3\ARM_GCC_541\Debug\cymetadata.o
 .debug_abbrev  0x00000327      0x1e8 .\CortexM3\ARM_GCC_541\Debug\Cm3Start.o
 .debug_abbrev  0x0000050f      0x1b3 .\CortexM3\ARM_GCC_541\Debug\ProxSensor.a(CapSense.o)
 .debug_abbrev  0x000006c2      0x1e1 .\CortexM3\ARM_GCC_541\Debug\ProxSensor.a(CapSense_CSHL.o)
 .debug_abbrev  0x000008a3       0x85 .\CortexM3\ARM_GCC_541\Debug\ProxSensor.a(CapSense_INT.o)
 .debug_abbrev  0x00000928      0x104 .\CortexM3\ARM_GCC_541\Debug\ProxSensor.a(CapSense_SMS_Wrapper.o)
 .debug_abbrev  0x00000a2c       0x90 .\CortexM3\ARM_GCC_541\Debug\ProxSensor.a(LED.o)
 .debug_abbrev  0x00000abc      0x16e .\CortexM3\ARM_GCC_541\Debug\ProxSensor.a(CapSense_CompCH0.o)
 .debug_abbrev  0x00000c2a      0x106 .\CortexM3\ARM_GCC_541\Debug\ProxSensor.a(CapSense_IdacCH0.o)
 .debug_abbrev  0x00000d30       0xb3 .\CortexM3\ARM_GCC_541\Debug\ProxSensor.a(CapSense_AMuxCH0.o)
 .debug_abbrev  0x00000de3      0x139 .\CortexM3\ARM_GCC_541\Debug\ProxSensor.a(CapSense_IntClock.o)
 .debug_abbrev  0x00000f1c      0x254 .\CortexM3\ARM_GCC_541\Debug\ProxSensor.a(CyLib.o)
 .debug_abbrev  0x00001170      0x1ab .\CortexM3\ARM_GCC_541\Debug\ProxSensor.a(cyPm.o)
 .debug_abbrev  0x0000131b       0x14 .\CortexM3\ARM_GCC_541\Debug\ProxSensor.a(CyBootAsmGnu.o)
 .debug_abbrev  0x0000132f      0x1a7 .\CortexM3\ARM_GCC_541\Debug\ProxSensor.a(CyFlash.o)
 .debug_abbrev  0x000014d6      0x194 .\CortexM3\ARM_GCC_541\Debug\ProxSensor.a(CySpc.o)
 .debug_abbrev  0x0000166a      0x205 C:\Program Files (x86)\Cypress\PSoC Creator\4.2\PSoC Creator\psoc\content\CyComponentLibrary\CyComponentLibrary.cylib\CapSense_CSD_v3_50\Library\CapSenseLibrary_GCC.a(CapSense_CSD_SmartSense_v3_50.o)

.debug_line     0x00000000     0x25d4
 *(.debug_line)
 .debug_line    0x00000000      0x189 .\CortexM3\ARM_GCC_541\Debug\main.o
 .debug_line    0x00000189      0x203 .\CortexM3\ARM_GCC_541\Debug\cyfitter_cfg.o
 .debug_line    0x0000038c      0x141 .\CortexM3\ARM_GCC_541\Debug\cymetadata.o
 .debug_line    0x000004cd      0x234 .\CortexM3\ARM_GCC_541\Debug\Cm3Start.o
 .debug_line    0x00000701      0x2b2 .\CortexM3\ARM_GCC_541\Debug\ProxSensor.a(CapSense.o)
 .debug_line    0x000009b3      0x1ff .\CortexM3\ARM_GCC_541\Debug\ProxSensor.a(CapSense_CSHL.o)
 .debug_line    0x00000bb2       0x79 .\CortexM3\ARM_GCC_541\Debug\ProxSensor.a(CapSense_INT.o)
 .debug_line    0x00000c2b       0xf4 .\CortexM3\ARM_GCC_541\Debug\ProxSensor.a(CapSense_SMS_Wrapper.o)
 .debug_line    0x00000d1f       0x90 .\CortexM3\ARM_GCC_541\Debug\ProxSensor.a(LED.o)
 .debug_line    0x00000daf      0x16f .\CortexM3\ARM_GCC_541\Debug\ProxSensor.a(CapSense_CompCH0.o)
 .debug_line    0x00000f1e      0x104 .\CortexM3\ARM_GCC_541\Debug\ProxSensor.a(CapSense_IdacCH0.o)
 .debug_line    0x00001022       0xe7 .\CortexM3\ARM_GCC_541\Debug\ProxSensor.a(CapSense_AMuxCH0.o)
 .debug_line    0x00001109      0x180 .\CortexM3\ARM_GCC_541\Debug\ProxSensor.a(CapSense_IntClock.o)
 .debug_line    0x00001289      0x816 .\CortexM3\ARM_GCC_541\Debug\ProxSensor.a(CyLib.o)
 .debug_line    0x00001a9f      0x367 .\CortexM3\ARM_GCC_541\Debug\ProxSensor.a(cyPm.o)
 .debug_line    0x00001e06       0x66 .\CortexM3\ARM_GCC_541\Debug\ProxSensor.a(CyBootAsmGnu.o)
 .debug_line    0x00001e6c      0x21a .\CortexM3\ARM_GCC_541\Debug\ProxSensor.a(CyFlash.o)
 .debug_line    0x00002086      0x260 .\CortexM3\ARM_GCC_541\Debug\ProxSensor.a(CySpc.o)
 .debug_line    0x000022e6      0x2ee C:\Program Files (x86)\Cypress\PSoC Creator\4.2\PSoC Creator\psoc\content\CyComponentLibrary\CyComponentLibrary.cylib\CapSense_CSD_v3_50\Library\CapSenseLibrary_GCC.a(CapSense_CSD_SmartSense_v3_50.o)

.debug_frame    0x00000000     0x1854
 *(.debug_frame)
 .debug_frame   0x00000000       0x2c .\CortexM3\ARM_GCC_541\Debug\main.o
 .debug_frame   0x0000002c      0x104 .\CortexM3\ARM_GCC_541\Debug\cyfitter_cfg.o
 .debug_frame   0x00000130       0xb8 .\CortexM3\ARM_GCC_541\Debug\Cm3Start.o
 .debug_frame   0x000001e8      0x1dc .\CortexM3\ARM_GCC_541\Debug\ProxSensor.a(CapSense.o)
 .debug_frame   0x000003c4      0x154 .\CortexM3\ARM_GCC_541\Debug\ProxSensor.a(CapSense_CSHL.o)
 .debug_frame   0x00000518       0x2c .\CortexM3\ARM_GCC_541\Debug\ProxSensor.a(CapSense_INT.o)
 .debug_frame   0x00000544       0xc8 .\CortexM3\ARM_GCC_541\Debug\ProxSensor.a(CapSense_SMS_Wrapper.o)
 .debug_frame   0x0000060c       0x50 .\CortexM3\ARM_GCC_541\Debug\ProxSensor.a(LED.o)
 .debug_frame   0x0000065c      0x108 .\CortexM3\ARM_GCC_541\Debug\ProxSensor.a(CapSense_CompCH0.o)
 .debug_frame   0x00000764       0xd0 .\CortexM3\ARM_GCC_541\Debug\ProxSensor.a(CapSense_IdacCH0.o)
 .debug_frame   0x00000834       0xb8 .\CortexM3\ARM_GCC_541\Debug\ProxSensor.a(CapSense_AMuxCH0.o)
 .debug_frame   0x000008ec       0xe0 .\CortexM3\ARM_GCC_541\Debug\ProxSensor.a(CapSense_IntClock.o)
 .debug_frame   0x000009cc      0x738 .\CortexM3\ARM_GCC_541\Debug\ProxSensor.a(CyLib.o)
 .debug_frame   0x00001104      0x1f8 .\CortexM3\ARM_GCC_541\Debug\ProxSensor.a(cyPm.o)
 .debug_frame   0x000012fc      0x194 .\CortexM3\ARM_GCC_541\Debug\ProxSensor.a(CyFlash.o)
 .debug_frame   0x00001490      0x180 .\CortexM3\ARM_GCC_541\Debug\ProxSensor.a(CySpc.o)
 .debug_frame   0x00001610      0x168 C:\Program Files (x86)\Cypress\PSoC Creator\4.2\PSoC Creator\psoc\content\CyComponentLibrary\CyComponentLibrary.cylib\CapSense_CSD_v3_50\Library\CapSenseLibrary_GCC.a(CapSense_CSD_SmartSense_v3_50.o)
 .debug_frame   0x00001778       0x20 c:/program files (x86)/cypress/psoc creator/4.2/psoc creator/import/gnu/arm/5.4.1/bin/../lib/gcc/arm-none-eabi/5.4.1/armv7-m\libgcc.a(_udivsi3.o)
 .debug_frame   0x00001798       0x20 c:/program files (x86)/cypress/psoc creator/4.2/psoc creator/import/gnu/arm/5.4.1/bin/../lib/gcc/arm-none-eabi/5.4.1/../../../../arm-none-eabi/lib/armv7-m\libg_nano.a(lib_a-errno.o)
 .debug_frame   0x000017b8       0x28 c:/program files (x86)/cypress/psoc creator/4.2/psoc creator/import/gnu/arm/5.4.1/bin/../lib/gcc/arm-none-eabi/5.4.1/../../../../arm-none-eabi/lib/armv7-m\libg_nano.a(lib_a-exit.o)
 .debug_frame   0x000017e0       0x2c c:/program files (x86)/cypress/psoc creator/4.2/psoc creator/import/gnu/arm/5.4.1/bin/../lib/gcc/arm-none-eabi/5.4.1/../../../../arm-none-eabi/lib/armv7-m\libg_nano.a(lib_a-init.o)
 .debug_frame   0x0000180c       0x28 c:/program files (x86)/cypress/psoc creator/4.2/psoc creator/import/gnu/arm/5.4.1/bin/../lib/gcc/arm-none-eabi/5.4.1/../../../../arm-none-eabi/lib/armv7-m\libg_nano.a(lib_a-memcpy-stub.o)
 .debug_frame   0x00001834       0x20 c:/program files (x86)/cypress/psoc creator/4.2/psoc creator/import/gnu/arm/5.4.1/bin/../lib/gcc/arm-none-eabi/5.4.1/../../../../arm-none-eabi/lib/armv7-m\libg_nano.a(lib_a-memset.o)

.debug_str      0x00000000     0x2579
 *(.debug_str)
 .debug_str     0x00000000      0x219 .\CortexM3\ARM_GCC_541\Debug\main.o
                                0x261 (size before relaxing)
 .debug_str     0x00000219      0x1f9 .\CortexM3\ARM_GCC_541\Debug\cyfitter_cfg.o
                                0x384 (size before relaxing)
 .debug_str     0x00000412       0x7f .\CortexM3\ARM_GCC_541\Debug\cymetadata.o
                                0x1e7 (size before relaxing)
 .debug_str     0x00000491      0x13e .\CortexM3\ARM_GCC_541\Debug\Cm3Start.o
                                0x30d (size before relaxing)
 .debug_str     0x000005cf      0x463 .\CortexM3\ARM_GCC_541\Debug\ProxSensor.a(CapSense.o)
                                0x677 (size before relaxing)
 .debug_str     0x00000a32      0x296 .\CortexM3\ARM_GCC_541\Debug\ProxSensor.a(CapSense_CSHL.o)
                                0x576 (size before relaxing)
 .debug_str     0x00000cc8       0x3a .\CortexM3\ARM_GCC_541\Debug\ProxSensor.a(CapSense_INT.o)
                                0x21b (size before relaxing)
 .debug_str     0x00000d02      0x320 .\CortexM3\ARM_GCC_541\Debug\ProxSensor.a(CapSense_SMS_Wrapper.o)
                                0x62b (size before relaxing)
 .debug_str     0x00001022       0x57 .\CortexM3\ARM_GCC_541\Debug\ProxSensor.a(LED.o)
                                0x1db (size before relaxing)
 .debug_str     0x00001079      0x182 .\CortexM3\ARM_GCC_541\Debug\ProxSensor.a(CapSense_CompCH0.o)
                                0x35d (size before relaxing)
 .debug_str     0x000011fb       0x9c .\CortexM3\ARM_GCC_541\Debug\ProxSensor.a(CapSense_IdacCH0.o)
                                0x2b6 (size before relaxing)
 .debug_str     0x00001297       0xe5 .\CortexM3\ARM_GCC_541\Debug\ProxSensor.a(CapSense_AMuxCH0.o)
                                0x29e (size before relaxing)
 .debug_str     0x0000137c      0x1ab .\CortexM3\ARM_GCC_541\Debug\ProxSensor.a(CapSense_IntClock.o)
                                0x369 (size before relaxing)
 .debug_str     0x00001527      0x7ed .\CortexM3\ARM_GCC_541\Debug\ProxSensor.a(CyLib.o)
                                0xa4a (size before relaxing)
 .debug_str     0x00001d14      0x365 .\CortexM3\ARM_GCC_541\Debug\ProxSensor.a(cyPm.o)
                                0x736 (size before relaxing)
 .debug_str     0x00002079      0x1bb .\CortexM3\ARM_GCC_541\Debug\ProxSensor.a(CyFlash.o)
                                0x3c3 (size before relaxing)
 .debug_str     0x00002234       0xac .\CortexM3\ARM_GCC_541\Debug\ProxSensor.a(CySpc.o)
                                0x33b (size before relaxing)
 .debug_str     0x000022e0      0x299 C:\Program Files (x86)\Cypress\PSoC Creator\4.2\PSoC Creator\psoc\content\CyComponentLibrary\CyComponentLibrary.cylib\CapSense_CSD_v3_50\Library\CapSenseLibrary_GCC.a(CapSense_CSD_SmartSense_v3_50.o)
                                0x63b (size before relaxing)

.debug_loc      0x00000000     0x2b71
 *(.debug_loc)
 .debug_loc     0x00000000      0x219 .\CortexM3\ARM_GCC_541\Debug\cyfitter_cfg.o
 .debug_loc     0x00000219      0x144 .\CortexM3\ARM_GCC_541\Debug\Cm3Start.o
 .debug_loc     0x0000035d      0x1dc .\CortexM3\ARM_GCC_541\Debug\ProxSensor.a(CapSense.o)
 .debug_loc     0x00000539      0x3dd .\CortexM3\ARM_GCC_541\Debug\ProxSensor.a(CapSense_CSHL.o)
 .debug_loc     0x00000916       0x63 .\CortexM3\ARM_GCC_541\Debug\ProxSensor.a(CapSense_SMS_Wrapper.o)
 .debug_loc     0x00000979       0x42 .\CortexM3\ARM_GCC_541\Debug\ProxSensor.a(LED.o)
 .debug_loc     0x000009bb       0xed .\CortexM3\ARM_GCC_541\Debug\ProxSensor.a(CapSense_CompCH0.o)
 .debug_loc     0x00000aa8       0x76 .\CortexM3\ARM_GCC_541\Debug\ProxSensor.a(CapSense_IdacCH0.o)
 .debug_loc     0x00000b1e       0x6c .\CortexM3\ARM_GCC_541\Debug\ProxSensor.a(CapSense_AMuxCH0.o)
 .debug_loc     0x00000b8a      0x12c .\CortexM3\ARM_GCC_541\Debug\ProxSensor.a(CapSense_IntClock.o)
 .debug_loc     0x00000cb6      0xa11 .\CortexM3\ARM_GCC_541\Debug\ProxSensor.a(CyLib.o)
 .debug_loc     0x000016c7      0x1e4 .\CortexM3\ARM_GCC_541\Debug\ProxSensor.a(cyPm.o)
 .debug_loc     0x000018ab      0x3b2 .\CortexM3\ARM_GCC_541\Debug\ProxSensor.a(CyFlash.o)
 .debug_loc     0x00001c5d      0x705 .\CortexM3\ARM_GCC_541\Debug\ProxSensor.a(CySpc.o)
 .debug_loc     0x00002362      0x80f C:\Program Files (x86)\Cypress\PSoC Creator\4.2\PSoC Creator\psoc\content\CyComponentLibrary\CyComponentLibrary.cylib\CapSense_CSD_v3_50\Library\CapSenseLibrary_GCC.a(CapSense_CSD_SmartSense_v3_50.o)

.debug_macinfo
 *(.debug_macinfo)

.debug_ranges   0x00000000      0x7b8
 *(.debug_ranges)
 .debug_ranges  0x00000000       0x10 .\CortexM3\ARM_GCC_541\Debug\main.o
 .debug_ranges  0x00000010       0x58 .\CortexM3\ARM_GCC_541\Debug\cyfitter_cfg.o
 .debug_ranges  0x00000068       0x38 .\CortexM3\ARM_GCC_541\Debug\Cm3Start.o
 .debug_ranges  0x000000a0       0xa0 .\CortexM3\ARM_GCC_541\Debug\ProxSensor.a(CapSense.o)
 .debug_ranges  0x00000140       0x68 .\CortexM3\ARM_GCC_541\Debug\ProxSensor.a(CapSense_CSHL.o)
 .debug_ranges  0x000001a8       0x10 .\CortexM3\ARM_GCC_541\Debug\ProxSensor.a(CapSense_INT.o)
 .debug_ranges  0x000001b8       0x40 .\CortexM3\ARM_GCC_541\Debug\ProxSensor.a(CapSense_SMS_Wrapper.o)
 .debug_ranges  0x000001f8       0x28 .\CortexM3\ARM_GCC_541\Debug\ProxSensor.a(LED.o)
 .debug_ranges  0x00000220       0x60 .\CortexM3\ARM_GCC_541\Debug\ProxSensor.a(CapSense_CompCH0.o)
 .debug_ranges  0x00000280       0x50 .\CortexM3\ARM_GCC_541\Debug\ProxSensor.a(CapSense_IdacCH0.o)
 .debug_ranges  0x000002d0       0x38 .\CortexM3\ARM_GCC_541\Debug\ProxSensor.a(CapSense_AMuxCH0.o)
 .debug_ranges  0x00000308       0x60 .\CortexM3\ARM_GCC_541\Debug\ProxSensor.a(CapSense_IntClock.o)
 .debug_ranges  0x00000368      0x290 .\CortexM3\ARM_GCC_541\Debug\ProxSensor.a(CyLib.o)
 .debug_ranges  0x000005f8       0x88 .\CortexM3\ARM_GCC_541\Debug\ProxSensor.a(cyPm.o)
 .debug_ranges  0x00000680       0x78 .\CortexM3\ARM_GCC_541\Debug\ProxSensor.a(CyFlash.o)
 .debug_ranges  0x000006f8       0x70 .\CortexM3\ARM_GCC_541\Debug\ProxSensor.a(CySpc.o)
 .debug_ranges  0x00000768       0x50 C:\Program Files (x86)\Cypress\PSoC Creator\4.2\PSoC Creator\psoc\content\CyComponentLibrary\CyComponentLibrary.cylib\CapSense_CSD_v3_50\Library\CapSenseLibrary_GCC.a(CapSense_CSD_SmartSense_v3_50.o)

.comment        0x00000000       0xde
 .comment       0x00000000       0x6e .\CortexM3\ARM_GCC_541\Debug\main.o
                                 0x6f (size before relaxing)
 .comment       0x0000006e       0x6f .\CortexM3\ARM_GCC_541\Debug\cyfitter_cfg.o
 .comment       0x0000006e       0x6f .\CortexM3\ARM_GCC_541\Debug\cymetadata.o
 .comment       0x0000006e       0x6f .\CortexM3\ARM_GCC_541\Debug\Cm3Start.o
 .comment       0x0000006e       0x6f .\CortexM3\ARM_GCC_541\Debug\ProxSensor.a(CapSense.o)
 .comment       0x0000006e       0x6f .\CortexM3\ARM_GCC_541\Debug\ProxSensor.a(CapSense_CSHL.o)
 .comment       0x0000006e       0x6f .\CortexM3\ARM_GCC_541\Debug\ProxSensor.a(CapSense_INT.o)
 .comment       0x0000006e       0x6f .\CortexM3\ARM_GCC_541\Debug\ProxSensor.a(CapSense_SMS_Wrapper.o)
 .comment       0x0000006e       0x6f .\CortexM3\ARM_GCC_541\Debug\ProxSensor.a(LED.o)
 .comment       0x0000006e       0x6f .\CortexM3\ARM_GCC_541\Debug\ProxSensor.a(CapSense_CompCH0.o)
 .comment       0x0000006e       0x6f .\CortexM3\ARM_GCC_541\Debug\ProxSensor.a(CapSense_IdacCH0.o)
 .comment       0x0000006e       0x6f .\CortexM3\ARM_GCC_541\Debug\ProxSensor.a(CapSense_AMuxCH0.o)
 .comment       0x0000006e       0x6f .\CortexM3\ARM_GCC_541\Debug\ProxSensor.a(CapSense_IntClock.o)
 .comment       0x0000006e       0x6f .\CortexM3\ARM_GCC_541\Debug\ProxSensor.a(CyLib.o)
 .comment       0x0000006e       0x6f .\CortexM3\ARM_GCC_541\Debug\ProxSensor.a(cyPm.o)
 .comment       0x0000006e       0x6f .\CortexM3\ARM_GCC_541\Debug\ProxSensor.a(CyFlash.o)
 .comment       0x0000006e       0x6f .\CortexM3\ARM_GCC_541\Debug\ProxSensor.a(CySpc.o)
 .comment       0x0000006e       0x70 C:\Program Files (x86)\Cypress\PSoC Creator\4.2\PSoC Creator\psoc\content\CyComponentLibrary\CyComponentLibrary.cylib\CapSense_CSD_v3_50\Library\CapSenseLibrary_GCC.a(CapSense_CSD_SmartSense_v3_50.o)
                                 0x71 (size before relaxing)

.debug_weaknames
 *(.debug_weaknames)

.debug_funcnames
 *(.debug_funcnames)

.debug_typenames
 *(.debug_typenames)

.debug_varnames
 *(.debug_varnames)

.note.gnu.arm.ident
 *(.note.gnu.arm.ident)

.ARM.attributes
                0x00000000       0x29
 *(.ARM.attributes)
 .ARM.attributes
                0x00000000       0x1d c:/program files (x86)/cypress/psoc creator/4.2/psoc creator/import/gnu/arm/5.4.1/bin/../lib/gcc/arm-none-eabi/5.4.1/armv7-m/crti.o
 .ARM.attributes
                0x0000001d       0x2d c:/program files (x86)/cypress/psoc creator/4.2/psoc creator/import/gnu/arm/5.4.1/bin/../lib/gcc/arm-none-eabi/5.4.1/armv7-m/crtbegin.o
 .ARM.attributes
                0x0000004a       0x1b c:/program files (x86)/cypress/psoc creator/4.2/psoc creator/import/gnu/arm/5.4.1/bin/../lib/gcc/arm-none-eabi/5.4.1/../../../../arm-none-eabi/lib/armv7-m/crt0.o
 .ARM.attributes
                0x00000065       0x33 .\CortexM3\ARM_GCC_541\Debug\main.o
 .ARM.attributes
                0x00000098       0x33 .\CortexM3\ARM_GCC_541\Debug\cyfitter_cfg.o
 .ARM.attributes
                0x000000cb       0x33 .\CortexM3\ARM_GCC_541\Debug\cymetadata.o
 .ARM.attributes
                0x000000fe       0x33 .\CortexM3\ARM_GCC_541\Debug\Cm3Start.o
 .ARM.attributes
                0x00000131       0x33 .\CortexM3\ARM_GCC_541\Debug\ProxSensor.a(CapSense.o)
 .ARM.attributes
                0x00000164       0x33 .\CortexM3\ARM_GCC_541\Debug\ProxSensor.a(CapSense_CSHL.o)
 .ARM.attributes
                0x00000197       0x33 .\CortexM3\ARM_GCC_541\Debug\ProxSensor.a(CapSense_INT.o)
 .ARM.attributes
                0x000001ca       0x33 .\CortexM3\ARM_GCC_541\Debug\ProxSensor.a(CapSense_SMS_Wrapper.o)
 .ARM.attributes
                0x000001fd       0x33 .\CortexM3\ARM_GCC_541\Debug\ProxSensor.a(LED.o)
 .ARM.attributes
                0x00000230       0x33 .\CortexM3\ARM_GCC_541\Debug\ProxSensor.a(CapSense_CompCH0.o)
 .ARM.attributes
                0x00000263       0x33 .\CortexM3\ARM_GCC_541\Debug\ProxSensor.a(CapSense_IdacCH0.o)
 .ARM.attributes
                0x00000296       0x33 .\CortexM3\ARM_GCC_541\Debug\ProxSensor.a(CapSense_AMuxCH0.o)
 .ARM.attributes
                0x000002c9       0x33 .\CortexM3\ARM_GCC_541\Debug\ProxSensor.a(CapSense_IntClock.o)
 .ARM.attributes
                0x000002fc       0x33 .\CortexM3\ARM_GCC_541\Debug\ProxSensor.a(CyLib.o)
 .ARM.attributes
                0x0000032f       0x33 .\CortexM3\ARM_GCC_541\Debug\ProxSensor.a(cyPm.o)
 .ARM.attributes
                0x00000362       0x21 .\CortexM3\ARM_GCC_541\Debug\ProxSensor.a(CyBootAsmGnu.o)
 .ARM.attributes
                0x00000383       0x33 .\CortexM3\ARM_GCC_541\Debug\ProxSensor.a(CyFlash.o)
 .ARM.attributes
                0x000003b6       0x33 .\CortexM3\ARM_GCC_541\Debug\ProxSensor.a(CySpc.o)
 .ARM.attributes
                0x000003e9       0x31 C:\Program Files (x86)\Cypress\PSoC Creator\4.2\PSoC Creator\psoc\content\CyComponentLibrary\CyComponentLibrary.cylib\CapSense_CSD_v3_50\Library\CapSenseLibrary_GCC.a(CapSense_CSD_SmartSense_v3_50.o)
 .ARM.attributes
                0x0000041a       0x1d c:/program files (x86)/cypress/psoc creator/4.2/psoc creator/import/gnu/arm/5.4.1/bin/../lib/gcc/arm-none-eabi/5.4.1/armv7-m\libgcc.a(_udivsi3.o)
 .ARM.attributes
                0x00000437       0x1d c:/program files (x86)/cypress/psoc creator/4.2/psoc creator/import/gnu/arm/5.4.1/bin/../lib/gcc/arm-none-eabi/5.4.1/armv7-m\libgcc.a(_dvmd_tls.o)
 .ARM.attributes
                0x00000454       0x2d c:/program files (x86)/cypress/psoc creator/4.2/psoc creator/import/gnu/arm/5.4.1/bin/../lib/gcc/arm-none-eabi/5.4.1/../../../../arm-none-eabi/lib/armv7-m\libg_nano.a(lib_a-errno.o)
 .ARM.attributes
                0x00000481       0x2d c:/program files (x86)/cypress/psoc creator/4.2/psoc creator/import/gnu/arm/5.4.1/bin/../lib/gcc/arm-none-eabi/5.4.1/../../../../arm-none-eabi/lib/armv7-m\libg_nano.a(lib_a-exit.o)
 .ARM.attributes
                0x000004ae       0x2d c:/program files (x86)/cypress/psoc creator/4.2/psoc creator/import/gnu/arm/5.4.1/bin/../lib/gcc/arm-none-eabi/5.4.1/../../../../arm-none-eabi/lib/armv7-m\libg_nano.a(lib_a-impure.o)
 .ARM.attributes
                0x000004db       0x2d c:/program files (x86)/cypress/psoc creator/4.2/psoc creator/import/gnu/arm/5.4.1/bin/../lib/gcc/arm-none-eabi/5.4.1/../../../../arm-none-eabi/lib/armv7-m\libg_nano.a(lib_a-init.o)
 .ARM.attributes
                0x00000508       0x2d c:/program files (x86)/cypress/psoc creator/4.2/psoc creator/import/gnu/arm/5.4.1/bin/../lib/gcc/arm-none-eabi/5.4.1/../../../../arm-none-eabi/lib/armv7-m\libg_nano.a(lib_a-memcpy-stub.o)
 .ARM.attributes
                0x00000535       0x2d c:/program files (x86)/cypress/psoc creator/4.2/psoc creator/import/gnu/arm/5.4.1/bin/../lib/gcc/arm-none-eabi/5.4.1/../../../../arm-none-eabi/lib/armv7-m\libg_nano.a(lib_a-memset.o)
 .ARM.attributes
                0x00000562       0x2d c:/program files (x86)/cypress/psoc creator/4.2/psoc creator/import/gnu/arm/5.4.1/bin/../lib/gcc/arm-none-eabi/5.4.1/armv7-m/crtend.o
 .ARM.attributes
                0x0000058f       0x1d c:/program files (x86)/cypress/psoc creator/4.2/psoc creator/import/gnu/arm/5.4.1/bin/../lib/gcc/arm-none-eabi/5.4.1/armv7-m/crtn.o

/DISCARD/
 *(.note.GNU-stack)
OUTPUT(C:\Users\isaac\Documents\PSoC Creator\P3_ProxSensor\ProxSensor.cydsn\CortexM3\ARM_GCC_541\Debug\ProxSensor.elf elf32-littlearm)
