Archive member included to satisfy reference by file (symbol)

.\CortexM3\ARM_GCC_541\Debug\Reciever.a(LCD.o)
                              .\CortexM3\ARM_GCC_541\Debug\main.o (LCD_PrintString)
.\CortexM3\ARM_GCC_541\Debug\Reciever.a(UART.o)
                              .\CortexM3\ARM_GCC_541\Debug\main.o (UART_Start)
.\CortexM3\ARM_GCC_541\Debug\Reciever.a(com.o)
                              .\CortexM3\ARM_GCC_541\Debug\main.o (com_StartEx)
.\CortexM3\ARM_GCC_541\Debug\Reciever.a(PWM_1.o)
                              .\CortexM3\ARM_GCC_541\Debug\main.o (PWM_1_WriteCompare)
.\CortexM3\ARM_GCC_541\Debug\Reciever.a(PWM_2.o)
                              .\CortexM3\ARM_GCC_541\Debug\main.o (PWM_2_WriteCompare)
.\CortexM3\ARM_GCC_541\Debug\Reciever.a(PWM_3.o)
                              .\CortexM3\ARM_GCC_541\Debug\main.o (PWM_3_WriteCompare)
.\CortexM3\ARM_GCC_541\Debug\Reciever.a(PWM_4.o)
                              .\CortexM3\ARM_GCC_541\Debug\main.o (PWM_4_WriteCompare)
.\CortexM3\ARM_GCC_541\Debug\Reciever.a(PWM_5.o)
                              .\CortexM3\ARM_GCC_541\Debug\main.o (PWM_5_WriteCompare)
.\CortexM3\ARM_GCC_541\Debug\Reciever.a(Clock_1.o)
                              .\CortexM3\ARM_GCC_541\Debug\main.o (Clock_1_Start)
.\CortexM3\ARM_GCC_541\Debug\Reciever.a(UART_IntClock.o)
                              .\CortexM3\ARM_GCC_541\Debug\Reciever.a(UART.o) (UART_IntClock_Start)
.\CortexM3\ARM_GCC_541\Debug\Reciever.a(CyDmac.o)
                              .\CortexM3\ARM_GCC_541\Debug\Cm3Start.o (CyDmacConfigure)
.\CortexM3\ARM_GCC_541\Debug\Reciever.a(CyLib.o)
                              .\CortexM3\ARM_GCC_541\Debug\Cm3Start.o (CyHalt)
.\CortexM3\ARM_GCC_541\Debug\Reciever.a(cyPm.o)
                              .\CortexM3\ARM_GCC_541\Debug\Reciever.a(CyLib.o) (CyPmReadStatus)
.\CortexM3\ARM_GCC_541\Debug\Reciever.a(PWM_6.o)
                              .\CortexM3\ARM_GCC_541\Debug\main.o (PWM_6_WriteCompare)
.\CortexM3\ARM_GCC_541\Debug\Reciever.a(PWM_7.o)
                              .\CortexM3\ARM_GCC_541\Debug\main.o (PWM_7_WriteCompare)
.\CortexM3\ARM_GCC_541\Debug\Reciever.a(PWM_8.o)
                              .\CortexM3\ARM_GCC_541\Debug\main.o (PWM_8_WriteCompare)
.\CortexM3\ARM_GCC_541\Debug\Reciever.a(PWM_9.o)
                              .\CortexM3\ARM_GCC_541\Debug\main.o (PWM_9_WriteCompare)
.\CortexM3\ARM_GCC_541\Debug\Reciever.a(ADC.o)
                              .\CortexM3\ARM_GCC_541\Debug\main.o (ADC_Start)
.\CortexM3\ARM_GCC_541\Debug\Reciever.a(ADC_INT.o)
                              .\CortexM3\ARM_GCC_541\Debug\Reciever.a(ADC.o) (ADC_ISR)
.\CortexM3\ARM_GCC_541\Debug\Reciever.a(MODE.o)
                              .\CortexM3\ARM_GCC_541\Debug\main.o (MODE_Read)
.\CortexM3\ARM_GCC_541\Debug\Reciever.a(ADC_SAR.o)
                              .\CortexM3\ARM_GCC_541\Debug\Reciever.a(ADC.o) (ADC_SAR_shift)
.\CortexM3\ARM_GCC_541\Debug\Reciever.a(ADC_TempBuf_dma.o)
                              .\CortexM3\ARM_GCC_541\Debug\Reciever.a(ADC.o) (ADC_TempBuf_DmaInitialize)
.\CortexM3\ARM_GCC_541\Debug\Reciever.a(ADC_FinalBuf_dma.o)
                              .\CortexM3\ARM_GCC_541\Debug\Reciever.a(ADC.o) (ADC_FinalBuf_DmaInitialize)
.\CortexM3\ARM_GCC_541\Debug\Reciever.a(ADC_IRQ.o)
                              .\CortexM3\ARM_GCC_541\Debug\Reciever.a(ADC.o) (ADC_IRQ_SetVector)
.\CortexM3\ARM_GCC_541\Debug\Reciever.a(CyBootAsmGnu.o)
                              .\CortexM3\ARM_GCC_541\Debug\cyfitter_cfg.o (CyDelayCycles)
.\CortexM3\ARM_GCC_541\Debug\Reciever.a(CyFlash.o)
                              .\CortexM3\ARM_GCC_541\Debug\Reciever.a(cyPm.o) (CyFlash_SetWaitCycles)
.\CortexM3\ARM_GCC_541\Debug\Reciever.a(CySpc.o)
                              .\CortexM3\ARM_GCC_541\Debug\Reciever.a(CyFlash.o) (CySpcStart)
c:/program files (x86)/cypress/psoc creator/4.2/psoc creator/import/gnu/arm/5.4.1/bin/../lib/gcc/arm-none-eabi/5.4.1/armv7-m\libgcc.a(_arm_addsubdf3.o)
                              .\CortexM3\ARM_GCC_541\Debug\main.o (__aeabi_dadd)
c:/program files (x86)/cypress/psoc creator/4.2/psoc creator/import/gnu/arm/5.4.1/bin/../lib/gcc/arm-none-eabi/5.4.1/armv7-m\libgcc.a(_arm_muldivdf3.o)
                              .\CortexM3\ARM_GCC_541\Debug\main.o (__aeabi_dmul)
c:/program files (x86)/cypress/psoc creator/4.2/psoc creator/import/gnu/arm/5.4.1/bin/../lib/gcc/arm-none-eabi/5.4.1/armv7-m\libgcc.a(_arm_fixdfsi.o)
                              .\CortexM3\ARM_GCC_541\Debug\main.o (__aeabi_d2iz)
c:/program files (x86)/cypress/psoc creator/4.2/psoc creator/import/gnu/arm/5.4.1/bin/../lib/gcc/arm-none-eabi/5.4.1/armv7-m\libgcc.a(_arm_addsubsf3.o)
                              .\CortexM3\ARM_GCC_541\Debug\Reciever.a(ADC_SAR.o) (__aeabi_i2f)
c:/program files (x86)/cypress/psoc creator/4.2/psoc creator/import/gnu/arm/5.4.1/bin/../lib/gcc/arm-none-eabi/5.4.1/armv7-m\libgcc.a(_arm_muldivsf3.o)
[...]
Memory Configuration

Name             Origin             Length             Attributes
rom              0x00000000         0x00040000         xr
ram              0x1fff8000         0x00010000         xrw
*default*        0x00000000         0xffffffff

Linker script and memory map

LOAD c:/program files (x86)/cypress/psoc creator/4.2/psoc creator/import/gnu/arm/5.4.1/bin/../lib/gcc/arm-none-eabi/5.4.1/armv7-m/crti.o
LOAD c:/program files (x86)/cypress/psoc creator/4.2/psoc creator/import/gnu/arm/5.4.1/bin/../lib/gcc/arm-none-eabi/5.4.1/armv7-m/crtbegin.o
LOAD c:/program files (x86)/cypress/psoc creator/4.2/psoc creator/import/gnu/arm/5.4.1/bin/../lib/gcc/arm-none-eabi/5.4.1/../../../../arm-none-eabi/lib/armv7-m/crt0.o
START GROUP
LOAD .\CortexM3\ARM_GCC_541\Debug\main.o
LOAD .\CortexM3\ARM_GCC_541\Debug\cyfitter_cfg.o
LOAD .\CortexM3\ARM_GCC_541\Debug\cymetadata.o
LOAD .\CortexM3\ARM_GCC_541\Debug\Cm3Start.o
LOAD .\CortexM3\ARM_GCC_541\Debug\Reciever.a
LOAD C:\Program Files (x86)\Cypress\PSoC Creator\4.2\PSoC Creator\psoc\content\cycomponentlibrary\CyComponentLibrary.cylib\CortexM3\ARM_GCC_541\Debug\CyComponentLibrary.a
END GROUP
START GROUP
LOAD c:/program files (x86)/cypress/psoc creator/4.2/psoc creator/import/gnu/arm/5.4.1/bin/../lib/gcc/arm-none-eabi/5.4.1/armv7-m\libgcc.a
LOAD c:/program files (x86)/cypress/psoc creator/4.2/psoc creator/import/gnu/arm/5.4.1/bin/../lib/gcc/arm-none-eabi/5.4.1/../../../../arm-none-eabi/lib/armv7-m\libg_nano.a
LOAD c:/program files (x86)/cypress/psoc creator/4.2/psoc creator/import/gnu/arm/5.4.1/bin/../lib/gcc/arm-none-eabi/5.4.1/../../../../arm-none-eabi/lib/armv7-m\libc_nano.a
END GROUP
START GROUP
LOAD c:/program files (x86)/cypress/psoc creator/4.2/psoc creator/import/gnu/arm/5.4.1/bin/../lib/gcc/arm-none-eabi/5.4.1/armv7-m\libgcc.a
LOAD c:/program files (x86)/cypress/psoc creator/4.2/psoc creator/import/gnu/arm/5.4.1/bin/../lib/gcc/arm-none-eabi/5.4.1/../../../../arm-none-eabi/lib/armv7-m\libc_nano.a
END GROUP
LOAD c:/program files (x86)/cypress/psoc creator/4.2/psoc creator/import/gnu/arm/5.4.1/bin/../lib/gcc/arm-none-eabi/5.4.1/armv7-m/crtend.o
LOAD c:/program files (x86)/cypress/psoc creator/4.2/psoc creator/import/gnu/arm/5.4.1/bin/../lib/gcc/arm-none-eabi/5.4.1/armv7-m/crtn.o
START GROUP
LOAD c:/program files (x86)/cypress/psoc creator/4.2/psoc creator/import/gnu/arm/5.4.1/bin/../lib/gcc/arm-none-eabi/5.4.1/armv7-m\libgcc.a
LOAD c:/program files (x86)/cypress/psoc creator/4.2/psoc creator/import/gnu/arm/5.4.1/bin/../lib/gcc/arm-none-eabi/5.4.1/../../../../arm-none-eabi/lib/armv7-m\libc.a
LOAD c:/program files (x86)/cypress/psoc creator/4.2/psoc creator/import/gnu/arm/5.4.1/bin/../lib/gcc/arm-none-eabi/5.4.1/../../../../arm-none-eabi/lib/armv7-m\libnosys.a
END GROUP
                0x00000000                CY_APPL_ORIGIN = 0x0
                0x00000100                CY_FLASH_ROW_SIZE = 0x100
                0x00000020                CY_ECC_ROW_SIZE = 0x20
                0x00000000                CY_EE_IN_BTLDR = 0x0
                0x00000000                CY_APPL_LOADABLE = 0x0
                0x00000800                CY_EE_SIZE = 0x800
                0x00000001                CY_APPL_NUM = 0x1
                0x00000001                CY_APPL_MAX = 0x1
                0x00000040                CY_METADATA_SIZE = 0x40
                0x00000000                CY_APPL_LOADABLE = 0x0
                0x00000000                CY_CHECKSUM_EXCLUDE_SIZE = ALIGN (0x0, CY_FLASH_ROW_SIZE)
                [!provide]                PROVIDE (__cy_heap_start, _end)
                0x00000001                PROVIDE (__cy_region_num, ((__cy_regions_end - __cy_regions) / 0x10))
                0x20008000                PROVIDE (__cy_stack, (ORIGIN (ram) + LENGTH (ram)))
                [!provide]                PROVIDE (__cy_heap_end, (__cy_stack - 0x800))

.cybootloader   0x00000000        0x0
 *(.cybootloader)
                0x00000000                appl1_start = CY_APPL_ORIGIN?CY_APPL_ORIGIN:ALIGN (CY_FLASH_ROW_SIZE)
                0x0001ff00                appl2_start = (appl1_start + ALIGN ((((LENGTH (rom) - appl1_start) - (0x2 * CY_FLASH_ROW_SIZE)) / 0x2), CY_FLASH_ROW_SIZE))
                0x00000000                appl_start = (CY_APPL_NUM == 0x1)?appl1_start:appl2_start
                0x00000000                ecc_offset = ((appl_start / CY_FLASH_ROW_SIZE) * CY_ECC_ROW_SIZE)
                0x00000000                ee_offset = (CY_APPL_LOADABLE && ! (CY_EE_IN_BTLDR))?((CY_EE_SIZE / CY_APPL_MAX) * (CY_APPL_NUM - 0x1)):0x0
                0x00000800                ee_size = (CY_APPL_LOADABLE && ! (CY_EE_IN_BTLDR))?(CY_EE_SIZE / CY_APPL_MAX):CY_EE_SIZE
                [!provide]                PROVIDE (CY_ECC_OFFSET, ecc_offset)

.text           0x00000000     0x21b2
 CREATE_OBJECT_SYMBOLS
                0x00000000                PROVIDE (__cy_interrupt_vector, RomVectors)
 *(.romvectors)
 .romvectors    0x00000000       0x10 .\CortexM3\ARM_GCC_541\Debug\Cm3Start.o
                0x00000000                RomVectors
                0x00000001                ASSERT ((. != __cy_interrupt_vector), No interrupt vector)
                0x00000001                ASSERT (CY_APPL_ORIGIN?(SIZEOF (.cybootloader) <= CY_APPL_ORIGIN):0x1, Wrong image location)
                0x00000010                PROVIDE (__cy_reset, Reset)
 *(.text.Reset)
 .text.Reset    0x00000010       0x18 .\CortexM3\ARM_GCC_541\Debug\Cm3Start.o
                0x00000010                Reset
                0x00000001                ASSERT ((. != __cy_reset), No reset code)
 *(.dma_init)
                0x00000001                ASSERT ((((appl_start + .) <= 0x10000) || 0x1), DMA Init must be within the first 64k of flash)
 *(.text .text.* .gnu.linkonce.t.*)
 .text          0x00000028       0x5c c:/program files (x86)/cypress/psoc creator/4.2/psoc creator/import/gnu/arm/5.4.1/bin/../lib/gcc/arm-none-eabi/5.4.1/armv7-m/crtbegin.o
 .text.com_handler
                0x00000084       0xe4 .\CortexM3\ARM_GCC_541\Debug\main.o
                0x00000084                com_handler
 .text.stringtoint
                0x00000168       0x7c .\CortexM3\ARM_GCC_541\Debug\main.o
                0x00000168                stringtoint
 *fill*         0x000001e4        0x4 
 .text.main     0x000001e8      0x1f4 .\CortexM3\ARM_GCC_541\Debug\main.o
                0x000001e8                main
 .text.CyClockStartupError
                0x000003dc        0x4 .\CortexM3\ARM_GCC_541\Debug\cyfitter_cfg.o
 .text.cfg_write_bytes32
                0x000003e0       0x34 .\CortexM3\ARM_GCC_541\Debug\cyfitter_cfg.o
 .text.CYMEMZERO
                0x00000414        0xc .\CortexM3\ARM_GCC_541\Debug\cyfitter_cfg.o
 .text.ClockSetup
                0x00000420       0xd4 .\CortexM3\ARM_GCC_541\Debug\cyfitter_cfg.o
 .text.AnalogSetDefault
                0x000004f4       0x7c .\CortexM3\ARM_GCC_541\Debug\cyfitter_cfg.o
 .text.CYCONFIGCPY
                0x00000570        0x8 .\CortexM3\ARM_GCC_541\Debug\cyfitter_cfg.o
 .text.cyfitter_cfg
                0x00000578      0x164 .\CortexM3\ARM_GCC_541\Debug\cyfitter_cfg.o
                0x00000578                cyfitter_cfg
 .text.IntDefaultHandler
                0x000006dc       0x10 .\CortexM3\ARM_GCC_541\Debug\Cm3Start.o
                0x000006dc                IntDefaultHandler
 .text.Start_c  0x000006ec       0x4c .\CortexM3\ARM_GCC_541\Debug\Cm3Start.o
                0x000006ec                Start_c
 .text.initialize_psoc
                0x00000738       0x6c .\CortexM3\ARM_GCC_541\Debug\Cm3Start.o
                0x00000738                initialize_psoc
 .text.LCD_WrCntrlNib
                0x000007a4       0x34 .\CortexM3\ARM_GCC_541\Debug\Reciever.a(LCD.o)
 .text.LCD_WrDatNib
                0x000007d8       0x44 .\CortexM3\ARM_GCC_541\Debug\Reciever.a(LCD.o)
 .text.LCD_IsReady
                0x0000081c       0xe4 .\CortexM3\ARM_GCC_541\Debug\Reciever.a(LCD.o)
                0x0000081c                LCD_IsReady
 .text.LCD_WriteData
                0x00000900       0x18 .\CortexM3\ARM_GCC_541\Debug\Reciever.a(LCD.o)
                0x00000900                LCD_WriteData
 .text.LCD_PrintString
                0x00000918       0x1c .\CortexM3\ARM_GCC_541\Debug\Reciever.a(LCD.o)
                0x00000918                LCD_PrintString
 .text.LCD_WriteControl
                0x00000934       0x18 .\CortexM3\ARM_GCC_541\Debug\Reciever.a(LCD.o)
                0x00000934                LCD_WriteControl
 .text.LCD_Init
                0x0000094c       0x6c .\CortexM3\ARM_GCC_541\Debug\Reciever.a(LCD.o)
                0x0000094c                LCD_Init
 .text.LCD_Enable
                0x000009b8       0x14 .\CortexM3\ARM_GCC_541\Debug\Reciever.a(LCD.o)
                0x000009b8                LCD_Enable
 .text.LCD_Start
                0x000009cc       0x1c .\CortexM3\ARM_GCC_541\Debug\Reciever.a(LCD.o)
                0x000009cc                LCD_Start
 .text.LCD_Position
                0x000009e8       0x3c .\CortexM3\ARM_GCC_541\Debug\Reciever.a(LCD.o)
                0x000009e8                LCD_Position
 .text.LCD_PrintU32Number
                0x00000a24       0x64 .\CortexM3\ARM_GCC_541\Debug\Reciever.a(LCD.o)
                0x00000a24                LCD_PrintU32Number
 .text.UART_Init
                0x00000a88       0x28 .\CortexM3\ARM_GCC_541\Debug\Reciever.a(UART.o)
                0x00000a88                UART_Init
 .text.UART_Enable
                0x00000ab0       0x38 .\CortexM3\ARM_GCC_541\Debug\Reciever.a(UART.o)
                0x00000ab0                UART_Enable
 .text.UART_Start
                0x00000ae8       0x1c .\CortexM3\ARM_GCC_541\Debug\Reciever.a(UART.o)
                0x00000ae8                UART_Start
 .text.UART_GetChar
                0x00000b04       0x2c .\CortexM3\ARM_GCC_541\Debug\Reciever.a(UART.o)
                0x00000b04                UART_GetChar
 .text.com_SetVector
                0x00000b30        0xc .\CortexM3\ARM_GCC_541\Debug\Reciever.a(com.o)
                0x00000b30                com_SetVector
 .text.com_SetPriority
                0x00000b3c       0x10 .\CortexM3\ARM_GCC_541\Debug\Reciever.a(com.o)
                0x00000b3c                com_SetPriority
 .text.com_Enable
                0x00000b4c        0xc .\CortexM3\ARM_GCC_541\Debug\Reciever.a(com.o)
                0x00000b4c                com_Enable
 .text.com_Disable
                0x00000b58        0xc .\CortexM3\ARM_GCC_541\Debug\Reciever.a(com.o)
                0x00000b58                com_Disable
 .text.com_StartEx
                0x00000b64       0x1c .\CortexM3\ARM_GCC_541\Debug\Reciever.a(com.o)
                0x00000b64                com_StartEx
 .text.com_ClearPending
                0x00000b80        0xc .\CortexM3\ARM_GCC_541\Debug\Reciever.a(com.o)
                0x00000b80                com_ClearPending
 .text.PWM_1_Enable
                0x00000b8c       0x10 .\CortexM3\ARM_GCC_541\Debug\Reciever.a(PWM_1.o)
                0x00000b8c                PWM_1_Enable
 .text.PWM_1_WriteCounter
                0x00000b9c        0xc .\CortexM3\ARM_GCC_541\Debug\Reciever.a(PWM_1.o)
                0x00000b9c                PWM_1_WriteCounter
 .text.PWM_1_WritePeriod
                0x00000ba8        0xc .\CortexM3\ARM_GCC_541\Debug\Reciever.a(PWM_1.o)
                0x00000ba8                PWM_1_WritePeriod
 .text.PWM_1_WriteCompare
                0x00000bb4        0xc .\CortexM3\ARM_GCC_541\Debug\Reciever.a(PWM_1.o)
                0x00000bb4                PWM_1_WriteCompare
 .text.PWM_1_SetInterruptMode
                0x00000bc0        0xc .\CortexM3\ARM_GCC_541\Debug\Reciever.a(PWM_1.o)
                0x00000bc0                PWM_1_SetInterruptMode
 .text.PWM_1_ReadStatusRegister
                0x00000bcc        0xc .\CortexM3\ARM_GCC_541\Debug\Reciever.a(PWM_1.o)
                0x00000bcc                PWM_1_ReadStatusRegister
 .text.PWM_1_ReadCapture
                0x00000bd8        0xc .\CortexM3\ARM_GCC_541\Debug\Reciever.a(PWM_1.o)
                0x00000bd8                PWM_1_ReadCapture
 .text.PWM_1_ClearFIFO
                0x00000be4       0x14 .\CortexM3\ARM_GCC_541\Debug\Reciever.a(PWM_1.o)
                0x00000be4                PWM_1_ClearFIFO
 .text.PWM_1_Init
                0x00000bf8       0x5c .\CortexM3\ARM_GCC_541\Debug\Reciever.a(PWM_1.o)
                0x00000bf8                PWM_1_Init
 .text.PWM_1_Start
                0x00000c54       0x1c .\CortexM3\ARM_GCC_541\Debug\Reciever.a(PWM_1.o)
                0x00000c54                PWM_1_Start
 .text.PWM_2_Enable
                0x00000c70       0x10 .\CortexM3\ARM_GCC_541\Debug\Reciever.a(PWM_2.o)
                0x00000c70                PWM_2_Enable
 .text.PWM_2_WriteCounter
                0x00000c80        0xc .\CortexM3\ARM_GCC_541\Debug\Reciever.a(PWM_2.o)
                0x00000c80                PWM_2_WriteCounter
 .text.PWM_2_WritePeriod
                0x00000c8c        0xc .\CortexM3\ARM_GCC_541\Debug\Reciever.a(PWM_2.o)
                0x00000c8c                PWM_2_WritePeriod
 .text.PWM_2_WriteCompare
                0x00000c98        0xc .\CortexM3\ARM_GCC_541\Debug\Reciever.a(PWM_2.o)
                0x00000c98                PWM_2_WriteCompare
 .text.PWM_2_SetInterruptMode
                0x00000ca4        0xc .\CortexM3\ARM_GCC_541\Debug\Reciever.a(PWM_2.o)
                0x00000ca4                PWM_2_SetInterruptMode
 .text.PWM_2_ReadStatusRegister
                0x00000cb0        0xc .\CortexM3\ARM_GCC_541\Debug\Reciever.a(PWM_2.o)
                0x00000cb0                PWM_2_ReadStatusRegister
 .text.PWM_2_ReadCapture
                0x00000cbc        0xc .\CortexM3\ARM_GCC_541\Debug\Reciever.a(PWM_2.o)
                0x00000cbc                PWM_2_ReadCapture
 .text.PWM_2_ClearFIFO
                0x00000cc8       0x14 .\CortexM3\ARM_GCC_541\Debug\Reciever.a(PWM_2.o)
                0x00000cc8                PWM_2_ClearFIFO
 .text.PWM_2_Init
                0x00000cdc       0x60 .\CortexM3\ARM_GCC_541\Debug\Reciever.a(PWM_2.o)
                0x00000cdc                PWM_2_Init
 .text.PWM_2_Start
                0x00000d3c       0x1c .\CortexM3\ARM_GCC_541\Debug\Reciever.a(PWM_2.o)
                0x00000d3c                PWM_2_Start
 .text.PWM_3_Enable
                0x00000d58       0x10 .\CortexM3\ARM_GCC_541\Debug\Reciever.a(PWM_3.o)
                0x00000d58                PWM_3_Enable
 .text.PWM_3_WriteCounter
                0x00000d68        0xc .\CortexM3\ARM_GCC_541\Debug\Reciever.a(PWM_3.o)
                0x00000d68                PWM_3_WriteCounter
 .text.PWM_3_WritePeriod
                0x00000d74        0xc .\CortexM3\ARM_GCC_541\Debug\Reciever.a(PWM_3.o)
                0x00000d74                PWM_3_WritePeriod
 .text.PWM_3_WriteCompare
                0x00000d80        0xc .\CortexM3\ARM_GCC_541\Debug\Reciever.a(PWM_3.o)
                0x00000d80                PWM_3_WriteCompare
 .text.PWM_3_SetInterruptMode
                0x00000d8c        0xc .\CortexM3\ARM_GCC_541\Debug\Reciever.a(PWM_3.o)
                0x00000d8c                PWM_3_SetInterruptMode
 .text.PWM_3_ReadStatusRegister
                0x00000d98        0xc .\CortexM3\ARM_GCC_541\Debug\Reciever.a(PWM_3.o)
                0x00000d98                PWM_3_ReadStatusRegister
 .text.PWM_3_ReadCapture
                0x00000da4        0xc .\CortexM3\ARM_GCC_541\Debug\Reciever.a(PWM_3.o)
                0x00000da4                PWM_3_ReadCapture
 .text.PWM_3_ClearFIFO
                0x00000db0       0x14 .\CortexM3\ARM_GCC_541\Debug\Reciever.a(PWM_3.o)
                0x00000db0                PWM_3_ClearFIFO
 .text.PWM_3_Init
                0x00000dc4       0x5c .\CortexM3\ARM_GCC_541\Debug\Reciever.a(PWM_3.o)
                0x00000dc4                PWM_3_Init
 .text.PWM_3_Start
                0x00000e20       0x1c .\CortexM3\ARM_GCC_541\Debug\Reciever.a(PWM_3.o)
                0x00000e20                PWM_3_Start
 .text.PWM_4_Enable
                0x00000e3c       0x10 .\CortexM3\ARM_GCC_541\Debug\Reciever.a(PWM_4.o)
                0x00000e3c                PWM_4_Enable
 .text.PWM_4_WriteCounter
                0x00000e4c        0xc .\CortexM3\ARM_GCC_541\Debug\Reciever.a(PWM_4.o)
                0x00000e4c                PWM_4_WriteCounter
 .text.PWM_4_WritePeriod
                0x00000e58        0xc .\CortexM3\ARM_GCC_541\Debug\Reciever.a(PWM_4.o)
                0x00000e58                PWM_4_WritePeriod
 .text.PWM_4_WriteCompare
                0x00000e64        0xc .\CortexM3\ARM_GCC_541\Debug\Reciever.a(PWM_4.o)
                0x00000e64                PWM_4_WriteCompare
 .text.PWM_4_SetInterruptMode
                0x00000e70        0xc .\CortexM3\ARM_GCC_541\Debug\Reciever.a(PWM_4.o)
                0x00000e70                PWM_4_SetInterruptMode
 .text.PWM_4_ReadStatusRegister
                0x00000e7c        0xc .\CortexM3\ARM_GCC_541\Debug\Reciever.a(PWM_4.o)
                0x00000e7c                PWM_4_ReadStatusRegister
 .text.PWM_4_ReadCapture
                0x00000e88        0xc .\CortexM3\ARM_GCC_541\Debug\Reciever.a(PWM_4.o)
                0x00000e88                PWM_4_ReadCapture
 .text.PWM_4_ClearFIFO
                0x00000e94       0x14 .\CortexM3\ARM_GCC_541\Debug\Reciever.a(PWM_4.o)
                0x00000e94                PWM_4_ClearFIFO
 .text.PWM_4_Init
                0x00000ea8       0x5c .\CortexM3\ARM_GCC_541\Debug\Reciever.a(PWM_4.o)
                0x00000ea8                PWM_4_Init
 .text.PWM_4_Start
                0x00000f04       0x1c .\CortexM3\ARM_GCC_541\Debug\Reciever.a(PWM_4.o)
                0x00000f04                PWM_4_Start
 .text.PWM_5_Enable
                0x00000f20       0x10 .\CortexM3\ARM_GCC_541\Debug\Reciever.a(PWM_5.o)
                0x00000f20                PWM_5_Enable
 .text.PWM_5_WriteCounter
                0x00000f30        0xc .\CortexM3\ARM_GCC_541\Debug\Reciever.a(PWM_5.o)
                0x00000f30                PWM_5_WriteCounter
 .text.PWM_5_WritePeriod
                0x00000f3c        0xc .\CortexM3\ARM_GCC_541\Debug\Reciever.a(PWM_5.o)
                0x00000f3c                PWM_5_WritePeriod
 .text.PWM_5_WriteCompare
                0x00000f48        0xc .\CortexM3\ARM_GCC_541\Debug\Reciever.a(PWM_5.o)
                0x00000f48                PWM_5_WriteCompare
 .text.PWM_5_SetInterruptMode
                0x00000f54        0xc .\CortexM3\ARM_GCC_541\Debug\Reciever.a(PWM_5.o)
                0x00000f54                PWM_5_SetInterruptMode
 .text.PWM_5_ReadStatusRegister
                0x00000f60        0xc .\CortexM3\ARM_GCC_541\Debug\Reciever.a(PWM_5.o)
                0x00000f60                PWM_5_ReadStatusRegister
 .text.PWM_5_ReadCapture
                0x00000f6c        0xc .\CortexM3\ARM_GCC_541\Debug\Reciever.a(PWM_5.o)
                0x00000f6c                PWM_5_ReadCapture
 .text.PWM_5_ClearFIFO
                0x00000f78       0x14 .\CortexM3\ARM_GCC_541\Debug\Reciever.a(PWM_5.o)
                0x00000f78                PWM_5_ClearFIFO
 .text.PWM_5_Init
                0x00000f8c       0x5c .\CortexM3\ARM_GCC_541\Debug\Reciever.a(PWM_5.o)
                0x00000f8c                PWM_5_Init
 .text.PWM_5_Start
                0x00000fe8       0x1c .\CortexM3\ARM_GCC_541\Debug\Reciever.a(PWM_5.o)
                0x00000fe8                PWM_5_Start
 .text.Clock_1_Start
                0x00001004       0x1c .\CortexM3\ARM_GCC_541\Debug\Reciever.a(Clock_1.o)
                0x00001004                Clock_1_Start
 .text.UART_IntClock_Start
                0x00001020       0x1c .\CortexM3\ARM_GCC_541\Debug\Reciever.a(UART_IntClock.o)
                0x00001020                UART_IntClock_Start
 .text.CyDmacConfigure
                0x0000103c       0x34 .\CortexM3\ARM_GCC_541\Debug\Reciever.a(CyDmac.o)
                0x0000103c                CyDmacConfigure
 .text.CyDmaChEnable
                0x00001070       0x38 .\CortexM3\ARM_GCC_541\Debug\Reciever.a(CyDmac.o)
                0x00001070                CyDmaChEnable
 .text.CyDmaClearPendingDrq
                0x000010a8       0x28 .\CortexM3\ARM_GCC_541\Debug\Reciever.a(CyDmac.o)
                0x000010a8                CyDmaClearPendingDrq
 .text.CyDmaChPriority
                0x000010d0       0x24 .\CortexM3\ARM_GCC_541\Debug\Reciever.a(CyDmac.o)
                0x000010d0                CyDmaChPriority
 .text.CyDmaChSetExtendedAddress
                0x000010f4       0x34 .\CortexM3\ARM_GCC_541\Debug\Reciever.a(CyDmac.o)
                0x000010f4                CyDmaChSetExtendedAddress
 .text.CyDmaChSetInitialTd
                0x00001128       0x18 .\CortexM3\ARM_GCC_541\Debug\Reciever.a(CyDmac.o)
                0x00001128                CyDmaChSetInitialTd
 .text.CyDmaChSetConfiguration
                0x00001140       0x44 .\CortexM3\ARM_GCC_541\Debug\Reciever.a(CyDmac.o)
                0x00001140                CyDmaChSetConfiguration
 .text.CyDmaTdAllocate
                0x00001184       0x34 .\CortexM3\ARM_GCC_541\Debug\Reciever.a(CyDmac.o)
                0x00001184                CyDmaTdAllocate
 .text.CyDmaTdSetConfiguration
                0x000011b8       0x28 .\CortexM3\ARM_GCC_541\Debug\Reciever.a(CyDmac.o)
                0x000011b8                CyDmaTdSetConfiguration
 .text.CyDmaTdSetAddress
                0x000011e0       0x1c .\CortexM3\ARM_GCC_541\Debug\Reciever.a(CyDmac.o)
                0x000011e0                CyDmaTdSetAddress
 .text.CyHalt   0x000011fc        0x4 .\CortexM3\ARM_GCC_541\Debug\Reciever.a(CyLib.o)
                0x000011fc                CyHalt
 .text.CyDelay  0x00001200       0x2c .\CortexM3\ARM_GCC_541\Debug\Reciever.a(CyLib.o)
                0x00001200                CyDelay
 .text.CyDelayUs
                0x0000122c       0x14 .\CortexM3\ARM_GCC_541\Debug\Reciever.a(CyLib.o)
                0x0000122c                CyDelayUs
 .text.PWM_6_Enable
                0x00001240       0x10 .\CortexM3\ARM_GCC_541\Debug\Reciever.a(PWM_6.o)
                0x00001240                PWM_6_Enable
 .text.PWM_6_WriteCounter
                0x00001250        0xc .\CortexM3\ARM_GCC_541\Debug\Reciever.a(PWM_6.o)
                0x00001250                PWM_6_WriteCounter
 .text.PWM_6_WritePeriod
                0x0000125c        0xc .\CortexM3\ARM_GCC_541\Debug\Reciever.a(PWM_6.o)
                0x0000125c                PWM_6_WritePeriod
 .text.PWM_6_WriteCompare
                0x00001268        0xc .\CortexM3\ARM_GCC_541\Debug\Reciever.a(PWM_6.o)
                0x00001268                PWM_6_WriteCompare
 .text.PWM_6_SetInterruptMode
                0x00001274        0xc .\CortexM3\ARM_GCC_541\Debug\Reciever.a(PWM_6.o)
                0x00001274                PWM_6_SetInterruptMode
 .text.PWM_6_ReadStatusRegister
                0x00001280        0xc .\CortexM3\ARM_GCC_541\Debug\Reciever.a(PWM_6.o)
                0x00001280                PWM_6_ReadStatusRegister
 .text.PWM_6_ReadCapture
                0x0000128c        0xc .\CortexM3\ARM_GCC_541\Debug\Reciever.a(PWM_6.o)
                0x0000128c                PWM_6_ReadCapture
 .text.PWM_6_ClearFIFO
                0x00001298       0x14 .\CortexM3\ARM_GCC_541\Debug\Reciever.a(PWM_6.o)
                0x00001298                PWM_6_ClearFIFO
 .text.PWM_6_Init
                0x000012ac       0x5c .\CortexM3\ARM_GCC_541\Debug\Reciever.a(PWM_6.o)
                0x000012ac                PWM_6_Init
 .text.PWM_6_Start
                0x00001308       0x1c .\CortexM3\ARM_GCC_541\Debug\Reciever.a(PWM_6.o)
                0x00001308                PWM_6_Start
 .text.PWM_7_Enable
                0x00001324       0x10 .\CortexM3\ARM_GCC_541\Debug\Reciever.a(PWM_7.o)
                0x00001324                PWM_7_Enable
 .text.PWM_7_WriteCounter
                0x00001334        0xc .\CortexM3\ARM_GCC_541\Debug\Reciever.a(PWM_7.o)
                0x00001334                PWM_7_WriteCounter
 .text.PWM_7_WritePeriod
                0x00001340        0xc .\CortexM3\ARM_GCC_541\Debug\Reciever.a(PWM_7.o)
                0x00001340                PWM_7_WritePeriod
 .text.PWM_7_WriteCompare
                0x0000134c        0xc .\CortexM3\ARM_GCC_541\Debug\Reciever.a(PWM_7.o)
                0x0000134c                PWM_7_WriteCompare
 .text.PWM_7_SetInterruptMode
                0x00001358        0xc .\CortexM3\ARM_GCC_541\Debug\Reciever.a(PWM_7.o)
                0x00001358                PWM_7_SetInterruptMode
 .text.PWM_7_ReadStatusRegister
                0x00001364        0xc .\CortexM3\ARM_GCC_541\Debug\Reciever.a(PWM_7.o)
                0x00001364                PWM_7_ReadStatusRegister
 .text.PWM_7_ReadCapture
                0x00001370        0xc .\CortexM3\ARM_GCC_541\Debug\Reciever.a(PWM_7.o)
                0x00001370                PWM_7_ReadCapture
 .text.PWM_7_ClearFIFO
                0x0000137c       0x14 .\CortexM3\ARM_GCC_541\Debug\Reciever.a(PWM_7.o)
                0x0000137c                PWM_7_ClearFIFO
 .text.PWM_7_Init
                0x00001390       0x5c .\CortexM3\ARM_GCC_541\Debug\Reciever.a(PWM_7.o)
                0x00001390                PWM_7_Init
 .text.PWM_7_Start
                0x000013ec       0x1c .\CortexM3\ARM_GCC_541\Debug\Reciever.a(PWM_7.o)
                0x000013ec                PWM_7_Start
 .text.PWM_8_Enable
                0x00001408       0x10 .\CortexM3\ARM_GCC_541\Debug\Reciever.a(PWM_8.o)
                0x00001408                PWM_8_Enable
 .text.PWM_8_WriteCounter
                0x00001418        0xc .\CortexM3\ARM_GCC_541\Debug\Reciever.a(PWM_8.o)
                0x00001418                PWM_8_WriteCounter
 .text.PWM_8_WritePeriod
                0x00001424        0xc .\CortexM3\ARM_GCC_541\Debug\Reciever.a(PWM_8.o)
                0x00001424                PWM_8_WritePeriod
 .text.PWM_8_WriteCompare
                0x00001430        0xc .\CortexM3\ARM_GCC_541\Debug\Reciever.a(PWM_8.o)
                0x00001430                PWM_8_WriteCompare
 .text.PWM_8_SetInterruptMode
                0x0000143c        0xc .\CortexM3\ARM_GCC_541\Debug\Reciever.a(PWM_8.o)
                0x0000143c                PWM_8_SetInterruptMode
 .text.PWM_8_ReadStatusRegister
                0x00001448        0xc .\CortexM3\ARM_GCC_541\Debug\Reciever.a(PWM_8.o)
                0x00001448                PWM_8_ReadStatusRegister
 .text.PWM_8_ReadCapture
                0x00001454        0xc .\CortexM3\ARM_GCC_541\Debug\Reciever.a(PWM_8.o)
                0x00001454                PWM_8_ReadCapture
 .text.PWM_8_ClearFIFO
                0x00001460       0x14 .\CortexM3\ARM_GCC_541\Debug\Reciever.a(PWM_8.o)
                0x00001460                PWM_8_ClearFIFO
 .text.PWM_8_Init
                0x00001474       0x5c .\CortexM3\ARM_GCC_541\Debug\Reciever.a(PWM_8.o)
                0x00001474                PWM_8_Init
 .text.PWM_8_Start
                0x000014d0       0x1c .\CortexM3\ARM_GCC_541\Debug\Reciever.a(PWM_8.o)
                0x000014d0                PWM_8_Start
 .text.PWM_9_Enable
                0x000014ec       0x10 .\CortexM3\ARM_GCC_541\Debug\Reciever.a(PWM_9.o)
                0x000014ec                PWM_9_Enable
 .text.PWM_9_WriteCounter
                0x000014fc        0xc .\CortexM3\ARM_GCC_541\Debug\Reciever.a(PWM_9.o)
                0x000014fc                PWM_9_WriteCounter
 .text.PWM_9_WritePeriod
                0x00001508        0xc .\CortexM3\ARM_GCC_541\Debug\Reciever.a(PWM_9.o)
                0x00001508                PWM_9_WritePeriod
 .text.PWM_9_WriteCompare
                0x00001514        0xc .\CortexM3\ARM_GCC_541\Debug\Reciever.a(PWM_9.o)
                0x00001514                PWM_9_WriteCompare
 .text.PWM_9_SetInterruptMode
                0x00001520        0xc .\CortexM3\ARM_GCC_541\Debug\Reciever.a(PWM_9.o)
                0x00001520                PWM_9_SetInterruptMode
 .text.PWM_9_ReadStatusRegister
                0x0000152c        0xc .\CortexM3\ARM_GCC_541\Debug\Reciever.a(PWM_9.o)
                0x0000152c                PWM_9_ReadStatusRegister
 .text.PWM_9_ReadCapture
                0x00001538        0xc .\CortexM3\ARM_GCC_541\Debug\Reciever.a(PWM_9.o)
                0x00001538                PWM_9_ReadCapture
 .text.PWM_9_ClearFIFO
                0x00001544       0x14 .\CortexM3\ARM_GCC_541\Debug\Reciever.a(PWM_9.o)
                0x00001544                PWM_9_ClearFIFO
 .text.PWM_9_Init
                0x00001558       0x5c .\CortexM3\ARM_GCC_541\Debug\Reciever.a(PWM_9.o)
                0x00001558                PWM_9_Init
 .text.PWM_9_Start
                0x000015b4       0x1c .\CortexM3\ARM_GCC_541\Debug\Reciever.a(PWM_9.o)
                0x000015b4                PWM_9_Start
 .text.ADC_Init
                0x000015d0       0x3c .\CortexM3\ARM_GCC_541\Debug\Reciever.a(ADC.o)
                0x000015d0                ADC_Init
 .text.ADC_Enable
                0x0000160c       0xcc .\CortexM3\ARM_GCC_541\Debug\Reciever.a(ADC.o)
                0x0000160c                ADC_Enable
 .text.ADC_Start
                0x000016d8       0x28 .\CortexM3\ARM_GCC_541\Debug\Reciever.a(ADC.o)
                0x000016d8                ADC_Start
 .text.ADC_StartConvert
                0x00001700        0x8 .\CortexM3\ARM_GCC_541\Debug\Reciever.a(ADC.o)
                0x00001700                ADC_StartConvert
 .text.ADC_GetResult16
                0x00001708       0x1c .\CortexM3\ARM_GCC_541\Debug\Reciever.a(ADC.o)
                0x00001708                ADC_GetResult16
 .text.ADC_ISR  0x00001724        0x4 .\CortexM3\ARM_GCC_541\Debug\Reciever.a(ADC_INT.o)
                0x00001724                ADC_ISR
 .text.MODE_Read
                0x00001728       0x10 .\CortexM3\ARM_GCC_541\Debug\Reciever.a(MODE.o)
                0x00001728                MODE_Read
 .text.ADC_SAR_CalcGain
                0x00001738       0x64 .\CortexM3\ARM_GCC_541\Debug\Reciever.a(ADC_SAR.o)
 .text.ADC_SAR_Enable
                0x0000179c       0x78 .\CortexM3\ARM_GCC_541\Debug\Reciever.a(ADC_SAR.o)
                0x0000179c                ADC_SAR_Enable
 .text.ADC_SAR_SetResolution
                0x00001814       0x38 .\CortexM3\ARM_GCC_541\Debug\Reciever.a(ADC_SAR.o)
                0x00001814                ADC_SAR_SetResolution
 .text.ADC_SAR_Init
                0x0000184c       0x24 .\CortexM3\ARM_GCC_541\Debug\Reciever.a(ADC_SAR.o)
                0x0000184c                ADC_SAR_Init
 .text.ADC_SAR_Start
                0x00001870       0x1c .\CortexM3\ARM_GCC_541\Debug\Reciever.a(ADC_SAR.o)
                0x00001870                ADC_SAR_Start
 .text.ADC_SAR_StartConvert
                0x0000188c       0x10 .\CortexM3\ARM_GCC_541\Debug\Reciever.a(ADC_SAR.o)
                0x0000188c                ADC_SAR_StartConvert
 .text.ADC_TempBuf_DmaInitialize
                0x0000189c       0x3c .\CortexM3\ARM_GCC_541\Debug\Reciever.a(ADC_TempBuf_dma.o)
                0x0000189c                ADC_TempBuf_DmaInitialize
 .text.ADC_FinalBuf_DmaInitialize
                0x000018d8       0x3c .\CortexM3\ARM_GCC_541\Debug\Reciever.a(ADC_FinalBuf_dma.o)
                0x000018d8                ADC_FinalBuf_DmaInitialize
 .text.ADC_IRQ_SetVector
                0x00001914        0xc .\CortexM3\ARM_GCC_541\Debug\Reciever.a(ADC_IRQ.o)
                0x00001914                ADC_IRQ_SetVector
 .text.ADC_IRQ_SetPriority
                0x00001920       0x10 .\CortexM3\ARM_GCC_541\Debug\Reciever.a(ADC_IRQ.o)
                0x00001920                ADC_IRQ_SetPriority
 .text          0x00001930       0x20 .\CortexM3\ARM_GCC_541\Debug\Reciever.a(CyBootAsmGnu.o)
                0x00001930                CyDelayCycles
                0x00001940                CyEnterCriticalSection
                0x00001948                CyExitCriticalSection
 .text          0x00001950      0x370 c:/program files (x86)/cypress/psoc creator/4.2/psoc creator/import/gnu/arm/5.4.1/bin/../lib/gcc/arm-none-eabi/5.4.1/armv7-m\libgcc.a(_arm_addsubdf3.o)
                0x00001950                __aeabi_drsub
                0x00001958                __aeabi_dsub
                0x00001958                __subdf3
                0x0000195c                __aeabi_dadd
                0x0000195c                __adddf3
                0x00001bd4                __floatunsidf
                0x00001bd4                __aeabi_ui2d
                0x00001bf4                __floatsidf
                0x00001bf4                __aeabi_i2d
                0x00001c18                __aeabi_f2d
                0x00001c18                __extendsfdf2
                0x00001c54                __floatundidf
                0x00001c54                __aeabi_ul2d
                0x00001c64                __floatdidf
                0x00001c64                __aeabi_l2d
 .text          0x00001cc0      0x424 c:/program files (x86)/cypress/psoc creator/4.2/psoc creator/import/gnu/arm/5.4.1/bin/../lib/gcc/arm-none-eabi/5.4.1/armv7-m\libgcc.a(_arm_muldivdf3.o)
                0x00001cc0                __aeabi_dmul
                0x00001cc0                __muldf3
                0x00001f14                __divdf3
                0x00001f14                __aeabi_ddiv
 .text          0x000020e4       0x50 c:/program files (x86)/cypress/psoc creator/4.2/psoc creator/import/gnu/arm/5.4.1/bin/../lib/gcc/arm-none-eabi/5.4.1/armv7-m\libgcc.a(_arm_fixdfsi.o)
                0x000020e4                __aeabi_d2iz
                0x000020e4                __fixdfsi
 .text.__errno  0x00002134        0xc c:/program files (x86)/cypress/psoc creator/4.2/psoc creator/import/gnu/arm/5.4.1/bin/../lib/gcc/arm-none-eabi/5.4.1/../../../../arm-none-eabi/lib/armv7-m\libg_nano.a(lib_a-errno.o)
                0x00002134                __errno
 .text.__libc_init_array
                0x00002140       0x4c c:/program files (x86)/cypress/psoc creator/4.2/psoc creator/import/gnu/arm/5.4.1/bin/../lib/gcc/arm-none-eabi/5.4.1/../../../../arm-none-eabi/lib/armv7-m\libg_nano.a(lib_a-init.o)
                0x00002140                __libc_init_array
 .text.memcpy   0x0000218c       0x16 c:/program files (x86)/cypress/psoc creator/4.2/psoc creator/import/gnu/arm/5.4.1/bin/../lib/gcc/arm-none-eabi/5.4.1/../../../../arm-none-eabi/lib/armv7-m\libg_nano.a(lib_a-memcpy-stub.o)
                0x0000218c                memcpy
 .text.memset   0x000021a2       0x10 c:/program files (x86)/cypress/psoc creator/4.2/psoc creator/import/gnu/arm/5.4.1/bin/../lib/gcc/arm-none-eabi/5.4.1/../../../../arm-none-eabi/lib/armv7-m\libg_nano.a(lib_a-memset.o)
                0x000021a2                memset
 *(.plt)
 *(.gnu.warning)
 *(.glue_7t)
 .glue_7t       0x000021b2        0x0 linker stubs
 *(.glue_7)
 .glue_7        0x000021b2        0x0 linker stubs
 *(.vfp11_veneer)
 .vfp11_veneer  0x000021b2        0x0 linker stubs
 *(.bootloader)
 *(.ARM.extab* .gnu.linkonce.armextab.*)
 *(.gcc_except_table)

.v4_bx          0x000021b4        0x0
 .v4_bx         0x000021b4        0x0 linker stubs

.iplt           0x000021b4        0x0
 .iplt          0x000021b4        0x0 c:/program files (x86)/cypress/psoc creator/4.2/psoc creator/import/gnu/arm/5.4.1/bin/../lib/gcc/arm-none-eabi/5.4.1/armv7-m/crtbegin.o

.eh_frame_hdr
 *(.eh_frame_hdr)

.eh_frame       0x000021b4        0x4
 *(.eh_frame)
 .eh_frame      0x000021b4        0x0 c:/program files (x86)/cypress/psoc creator/4.2/psoc creator/import/gnu/arm/5.4.1/bin/../lib/gcc/arm-none-eabi/5.4.1/armv7-m/crtbegin.o
 .eh_frame      0x000021b4        0x4 c:/program files (x86)/cypress/psoc creator/4.2/psoc creator/import/gnu/arm/5.4.1/bin/../lib/gcc/arm-none-eabi/5.4.1/armv7-m/crtend.o
                [!provide]                PROVIDE (__exidx_start, .)

.ARM.exidx
 *(.ARM.exidx* .gnu.linkonce.armexidx.*)
                0x000021b8                __exidx_end = .

.rodata         0x000021b8       0x78
 *(.rodata .rodata.* .gnu.linkonce.r.*)
 .rodata        0x000021b8       0x40 .\CortexM3\ARM_GCC_541\Debug\cyfitter_cfg.o
 .rodata.str1.1
                0x000021f8        0x2 c:/program files (x86)/cypress/psoc creator/4.2/psoc creator/import/gnu/arm/5.4.1/bin/../lib/gcc/arm-none-eabi/5.4.1/../../../../arm-none-eabi/lib/armv7-m\libg_nano.a(lib_a-impure.o)
                0x000021fc                . = ALIGN (0x4)
 *fill*         0x000021fa        0x2 
 *(.init)
 .init          0x000021fc        0x4 c:/program files (x86)/cypress/psoc creator/4.2/psoc creator/import/gnu/arm/5.4.1/bin/../lib/gcc/arm-none-eabi/5.4.1/armv7-m/crti.o
                0x000021fc                _init
 .init          0x00002200        0x8 c:/program files (x86)/cypress/psoc creator/4.2/psoc creator/import/gnu/arm/5.4.1/bin/../lib/gcc/arm-none-eabi/5.4.1/armv7-m/crtn.o
                0x00002208                . = ALIGN (0x4)
                0x00002208                __preinit_array_start = .
 *(.preinit_array)
                0x00002208                __preinit_array_end = .
                0x00002208                . = ALIGN (0x4)
                0x00002208                __init_array_start = .
 *(SORT(.init_array.*))
 *(.init_array)
 .init_array    0x00002208        0x4 c:/program files (x86)/cypress/psoc creator/4.2/psoc creator/import/gnu/arm/5.4.1/bin/../lib/gcc/arm-none-eabi/5.4.1/armv7-m/crtbegin.o
 .init_array    0x0000220c        0x4 .\CortexM3\ARM_GCC_541\Debug\Cm3Start.o
                0x00002210                __init_array_end = .
                0x00002210                . = ALIGN (0x4)
 *(.fini)
 .fini          0x00002210        0x4 c:/program files (x86)/cypress/psoc creator/4.2/psoc creator/import/gnu/arm/5.4.1/bin/../lib/gcc/arm-none-eabi/5.4.1/armv7-m/crti.o
                0x00002210                _fini
 .fini          0x00002214        0x8 c:/program files (x86)/cypress/psoc creator/4.2/psoc creator/import/gnu/arm/5.4.1/bin/../lib/gcc/arm-none-eabi/5.4.1/armv7-m/crtn.o
                0x0000221c                . = ALIGN (0x4)
                0x0000221c                __fini_array_start = .
 *(.fini_array)
 .fini_array    0x0000221c        0x4 c:/program files (x86)/cypress/psoc creator/4.2/psoc creator/import/gnu/arm/5.4.1/bin/../lib/gcc/arm-none-eabi/5.4.1/armv7-m/crtbegin.o
 *(SORT(.fini_array.*))
                0x00002220                __fini_array_end = .
                0x00002220                . = ALIGN (0x4)
 *crtbegin.o(.ctors)
 *(EXCLUDE_FILE(*crtend.o) .ctors)
 *(SORT(.ctors.*))
 *crtend.o(.ctors)
                0x00002220                . = ALIGN (0x4)
 *crtbegin.o(.dtors)
 *(EXCLUDE_FILE(*crtend.o) .dtors)
 *(SORT(.dtors.*))
 *crtend.o(.dtors)
                0x00002220                . = ALIGN (0x4)
                0x00002220                __cy_regions = .
                0x00002220        0x4 LONG 0x2230 __cy_region_init_ram
                0x00002224        0x4 LONG 0x1fff80c8 __cy_region_start_data
                0x00002228        0x4 LONG 0xd0 __cy_region_init_size_ram
                0x0000222c        0x4 LONG 0x78 __cy_region_zero_size_ram
                0x00002230                __cy_regions_end = .
                0x00002230                . = ALIGN (0x8)
                0x00002230                _etext = .

.cy_checksum_exclude
                0x00002230        0x0
 *(.cy_checksum_exclude)

.ramvectors     0x1fff8000       0xc0
                0x1fff8000                __cy_region_start_ram = .
 *(.ramvectors)
 .ramvectors    0x1fff8000       0xc0 .\CortexM3\ARM_GCC_541\Debug\Cm3Start.o
                0x1fff8000                CyRamVectors

.noinit         0x1fff80c0        0x1
 *(.noinit)
 .noinit        0x1fff80c0        0x1 .\CortexM3\ARM_GCC_541\Debug\Reciever.a(CyLib.o)
                0x1fff80c0                CyResetStatus

.data           0x1fff80c8       0xd0 load address 0x00002230
                0x1fff80c8                __cy_region_start_data = .
 *(.jcr)
 .jcr           0x1fff80c8        0x0 c:/program files (x86)/cypress/psoc creator/4.2/psoc creator/import/gnu/arm/5.4.1/bin/../lib/gcc/arm-none-eabi/5.4.1/armv7-m/crtbegin.o
 .jcr           0x1fff80c8        0x4 c:/program files (x86)/cypress/psoc creator/4.2/psoc creator/import/gnu/arm/5.4.1/bin/../lib/gcc/arm-none-eabi/5.4.1/armv7-m/crtend.o
 *(.got.plt)
 *(.got)
 *(.shdata)
 *(.data .data.* .gnu.linkonce.d.*)
 .data          0x1fff80cc       0x4c .\CortexM3\ARM_GCC_541\Debug\main.o
                0x1fff80cc                pass
                0x1fff80d0                read
                0x1fff80d4                check
                0x1fff80f4                codigo
                0x1fff8114                offset
 .data          0x1fff8118        0x8 .\CortexM3\ARM_GCC_541\Debug\Reciever.a(CyDmac.o)
 .data          0x1fff8120       0x10 .\CortexM3\ARM_GCC_541\Debug\Reciever.a(CyLib.o)
                0x1fff8120                cydelay_32k_ms
                0x1fff8124                cydelay_freq_khz
                0x1fff8128                cydelay_freq_mhz
                0x1fff812c                cydelay_freq_hz
 .data          0x1fff8130        0x2 .\CortexM3\ARM_GCC_541\Debug\Reciever.a(ADC.o)
 .data          0x1fff8132        0x1 .\CortexM3\ARM_GCC_541\Debug\Reciever.a(ADC_TempBuf_dma.o)
                0x1fff8132                ADC_TempBuf_DmaHandle
 .data          0x1fff8133        0x1 .\CortexM3\ARM_GCC_541\Debug\Reciever.a(ADC_FinalBuf_dma.o)
                0x1fff8133                ADC_FinalBuf_DmaHandle
 .data.impure_data
                0x1fff8134       0x60 c:/program files (x86)/cypress/psoc creator/4.2/psoc creator/import/gnu/arm/5.4.1/bin/../lib/gcc/arm-none-eabi/5.4.1/../../../../arm-none-eabi/lib/armv7-m\libg_nano.a(lib_a-impure.o)
 .data._impure_ptr
                0x1fff8194        0x4 c:/program files (x86)/cypress/psoc creator/4.2/psoc creator/import/gnu/arm/5.4.1/bin/../lib/gcc/arm-none-eabi/5.4.1/../../../../arm-none-eabi/lib/armv7-m\libg_nano.a(lib_a-impure.o)
                0x1fff8194                _impure_ptr
                0x1fff8198                . = ALIGN (0x8)
 *(.ram)
                0x1fff8198                _edata = .

.igot.plt       0x1fff8198        0x0 load address 0x00002300
 .igot.plt      0x1fff8198        0x0 c:/program files (x86)/cypress/psoc creator/4.2/psoc creator/import/gnu/arm/5.4.1/bin/../lib/gcc/arm-none-eabi/5.4.1/armv7-m/crtbegin.o

.bss            0x1fff8198       0x78 load address 0x00002300
                0x1fff8198                PROVIDE (__bss_start__, .)
 *(.shbss)
 *(.bss .bss.* .gnu.linkonce.b.*)
 .bss           0x1fff8198       0x1c c:/program files (x86)/cypress/psoc creator/4.2/psoc creator/import/gnu/arm/5.4.1/bin/../lib/gcc/arm-none-eabi/5.4.1/armv7-m/crtbegin.o
 .bss           0x1fff81b4        0x8 .\CortexM3\ARM_GCC_541\Debug\main.o
                0x1fff81b4                cs
                0x1fff81b8                comas
 .bss           0x1fff81bc        0x2 .\CortexM3\ARM_GCC_541\Debug\Reciever.a(LCD.o)
                0x1fff81bc                LCD_enableState
                0x1fff81bd                LCD_initVar
 .bss           0x1fff81be        0x2 .\CortexM3\ARM_GCC_541\Debug\Reciever.a(UART.o)
                0x1fff81be                UART_initVar
 .bss           0x1fff81c0        0x1 .\CortexM3\ARM_GCC_541\Debug\Reciever.a(PWM_1.o)
                0x1fff81c0                PWM_1_initVar
 .bss           0x1fff81c1        0x1 .\CortexM3\ARM_GCC_541\Debug\Reciever.a(PWM_2.o)
                0x1fff81c1                PWM_2_initVar
 .bss           0x1fff81c2        0x1 .\CortexM3\ARM_GCC_541\Debug\Reciever.a(PWM_3.o)
                0x1fff81c2                PWM_3_initVar
 .bss           0x1fff81c3        0x1 .\CortexM3\ARM_GCC_541\Debug\Reciever.a(PWM_4.o)
                0x1fff81c3                PWM_4_initVar
 .bss           0x1fff81c4        0x1 .\CortexM3\ARM_GCC_541\Debug\Reciever.a(PWM_5.o)
                0x1fff81c4                PWM_5_initVar
 .bss           0x1fff81c5        0x1 .\CortexM3\ARM_GCC_541\Debug\Reciever.a(PWM_6.o)
                0x1fff81c5                PWM_6_initVar
 .bss           0x1fff81c6        0x1 .\CortexM3\ARM_GCC_541\Debug\Reciever.a(PWM_7.o)
                0x1fff81c6                PWM_7_initVar
 .bss           0x1fff81c7        0x1 .\CortexM3\ARM_GCC_541\Debug\Reciever.a(PWM_8.o)
                0x1fff81c7                PWM_8_initVar
 .bss           0x1fff81c8        0x1 .\CortexM3\ARM_GCC_541\Debug\Reciever.a(PWM_9.o)
                0x1fff81c8                PWM_9_initVar
 *fill*         0x1fff81c9        0x3 
 .bss           0x1fff81cc       0x14 .\CortexM3\ARM_GCC_541\Debug\Reciever.a(ADC.o)
                0x1fff81dc                ADC_initVar
 .bss           0x1fff81e0        0x1 .\CortexM3\ARM_GCC_541\Debug\Reciever.a(ADC_SAR.o)
                0x1fff81e0                ADC_SAR_initVar
 *(COMMON)
 *fill*         0x1fff81e1        0x3 
 COMMON         0x1fff81e4       0x11 .\CortexM3\ARM_GCC_541\Debug\main.o
                0x1fff81e4                adc
                0x1fff81f4                foo
 *fill*         0x1fff81f5        0x3 
 COMMON         0x1fff81f8        0xa .\CortexM3\ARM_GCC_541\Debug\Reciever.a(ADC.o)
                0x1fff81f8                ADC_finalArray
 *fill*         0x1fff8202        0x2 
 COMMON         0x1fff8204        0xa .\CortexM3\ARM_GCC_541\Debug\Reciever.a(ADC_SAR.o)
                0x1fff8204                ADC_SAR_countsPerVolt
                0x1fff8206                ADC_SAR_shift
                0x1fff8208                ADC_SAR_countsPer10Volt
                0x1fff820c                ADC_SAR_offset
                0x1fff8210                . = ALIGN (0x8)
 *fill*         0x1fff820e        0x2 
 *(.ram.b)
                0x1fff8210                _end = .
                0x1fff8210                __end = .
                0x1fff8210                PROVIDE (end, .)
                0x1fff8210                PROVIDE (__bss_end__, .)
                0x00002230                __cy_region_init_ram = LOADADDR (.data)
                0x000000d0                __cy_region_init_size_ram = (_edata - ADDR (.data))
                0x00000078                __cy_region_zero_size_ram = (_end - _edata)

.heap           0x1fff8210       0x80 load address 0x00002300
                0x1fff8210                . = _end
                0x1fff8290                . = (. + 0x80)
 *fill*         0x1fff8210       0x80 
                0x1fff8290                __cy_heap_limit = .

.stack          0x20007800      0x800
                0x20007800                __cy_stack_limit = .
                0x20008000                . = (. + 0x800)
 *fill*         0x20007800      0x800 
                0x00000001                ASSERT ((__cy_stack_limit >= __cy_heap_limit), region RAM overflowed with stack)
                0x00000000                cy_checksum_exclude_size = (CY_APPL_LOADABLE == 0x1)?SIZEOF (.cy_checksum_exclude):0x0
                0x00000001                ASSERT ((cy_checksum_exclude_size <= CY_CHECKSUM_EXCLUDE_SIZE), CY_BOOT: Section .cy_checksum_exclude size exceedes specified limit.)

.cyloadermeta
 *(.cyloadermeta)

.cyloadablemeta
 *(.cyloadablemeta)

.cyconfigecc    0x80000000      0xf80
 *(.cyconfigecc)
 .cyconfigecc   0x80000000      0xf80 .\CortexM3\ARM_GCC_541\Debug\cymetadata.o
                0x80000000                cy_meta_configecc

.cycustnvl      0x90000000        0x4
 *(.cycustnvl)
 .cycustnvl     0x90000000        0x4 .\CortexM3\ARM_GCC_541\Debug\cymetadata.o
                0x90000000                cy_meta_custnvl

.cywolatch      0x90100000        0x4
 *(.cywolatch)
 .cywolatch     0x90100000        0x4 .\CortexM3\ARM_GCC_541\Debug\cymetadata.o
                0x90100000                cy_meta_wonvl

.cyeeprom       0x90200000        0x0
 *(.cyeeprom)
                0x00000001                ASSERT ((. <= ((0x90200000 + ee_offset) + ee_size)), .cyeeprom data will not fit in EEPROM)

.cyflashprotect
                0x90400000      0x100
 *(.cyflashprotect)
 .cyflashprotect
                0x90400000      0x100 .\CortexM3\ARM_GCC_541\Debug\cymetadata.o
                0x90400000                cy_meta_flashprotect

.cymeta         0x90500000        0xc
 *(.cymeta)
 .cymeta        0x90500000        0xc .\CortexM3\ARM_GCC_541\Debug\cymetadata.o
                0x90500000                cy_metadata

.rel.dyn        0x00002300        0x0 load address 0x9050000c
 .rel.iplt      0x00002300        0x0 c:/program files (x86)/cypress/psoc creator/4.2/psoc creator/import/gnu/arm/5.4.1/bin/../lib/gcc/arm-none-eabi/5.4.1/armv7-m/crtbegin.o

.stab
 *(.stab)

.stabstr
 *(.stabstr)

.debug
 *(.debug)

.line
 *(.line)

.debug_srcinfo
 *(.debug_srcinfo)

.debug_sfnames
 *(.debug_sfnames)

.debug_aranges  0x00000000     0x10e0
 *(.debug_aranges)
 .debug_aranges
                0x00000000       0x40 .\CortexM3\ARM_GCC_541\Debug\main.o
 .debug_aranges
                0x00000040       0x58 .\CortexM3\ARM_GCC_541\Debug\cyfitter_cfg.o
 .debug_aranges
                0x00000098       0x18 .\CortexM3\ARM_GCC_541\Debug\cymetadata.o
 .debug_aranges
                0x000000b0       0x48 .\CortexM3\ARM_GCC_541\Debug\Cm3Start.o
 .debug_aranges
                0x000000f8       0x98 .\CortexM3\ARM_GCC_541\Debug\Reciever.a(LCD.o)
 .debug_aranges
                0x00000190       0xf0 .\CortexM3\ARM_GCC_541\Debug\Reciever.a(UART.o)
 .debug_aranges
                0x00000280       0x80 .\CortexM3\ARM_GCC_541\Debug\Reciever.a(com.o)
 .debug_aranges
                0x00000300       0x98 .\CortexM3\ARM_GCC_541\Debug\Reciever.a(PWM_1.o)
 .debug_aranges
                0x00000398       0x98 .\CortexM3\ARM_GCC_541\Debug\Reciever.a(PWM_2.o)
 .debug_aranges
                0x00000430       0x98 .\CortexM3\ARM_GCC_541\Debug\Reciever.a(PWM_3.o)
 .debug_aranges
                0x000004c8       0x98 .\CortexM3\ARM_GCC_541\Debug\Reciever.a(PWM_4.o)
 .debug_aranges
                0x00000560       0x98 .\CortexM3\ARM_GCC_541\Debug\Reciever.a(PWM_5.o)
 .debug_aranges
                0x000005f8       0x70 .\CortexM3\ARM_GCC_541\Debug\Reciever.a(Clock_1.o)
 .debug_aranges
                0x00000668       0x70 .\CortexM3\ARM_GCC_541\Debug\Reciever.a(UART_IntClock.o)
 .debug_aranges
                0x000006d8       0xd8 .\CortexM3\ARM_GCC_541\Debug\Reciever.a(CyDmac.o)
 .debug_aranges
                0x000007b0      0x2a0 .\CortexM3\ARM_GCC_541\Debug\Reciever.a(CyLib.o)
 .debug_aranges
                0x00000a50       0x98 .\CortexM3\ARM_GCC_541\Debug\Reciever.a(cyPm.o)
 .debug_aranges
                0x00000ae8       0x98 .\CortexM3\ARM_GCC_541\Debug\Reciever.a(PWM_6.o)
 .debug_aranges
                0x00000b80       0x98 .\CortexM3\ARM_GCC_541\Debug\Reciever.a(PWM_7.o)
 .debug_aranges
                0x00000c18       0x98 .\CortexM3\ARM_GCC_541\Debug\Reciever.a(PWM_8.o)
 .debug_aranges
                0x00000cb0       0x98 .\CortexM3\ARM_GCC_541\Debug\Reciever.a(PWM_9.o)
 .debug_aranges
                0x00000d48       0xa0 .\CortexM3\ARM_GCC_541\Debug\Reciever.a(ADC.o)
 .debug_aranges
                0x00000de8       0x20 .\CortexM3\ARM_GCC_541\Debug\Reciever.a(ADC_INT.o)
 .debug_aranges
                0x00000e08       0x38 .\CortexM3\ARM_GCC_541\Debug\Reciever.a(MODE.o)
 .debug_aranges
                0x00000e40       0xa8 .\CortexM3\ARM_GCC_541\Debug\Reciever.a(ADC_SAR.o)
 .debug_aranges
                0x00000ee8       0x28 .\CortexM3\ARM_GCC_541\Debug\Reciever.a(ADC_TempBuf_dma.o)
 .debug_aranges
                0x00000f10       0x28 .\CortexM3\ARM_GCC_541\Debug\Reciever.a(ADC_FinalBuf_dma.o)
 .debug_aranges
                0x00000f38       0x80 .\CortexM3\ARM_GCC_541\Debug\Reciever.a(ADC_IRQ.o)
 .debug_aranges
                0x00000fb8       0x20 .\CortexM3\ARM_GCC_541\Debug\Reciever.a(CyBootAsmGnu.o)
 .debug_aranges
                0x00000fd8       0x88 .\CortexM3\ARM_GCC_541\Debug\Reciever.a(CyFlash.o)
 .debug_aranges
                0x00001060       0x80 .\CortexM3\ARM_GCC_541\Debug\Reciever.a(CySpc.o)

.debug_pubnames
 *(.debug_pubnames)

.debug_info     0x00000000     0x8cfc
 *(.debug_info .gnu.linkonce.wi.*)
 .debug_info    0x00000000      0x762 .\CortexM3\ARM_GCC_541\Debug\main.o
 .debug_info    0x00000762      0x692 .\CortexM3\ARM_GCC_541\Debug\cyfitter_cfg.o
 .debug_info    0x00000df4      0x139 .\CortexM3\ARM_GCC_541\Debug\cymetadata.o
 .debug_info    0x00000f2d      0x3cf .\CortexM3\ARM_GCC_541\Debug\Cm3Start.o
 .debug_info    0x000012fc      0x715 .\CortexM3\ARM_GCC_541\Debug\Reciever.a(LCD.o)
 .debug_info    0x00001a11      0x60c .\CortexM3\ARM_GCC_541\Debug\Reciever.a(UART.o)
 .debug_info    0x0000201d      0x2d2 .\CortexM3\ARM_GCC_541\Debug\Reciever.a(com.o)
 .debug_info    0x000022ef      0x351 .\CortexM3\ARM_GCC_541\Debug\Reciever.a(PWM_1.o)
 .debug_info    0x00002640      0x351 .\CortexM3\ARM_GCC_541\Debug\Reciever.a(PWM_2.o)
 .debug_info    0x00002991      0x351 .\CortexM3\ARM_GCC_541\Debug\Reciever.a(PWM_3.o)
 .debug_info    0x00002ce2      0x351 .\CortexM3\ARM_GCC_541\Debug\Reciever.a(PWM_4.o)
 .debug_info    0x00003033      0x351 .\CortexM3\ARM_GCC_541\Debug\Reciever.a(PWM_5.o)
 .debug_info    0x00003384      0x283 .\CortexM3\ARM_GCC_541\Debug\Reciever.a(Clock_1.o)
 .debug_info    0x00003607      0x283 .\CortexM3\ARM_GCC_541\Debug\Reciever.a(UART_IntClock.o)
 .debug_info    0x0000388a      0x94e .\CortexM3\ARM_GCC_541\Debug\Reciever.a(CyDmac.o)
 .debug_info    0x000041d8     0x1374 .\CortexM3\ARM_GCC_541\Debug\Reciever.a(CyLib.o)
 .debug_info    0x0000554c      0xa2a .\CortexM3\ARM_GCC_541\Debug\Reciever.a(cyPm.o)
 .debug_info    0x00005f76      0x351 .\CortexM3\ARM_GCC_541\Debug\Reciever.a(PWM_6.o)
 .debug_info    0x000062c7      0x351 .\CortexM3\ARM_GCC_541\Debug\Reciever.a(PWM_7.o)
 .debug_info    0x00006618      0x351 .\CortexM3\ARM_GCC_541\Debug\Reciever.a(PWM_8.o)
 .debug_info    0x00006969      0x351 .\CortexM3\ARM_GCC_541\Debug\Reciever.a(PWM_9.o)
 .debug_info    0x00006cba      0x6f2 .\CortexM3\ARM_GCC_541\Debug\Reciever.a(ADC.o)
 .debug_info    0x000073ac       0xa0 .\CortexM3\ARM_GCC_541\Debug\Reciever.a(ADC_INT.o)
 .debug_info    0x0000744c      0x11f .\CortexM3\ARM_GCC_541\Debug\Reciever.a(MODE.o)
 .debug_info    0x0000756b      0x544 .\CortexM3\ARM_GCC_541\Debug\Reciever.a(ADC_SAR.o)
 .debug_info    0x00007aaf      0x1a8 .\CortexM3\ARM_GCC_541\Debug\Reciever.a(ADC_TempBuf_dma.o)
 .debug_info    0x00007c57      0x1aa .\CortexM3\ARM_GCC_541\Debug\Reciever.a(ADC_FinalBuf_dma.o)
 .debug_info    0x00007e01      0x2d2 .\CortexM3\ARM_GCC_541\Debug\Reciever.a(ADC_IRQ.o)
 .debug_info    0x000080d3       0x8c .\CortexM3\ARM_GCC_541\Debug\Reciever.a(CyBootAsmGnu.o)
 .debug_info    0x0000815f      0x64d .\CortexM3\ARM_GCC_541\Debug\Reciever.a(CyFlash.o)
 .debug_info    0x000087ac      0x550 .\CortexM3\ARM_GCC_541\Debug\Reciever.a(CySpc.o)

.debug_abbrev   0x00000000     0x274d
 *(.debug_abbrev)
 .debug_abbrev  0x00000000      0x19c .\CortexM3\ARM_GCC_541\Debug\main.o
 .debug_abbrev  0x0000019c      0x20d .\CortexM3\ARM_GCC_541\Debug\cyfitter_cfg.o
 .debug_abbrev  0x000003a9       0x77 .\CortexM3\ARM_GCC_541\Debug\cymetadata.o
 .debug_abbrev  0x00000420      0x1e8 .\CortexM3\ARM_GCC_541\Debug\Cm3Start.o
 .debug_abbrev  0x00000608      0x157 .\CortexM3\ARM_GCC_541\Debug\Reciever.a(LCD.o)
 .debug_abbrev  0x0000075f      0x175 .\CortexM3\ARM_GCC_541\Debug\Reciever.a(UART.o)
 .debug_abbrev  0x000008d4      0x173 .\CortexM3\ARM_GCC_541\Debug\Reciever.a(com.o)
 .debug_abbrev  0x00000a47      0x133 .\CortexM3\ARM_GCC_541\Debug\Reciever.a(PWM_1.o)
 .debug_abbrev  0x00000b7a      0x133 .\CortexM3\ARM_GCC_541\Debug\Reciever.a(PWM_2.o)
 .debug_abbrev  0x00000cad      0x133 .\CortexM3\ARM_GCC_541\Debug\Reciever.a(PWM_3.o)
 .debug_abbrev  0x00000de0      0x133 .\CortexM3\ARM_GCC_541\Debug\Reciever.a(PWM_4.o)
 .debug_abbrev  0x00000f13      0x133 .\CortexM3\ARM_GCC_541\Debug\Reciever.a(PWM_5.o)
 .debug_abbrev  0x00001046      0x139 .\CortexM3\ARM_GCC_541\Debug\Reciever.a(Clock_1.o)
 .debug_abbrev  0x0000117f      0x139 .\CortexM3\ARM_GCC_541\Debug\Reciever.a(UART_IntClock.o)
 .debug_abbrev  0x000012b8      0x1b2 .\CortexM3\ARM_GCC_541\Debug\Reciever.a(CyDmac.o)
 .debug_abbrev  0x0000146a      0x254 .\CortexM3\ARM_GCC_541\Debug\Reciever.a(CyLib.o)
 .debug_abbrev  0x000016be      0x1ab .\CortexM3\ARM_GCC_541\Debug\Reciever.a(cyPm.o)
 .debug_abbrev  0x00001869      0x133 .\CortexM3\ARM_GCC_541\Debug\Reciever.a(PWM_6.o)
 .debug_abbrev  0x0000199c      0x133 .\CortexM3\ARM_GCC_541\Debug\Reciever.a(PWM_7.o)
 .debug_abbrev  0x00001acf      0x133 .\CortexM3\ARM_GCC_541\Debug\Reciever.a(PWM_8.o)
 .debug_abbrev  0x00001c02      0x133 .\CortexM3\ARM_GCC_541\Debug\Reciever.a(PWM_9.o)
 .debug_abbrev  0x00001d35      0x13e .\CortexM3\ARM_GCC_541\Debug\Reciever.a(ADC.o)
 .debug_abbrev  0x00001e73       0x42 .\CortexM3\ARM_GCC_541\Debug\Reciever.a(ADC_INT.o)
 .debug_abbrev  0x00001eb5       0x90 .\CortexM3\ARM_GCC_541\Debug\Reciever.a(MODE.o)
 .debug_abbrev  0x00001f45      0x1ac .\CortexM3\ARM_GCC_541\Debug\Reciever.a(ADC_SAR.o)
 .debug_abbrev  0x000020f1       0xcd .\CortexM3\ARM_GCC_541\Debug\Reciever.a(ADC_TempBuf_dma.o)
 .debug_abbrev  0x000021be       0xcd .\CortexM3\ARM_GCC_541\Debug\Reciever.a(ADC_FinalBuf_dma.o)
 .debug_abbrev  0x0000228b      0x173 .\CortexM3\ARM_GCC_541\Debug\Reciever.a(ADC_IRQ.o)
 .debug_abbrev  0x000023fe       0x14 .\CortexM3\ARM_GCC_541\Debug\Reciever.a(CyBootAsmGnu.o)
 .debug_abbrev  0x00002412      0x1a7 .\CortexM3\ARM_GCC_541\Debug\Reciever.a(CyFlash.o)
 .debug_abbrev  0x000025b9      0x194 .\CortexM3\ARM_GCC_541\Debug\Reciever.a(CySpc.o)

.debug_line     0x00000000     0x39b2
 *(.debug_line)
 .debug_line    0x00000000      0x339 .\CortexM3\ARM_GCC_541\Debug\main.o
 .debug_line    0x00000339      0x209 .\CortexM3\ARM_GCC_541\Debug\cyfitter_cfg.o
 .debug_line    0x00000542      0x141 .\CortexM3\ARM_GCC_541\Debug\cymetadata.o
 .debug_line    0x00000683      0x241 .\CortexM3\ARM_GCC_541\Debug\Cm3Start.o
 .debug_line    0x000008c4      0x1dc .\CortexM3\ARM_GCC_541\Debug\Reciever.a(LCD.o)
 .debug_line    0x00000aa0      0x2bc .\CortexM3\ARM_GCC_541\Debug\Reciever.a(UART.o)
 .debug_line    0x00000d5c      0x130 .\CortexM3\ARM_GCC_541\Debug\Reciever.a(com.o)
 .debug_line    0x00000e8c      0x188 .\CortexM3\ARM_GCC_541\Debug\Reciever.a(PWM_1.o)
 .debug_line    0x00001014      0x188 .\CortexM3\ARM_GCC_541\Debug\Reciever.a(PWM_2.o)
 .debug_line    0x0000119c      0x188 .\CortexM3\ARM_GCC_541\Debug\Reciever.a(PWM_3.o)
 .debug_line    0x00001324      0x188 .\CortexM3\ARM_GCC_541\Debug\Reciever.a(PWM_4.o)
 .debug_line    0x000014ac      0x188 .\CortexM3\ARM_GCC_541\Debug\Reciever.a(PWM_5.o)
 .debug_line    0x00001634      0x176 .\CortexM3\ARM_GCC_541\Debug\Reciever.a(Clock_1.o)
 .debug_line    0x000017aa      0x17c .\CortexM3\ARM_GCC_541\Debug\Reciever.a(UART_IntClock.o)
 .debug_line    0x00001926      0x2e4 .\CortexM3\ARM_GCC_541\Debug\Reciever.a(CyDmac.o)
 .debug_line    0x00001c0a      0x816 .\CortexM3\ARM_GCC_541\Debug\Reciever.a(CyLib.o)
 .debug_line    0x00002420      0x367 .\CortexM3\ARM_GCC_541\Debug\Reciever.a(cyPm.o)
 .debug_line    0x00002787      0x188 .\CortexM3\ARM_GCC_541\Debug\Reciever.a(PWM_6.o)
 .debug_line    0x0000290f      0x188 .\CortexM3\ARM_GCC_541\Debug\Reciever.a(PWM_7.o)
 .debug_line    0x00002a97      0x188 .\CortexM3\ARM_GCC_541\Debug\Reciever.a(PWM_8.o)
 .debug_line    0x00002c1f      0x188 .\CortexM3\ARM_GCC_541\Debug\Reciever.a(PWM_9.o)
 .debug_line    0x00002da7      0x202 .\CortexM3\ARM_GCC_541\Debug\Reciever.a(ADC.o)
 .debug_line    0x00002fa9       0x50 .\CortexM3\ARM_GCC_541\Debug\Reciever.a(ADC_INT.o)
 .debug_line    0x00002ff9       0x91 .\CortexM3\ARM_GCC_541\Debug\Reciever.a(MODE.o)
 .debug_line    0x0000308a      0x203 .\CortexM3\ARM_GCC_541\Debug\Reciever.a(ADC_SAR.o)
 .debug_line    0x0000328d       0x88 .\CortexM3\ARM_GCC_541\Debug\Reciever.a(ADC_TempBuf_dma.o)
 .debug_line    0x00003315       0x89 .\CortexM3\ARM_GCC_541\Debug\Reciever.a(ADC_FinalBuf_dma.o)
 .debug_line    0x0000339e      0x134 .\CortexM3\ARM_GCC_541\Debug\Reciever.a(ADC_IRQ.o)
 .debug_line    0x000034d2       0x66 .\CortexM3\ARM_GCC_541\Debug\Reciever.a(CyBootAsmGnu.o)
 .debug_line    0x00003538      0x21a .\CortexM3\ARM_GCC_541\Debug\Reciever.a(CyFlash.o)
 .debug_line    0x00003752      0x260 .\CortexM3\ARM_GCC_541\Debug\Reciever.a(CySpc.o)

.debug_frame    0x00000000     0x2944
 *(.debug_frame)
 .debug_frame   0x00000000       0xa4 .\CortexM3\ARM_GCC_541\Debug\main.o
 .debug_frame   0x000000a4       0xfc .\CortexM3\ARM_GCC_541\Debug\cyfitter_cfg.o
 .debug_frame   0x000001a0       0xb8 .\CortexM3\ARM_GCC_541\Debug\Cm3Start.o
 .debug_frame   0x00000258      0x1e8 .\CortexM3\ARM_GCC_541\Debug\Reciever.a(LCD.o)
 .debug_frame   0x00000440      0x250 .\CortexM3\ARM_GCC_541\Debug\Reciever.a(UART.o)
 .debug_frame   0x00000690      0x104 .\CortexM3\ARM_GCC_541\Debug\Reciever.a(com.o)
 .debug_frame   0x00000794      0x134 .\CortexM3\ARM_GCC_541\Debug\Reciever.a(PWM_1.o)
 .debug_frame   0x000008c8      0x134 .\CortexM3\ARM_GCC_541\Debug\Reciever.a(PWM_2.o)
 .debug_frame   0x000009fc      0x134 .\CortexM3\ARM_GCC_541\Debug\Reciever.a(PWM_3.o)
 .debug_frame   0x00000b30      0x134 .\CortexM3\ARM_GCC_541\Debug\Reciever.a(PWM_4.o)
 .debug_frame   0x00000c64      0x134 .\CortexM3\ARM_GCC_541\Debug\Reciever.a(PWM_5.o)
 .debug_frame   0x00000d98       0xe0 .\CortexM3\ARM_GCC_541\Debug\Reciever.a(Clock_1.o)
 .debug_frame   0x00000e78       0xe0 .\CortexM3\ARM_GCC_541\Debug\Reciever.a(UART_IntClock.o)
 .debug_frame   0x00000f58      0x1f8 .\CortexM3\ARM_GCC_541\Debug\Reciever.a(CyDmac.o)
 .debug_frame   0x00001150      0x738 .\CortexM3\ARM_GCC_541\Debug\Reciever.a(CyLib.o)
 .debug_frame   0x00001888      0x1f8 .\CortexM3\ARM_GCC_541\Debug\Reciever.a(cyPm.o)
 .debug_frame   0x00001a80      0x134 .\CortexM3\ARM_GCC_541\Debug\Reciever.a(PWM_6.o)
 .debug_frame   0x00001bb4      0x134 .\CortexM3\ARM_GCC_541\Debug\Reciever.a(PWM_7.o)
 .debug_frame   0x00001ce8      0x134 .\CortexM3\ARM_GCC_541\Debug\Reciever.a(PWM_8.o)
 .debug_frame   0x00001e1c      0x134 .\CortexM3\ARM_GCC_541\Debug\Reciever.a(PWM_9.o)
 .debug_frame   0x00001f50      0x1dc .\CortexM3\ARM_GCC_541\Debug\Reciever.a(ADC.o)
 .debug_frame   0x0000212c       0x20 .\CortexM3\ARM_GCC_541\Debug\Reciever.a(ADC_INT.o)
 .debug_frame   0x0000214c       0x50 .\CortexM3\ARM_GCC_541\Debug\Reciever.a(MODE.o)
 .debug_frame   0x0000219c      0x1b0 .\CortexM3\ARM_GCC_541\Debug\Reciever.a(ADC_SAR.o)
 .debug_frame   0x0000234c       0x54 .\CortexM3\ARM_GCC_541\Debug\Reciever.a(ADC_TempBuf_dma.o)
 .debug_frame   0x000023a0       0x54 .\CortexM3\ARM_GCC_541\Debug\Reciever.a(ADC_FinalBuf_dma.o)
 .debug_frame   0x000023f4      0x104 .\CortexM3\ARM_GCC_541\Debug\Reciever.a(ADC_IRQ.o)
 .debug_frame   0x000024f8      0x194 .\CortexM3\ARM_GCC_541\Debug\Reciever.a(CyFlash.o)
 .debug_frame   0x0000268c      0x180 .\CortexM3\ARM_GCC_541\Debug\Reciever.a(CySpc.o)
 .debug_frame   0x0000280c       0x44 c:/program files (x86)/cypress/psoc creator/4.2/psoc creator/import/gnu/arm/5.4.1/bin/../lib/gcc/arm-none-eabi/5.4.1/armv7-m\libgcc.a(_aeabi_ldivmod.o)
 .debug_frame   0x00002850       0x38 c:/program files (x86)/cypress/psoc creator/4.2/psoc creator/import/gnu/arm/5.4.1/bin/../lib/gcc/arm-none-eabi/5.4.1/armv7-m\libgcc.a(_udivmoddi4.o)
 .debug_frame   0x00002888       0x20 c:/program files (x86)/cypress/psoc creator/4.2/psoc creator/import/gnu/arm/5.4.1/bin/../lib/gcc/arm-none-eabi/5.4.1/../../../../arm-none-eabi/lib/armv7-m\libg_nano.a(lib_a-errno.o)
 .debug_frame   0x000028a8       0x28 c:/program files (x86)/cypress/psoc creator/4.2/psoc creator/import/gnu/arm/5.4.1/bin/../lib/gcc/arm-none-eabi/5.4.1/../../../../arm-none-eabi/lib/armv7-m\libg_nano.a(lib_a-exit.o)
 .debug_frame   0x000028d0       0x2c c:/program files (x86)/cypress/psoc creator/4.2/psoc creator/import/gnu/arm/5.4.1/bin/../lib/gcc/arm-none-eabi/5.4.1/../../../../arm-none-eabi/lib/armv7-m\libg_nano.a(lib_a-init.o)
 .debug_frame   0x000028fc       0x28 c:/program files (x86)/cypress/psoc creator/4.2/psoc creator/import/gnu/arm/5.4.1/bin/../lib/gcc/arm-none-eabi/5.4.1/../../../../arm-none-eabi/lib/armv7-m\libg_nano.a(lib_a-memcpy-stub.o)
 .debug_frame   0x00002924       0x20 c:/program files (x86)/cypress/psoc creator/4.2/psoc creator/import/gnu/arm/5.4.1/bin/../lib/gcc/arm-none-eabi/5.4.1/../../../../arm-none-eabi/lib/armv7-m\libg_nano.a(lib_a-memset.o)

.debug_str      0x00000000     0x30ce
 *(.debug_str)
 .debug_str     0x00000000      0x396 .\CortexM3\ARM_GCC_541\Debug\main.o
                                0x3ef (size before relaxing)
 .debug_str     0x00000396      0x1b8 .\CortexM3\ARM_GCC_541\Debug\cyfitter_cfg.o
                                0x34a (size before relaxing)
 .debug_str     0x0000054e       0x7f .\CortexM3\ARM_GCC_541\Debug\cymetadata.o
                                0x1e0 (size before relaxing)
 .debug_str     0x000005cd      0x154 .\CortexM3\ARM_GCC_541\Debug\Cm3Start.o
                                0x316 (size before relaxing)
 .debug_str     0x00000721      0x11f .\CortexM3\ARM_GCC_541\Debug\Reciever.a(LCD.o)
                                0x327 (size before relaxing)
 .debug_str     0x00000840      0x2af .\CortexM3\ARM_GCC_541\Debug\Reciever.a(UART.o)
                                0x471 (size before relaxing)
 .debug_str     0x00000aef       0xc5 .\CortexM3\ARM_GCC_541\Debug\Reciever.a(com.o)
                                0x286 (size before relaxing)
 .debug_str     0x00000bb4      0x170 .\CortexM3\ARM_GCC_541\Debug\Reciever.a(PWM_1.o)
                                0x35a (size before relaxing)
 .debug_str     0x00000d24      0x146 .\CortexM3\ARM_GCC_541\Debug\Reciever.a(PWM_2.o)
                                0x35a (size before relaxing)
 .debug_str     0x00000e6a      0x146 .\CortexM3\ARM_GCC_541\Debug\Reciever.a(PWM_3.o)
                                0x35a (size before relaxing)
 .debug_str     0x00000fb0      0x146 .\CortexM3\ARM_GCC_541\Debug\Reciever.a(PWM_4.o)
                                0x35a (size before relaxing)
 .debug_str     0x000010f6      0x146 .\CortexM3\ARM_GCC_541\Debug\Reciever.a(PWM_5.o)
                                0x35a (size before relaxing)
 .debug_str     0x0000123c      0x15a .\CortexM3\ARM_GCC_541\Debug\Reciever.a(Clock_1.o)
                                0x2ea (size before relaxing)
 .debug_str     0x00001396      0x138 .\CortexM3\ARM_GCC_541\Debug\Reciever.a(UART_IntClock.o)
                                0x332 (size before relaxing)
 .debug_str     0x000014ce      0x347 .\CortexM3\ARM_GCC_541\Debug\Reciever.a(CyDmac.o)
                                0x546 (size before relaxing)
 .debug_str     0x00001815      0x7c9 .\CortexM3\ARM_GCC_541\Debug\Reciever.a(CyLib.o)
                                0xa43 (size before relaxing)
 .debug_str     0x00001fde      0x365 .\CortexM3\ARM_GCC_541\Debug\Reciever.a(cyPm.o)
                                0x72f (size before relaxing)
 .debug_str     0x00002343      0x146 .\CortexM3\ARM_GCC_541\Debug\Reciever.a(PWM_6.o)
                                0x35a (size before relaxing)
 .debug_str     0x00002489      0x146 .\CortexM3\ARM_GCC_541\Debug\Reciever.a(PWM_7.o)
                                0x35a (size before relaxing)
 .debug_str     0x000025cf      0x146 .\CortexM3\ARM_GCC_541\Debug\Reciever.a(PWM_8.o)
                                0x35a (size before relaxing)
 .debug_str     0x00002715      0x146 .\CortexM3\ARM_GCC_541\Debug\Reciever.a(PWM_9.o)
                                0x35a (size before relaxing)
 .debug_str     0x0000285b      0x2cf .\CortexM3\ARM_GCC_541\Debug\Reciever.a(ADC.o)
                                0x57c (size before relaxing)
 .debug_str     0x00002b2a       0x29 .\CortexM3\ARM_GCC_541\Debug\Reciever.a(ADC_INT.o)
                                0x1a0 (size before relaxing)
 .debug_str     0x00002b53       0x57 .\CortexM3\ARM_GCC_541\Debug\Reciever.a(MODE.o)
                                0x1d9 (size before relaxing)
 .debug_str     0x00002baa       0xf7 .\CortexM3\ARM_GCC_541\Debug\Reciever.a(ADC_SAR.o)
                                0x43a (size before relaxing)
 .debug_str     0x00002ca1       0x91 .\CortexM3\ARM_GCC_541\Debug\Reciever.a(ADC_TempBuf_dma.o)
                                0x280 (size before relaxing)
 .debug_str     0x00002d32       0x59 .\CortexM3\ARM_GCC_541\Debug\Reciever.a(ADC_FinalBuf_dma.o)
                                0x284 (size before relaxing)
 .debug_str     0x00002d8b       0xdc .\CortexM3\ARM_GCC_541\Debug\Reciever.a(ADC_IRQ.o)
                                0x2be (size before relaxing)
 .debug_str     0x00002e67      0x1bb .\CortexM3\ARM_GCC_541\Debug\Reciever.a(CyFlash.o)
                                0x3bc (size before relaxing)
 .debug_str     0x00003022       0xac .\CortexM3\ARM_GCC_541\Debug\Reciever.a(CySpc.o)
                                0x334 (size before relaxing)

.debug_loc      0x00000000     0x391c
 *(.debug_loc)
 .debug_loc     0x00000000      0x365 .\CortexM3\ARM_GCC_541\Debug\main.o
 .debug_loc     0x00000365      0x2ae .\CortexM3\ARM_GCC_541\Debug\cyfitter_cfg.o
 .debug_loc     0x00000613      0x144 .\CortexM3\ARM_GCC_541\Debug\Cm3Start.o
 .debug_loc     0x00000757      0x3c6 .\CortexM3\ARM_GCC_541\Debug\Reciever.a(LCD.o)
 .debug_loc     0x00000b1d      0x258 .\CortexM3\ARM_GCC_541\Debug\Reciever.a(UART.o)
 .debug_loc     0x00000d75       0x56 .\CortexM3\ARM_GCC_541\Debug\Reciever.a(com.o)
 .debug_loc     0x00000dcb       0x26 .\CortexM3\ARM_GCC_541\Debug\Reciever.a(PWM_1.o)
 .debug_loc     0x00000df1       0x26 .\CortexM3\ARM_GCC_541\Debug\Reciever.a(PWM_2.o)
 .debug_loc     0x00000e17       0x26 .\CortexM3\ARM_GCC_541\Debug\Reciever.a(PWM_3.o)
 .debug_loc     0x00000e3d       0x26 .\CortexM3\ARM_GCC_541\Debug\Reciever.a(PWM_4.o)
 .debug_loc     0x00000e63       0x26 .\CortexM3\ARM_GCC_541\Debug\Reciever.a(PWM_5.o)
 .debug_loc     0x00000e89      0x128 .\CortexM3\ARM_GCC_541\Debug\Reciever.a(Clock_1.o)
 .debug_loc     0x00000fb1      0x128 .\CortexM3\ARM_GCC_541\Debug\Reciever.a(UART_IntClock.o)
 .debug_loc     0x000010d9      0xb8e .\CortexM3\ARM_GCC_541\Debug\Reciever.a(CyDmac.o)
 .debug_loc     0x00001c67      0xa11 .\CortexM3\ARM_GCC_541\Debug\Reciever.a(CyLib.o)
 .debug_loc     0x00002678      0x1e4 .\CortexM3\ARM_GCC_541\Debug\Reciever.a(cyPm.o)
 .debug_loc     0x0000285c       0x26 .\CortexM3\ARM_GCC_541\Debug\Reciever.a(PWM_6.o)
 .debug_loc     0x00002882       0x26 .\CortexM3\ARM_GCC_541\Debug\Reciever.a(PWM_7.o)
 .debug_loc     0x000028a8       0x26 .\CortexM3\ARM_GCC_541\Debug\Reciever.a(PWM_8.o)
 .debug_loc     0x000028ce       0x26 .\CortexM3\ARM_GCC_541\Debug\Reciever.a(PWM_9.o)
 .debug_loc     0x000028f4      0x13c .\CortexM3\ARM_GCC_541\Debug\Reciever.a(ADC.o)
 .debug_loc     0x00002a30       0x42 .\CortexM3\ARM_GCC_541\Debug\Reciever.a(MODE.o)
 .debug_loc     0x00002a72      0x295 .\CortexM3\ARM_GCC_541\Debug\Reciever.a(ADC_SAR.o)
 .debug_loc     0x00002d07       0x84 .\CortexM3\ARM_GCC_541\Debug\Reciever.a(ADC_TempBuf_dma.o)
 .debug_loc     0x00002d8b       0x84 .\CortexM3\ARM_GCC_541\Debug\Reciever.a(ADC_FinalBuf_dma.o)
 .debug_loc     0x00002e0f       0x56 .\CortexM3\ARM_GCC_541\Debug\Reciever.a(ADC_IRQ.o)
 .debug_loc     0x00002e65      0x3b2 .\CortexM3\ARM_GCC_541\Debug\Reciever.a(CyFlash.o)
 .debug_loc     0x00003217      0x705 .\CortexM3\ARM_GCC_541\Debug\Reciever.a(CySpc.o)

.debug_macinfo
 *(.debug_macinfo)

.debug_ranges   0x00000000      0xed8
 *(.debug_ranges)
 .debug_ranges  0x00000000       0x30 .\CortexM3\ARM_GCC_541\Debug\main.o
 .debug_ranges  0x00000030       0x48 .\CortexM3\ARM_GCC_541\Debug\cyfitter_cfg.o
 .debug_ranges  0x00000078       0x38 .\CortexM3\ARM_GCC_541\Debug\Cm3Start.o
 .debug_ranges  0x000000b0       0x88 .\CortexM3\ARM_GCC_541\Debug\Reciever.a(LCD.o)
 .debug_ranges  0x00000138       0xe0 .\CortexM3\ARM_GCC_541\Debug\Reciever.a(UART.o)
 .debug_ranges  0x00000218       0x70 .\CortexM3\ARM_GCC_541\Debug\Reciever.a(com.o)
 .debug_ranges  0x00000288       0x88 .\CortexM3\ARM_GCC_541\Debug\Reciever.a(PWM_1.o)
 .debug_ranges  0x00000310       0x88 .\CortexM3\ARM_GCC_541\Debug\Reciever.a(PWM_2.o)
 .debug_ranges  0x00000398       0x88 .\CortexM3\ARM_GCC_541\Debug\Reciever.a(PWM_3.o)
 .debug_ranges  0x00000420       0x88 .\CortexM3\ARM_GCC_541\Debug\Reciever.a(PWM_4.o)
 .debug_ranges  0x000004a8       0x88 .\CortexM3\ARM_GCC_541\Debug\Reciever.a(PWM_5.o)
 .debug_ranges  0x00000530       0x60 .\CortexM3\ARM_GCC_541\Debug\Reciever.a(Clock_1.o)
 .debug_ranges  0x00000590       0x60 .\CortexM3\ARM_GCC_541\Debug\Reciever.a(UART_IntClock.o)
 .debug_ranges  0x000005f0       0xc8 .\CortexM3\ARM_GCC_541\Debug\Reciever.a(CyDmac.o)
 .debug_ranges  0x000006b8      0x290 .\CortexM3\ARM_GCC_541\Debug\Reciever.a(CyLib.o)
 .debug_ranges  0x00000948       0x88 .\CortexM3\ARM_GCC_541\Debug\Reciever.a(cyPm.o)
 .debug_ranges  0x000009d0       0x88 .\CortexM3\ARM_GCC_541\Debug\Reciever.a(PWM_6.o)
 .debug_ranges  0x00000a58       0x88 .\CortexM3\ARM_GCC_541\Debug\Reciever.a(PWM_7.o)
 .debug_ranges  0x00000ae0       0x88 .\CortexM3\ARM_GCC_541\Debug\Reciever.a(PWM_8.o)
 .debug_ranges  0x00000b68       0x88 .\CortexM3\ARM_GCC_541\Debug\Reciever.a(PWM_9.o)
 .debug_ranges  0x00000bf0       0x90 .\CortexM3\ARM_GCC_541\Debug\Reciever.a(ADC.o)
 .debug_ranges  0x00000c80       0x10 .\CortexM3\ARM_GCC_541\Debug\Reciever.a(ADC_INT.o)
 .debug_ranges  0x00000c90       0x28 .\CortexM3\ARM_GCC_541\Debug\Reciever.a(MODE.o)
 .debug_ranges  0x00000cb8       0x98 .\CortexM3\ARM_GCC_541\Debug\Reciever.a(ADC_SAR.o)
 .debug_ranges  0x00000d50       0x18 .\CortexM3\ARM_GCC_541\Debug\Reciever.a(ADC_TempBuf_dma.o)
 .debug_ranges  0x00000d68       0x18 .\CortexM3\ARM_GCC_541\Debug\Reciever.a(ADC_FinalBuf_dma.o)
 .debug_ranges  0x00000d80       0x70 .\CortexM3\ARM_GCC_541\Debug\Reciever.a(ADC_IRQ.o)
 .debug_ranges  0x00000df0       0x78 .\CortexM3\ARM_GCC_541\Debug\Reciever.a(CyFlash.o)
 .debug_ranges  0x00000e68       0x70 .\CortexM3\ARM_GCC_541\Debug\Reciever.a(CySpc.o)

.comment        0x00000000       0x6e
 .comment       0x00000000       0x6e .\CortexM3\ARM_GCC_541\Debug\main.o
                                 0x6f (size before relaxing)
 .comment       0x0000006e       0x6f .\CortexM3\ARM_GCC_541\Debug\cyfitter_cfg.o
 .comment       0x0000006e       0x6f .\CortexM3\ARM_GCC_541\Debug\cymetadata.o
 .comment       0x0000006e       0x6f .\CortexM3\ARM_GCC_541\Debug\Cm3Start.o
 .comment       0x0000006e       0x6f .\CortexM3\ARM_GCC_541\Debug\Reciever.a(LCD.o)
 .comment       0x0000006e       0x6f .\CortexM3\ARM_GCC_541\Debug\Reciever.a(UART.o)
 .comment       0x0000006e       0x6f .\CortexM3\ARM_GCC_541\Debug\Reciever.a(com.o)
 .comment       0x0000006e       0x6f .\CortexM3\ARM_GCC_541\Debug\Reciever.a(PWM_1.o)
 .comment       0x0000006e       0x6f .\CortexM3\ARM_GCC_541\Debug\Reciever.a(PWM_2.o)
 .comment       0x0000006e       0x6f .\CortexM3\ARM_GCC_541\Debug\Reciever.a(PWM_3.o)
 .comment       0x0000006e       0x6f .\CortexM3\ARM_GCC_541\Debug\Reciever.a(PWM_4.o)
 .comment       0x0000006e       0x6f .\CortexM3\ARM_GCC_541\Debug\Reciever.a(PWM_5.o)
 .comment       0x0000006e       0x6f .\CortexM3\ARM_GCC_541\Debug\Reciever.a(Clock_1.o)
 .comment       0x0000006e       0x6f .\CortexM3\ARM_GCC_541\Debug\Reciever.a(UART_IntClock.o)
 .comment       0x0000006e       0x6f .\CortexM3\ARM_GCC_541\Debug\Reciever.a(CyDmac.o)
 .comment       0x0000006e       0x6f .\CortexM3\ARM_GCC_541\Debug\Reciever.a(CyLib.o)
 .comment       0x0000006e       0x6f .\CortexM3\ARM_GCC_541\Debug\Reciever.a(cyPm.o)
 .comment       0x0000006e       0x6f .\CortexM3\ARM_GCC_541\Debug\Reciever.a(PWM_6.o)
 .comment       0x0000006e       0x6f .\CortexM3\ARM_GCC_541\Debug\Reciever.a(PWM_7.o)
 .comment       0x0000006e       0x6f .\CortexM3\ARM_GCC_541\Debug\Reciever.a(PWM_8.o)
 .comment       0x0000006e       0x6f .\CortexM3\ARM_GCC_541\Debug\Reciever.a(PWM_9.o)
 .comment       0x0000006e       0x6f .\CortexM3\ARM_GCC_541\Debug\Reciever.a(ADC.o)
 .comment       0x0000006e       0x6f .\CortexM3\ARM_GCC_541\Debug\Reciever.a(ADC_INT.o)
 .comment       0x0000006e       0x6f .\CortexM3\ARM_GCC_541\Debug\Reciever.a(MODE.o)
 .comment       0x0000006e       0x6f .\CortexM3\ARM_GCC_541\Debug\Reciever.a(ADC_SAR.o)
 .comment       0x0000006e       0x6f .\CortexM3\ARM_GCC_541\Debug\Reciever.a(ADC_TempBuf_dma.o)
 .comment       0x0000006e       0x6f .\CortexM3\ARM_GCC_541\Debug\Reciever.a(ADC_FinalBuf_dma.o)
 .comment       0x0000006e       0x6f .\CortexM3\ARM_GCC_541\Debug\Reciever.a(ADC_IRQ.o)
 .comment       0x0000006e       0x6f .\CortexM3\ARM_GCC_541\Debug\Reciever.a(CyFlash.o)
 .comment       0x0000006e       0x6f .\CortexM3\ARM_GCC_541\Debug\Reciever.a(CySpc.o)

.debug_weaknames
 *(.debug_weaknames)

.debug_funcnames
 *(.debug_funcnames)

.debug_typenames
 *(.debug_typenames)

.debug_varnames
 *(.debug_varnames)

.note.gnu.arm.ident
 *(.note.gnu.arm.ident)

.ARM.attributes
                0x00000000       0x29
 *(.ARM.attributes)
 .ARM.attributes
                0x00000000       0x1d c:/program files (x86)/cypress/psoc creator/4.2/psoc creator/import/gnu/arm/5.4.1/bin/../lib/gcc/arm-none-eabi/5.4.1/armv7-m/crti.o
 .ARM.attributes
                0x0000001d       0x2d c:/program files (x86)/cypress/psoc creator/4.2/psoc creator/import/gnu/arm/5.4.1/bin/../lib/gcc/arm-none-eabi/5.4.1/armv7-m/crtbegin.o
 .ARM.attributes
                0x0000004a       0x1b c:/program files (x86)/cypress/psoc creator/4.2/psoc creator/import/gnu/arm/5.4.1/bin/../lib/gcc/arm-none-eabi/5.4.1/../../../../arm-none-eabi/lib/armv7-m/crt0.o
 .ARM.attributes
                0x00000065       0x33 .\CortexM3\ARM_GCC_541\Debug\main.o
 .ARM.attributes
                0x00000098       0x33 .\CortexM3\ARM_GCC_541\Debug\cyfitter_cfg.o
 .ARM.attributes
                0x000000cb       0x33 .\CortexM3\ARM_GCC_541\Debug\cymetadata.o
 .ARM.attributes
                0x000000fe       0x33 .\CortexM3\ARM_GCC_541\Debug\Cm3Start.o
 .ARM.attributes
                0x00000131       0x33 .\CortexM3\ARM_GCC_541\Debug\Reciever.a(LCD.o)
 .ARM.attributes
                0x00000164       0x33 .\CortexM3\ARM_GCC_541\Debug\Reciever.a(UART.o)
 .ARM.attributes
                0x00000197       0x33 .\CortexM3\ARM_GCC_541\Debug\Reciever.a(com.o)
 .ARM.attributes
                0x000001ca       0x33 .\CortexM3\ARM_GCC_541\Debug\Reciever.a(PWM_1.o)
 .ARM.attributes
                0x000001fd       0x33 .\CortexM3\ARM_GCC_541\Debug\Reciever.a(PWM_2.o)
 .ARM.attributes
                0x00000230       0x33 .\CortexM3\ARM_GCC_541\Debug\Reciever.a(PWM_3.o)
 .ARM.attributes
                0x00000263       0x33 .\CortexM3\ARM_GCC_541\Debug\Reciever.a(PWM_4.o)
 .ARM.attributes
                0x00000296       0x33 .\CortexM3\ARM_GCC_541\Debug\Reciever.a(PWM_5.o)
 .ARM.attributes
                0x000002c9       0x33 .\CortexM3\ARM_GCC_541\Debug\Reciever.a(Clock_1.o)
 .ARM.attributes
                0x000002fc       0x33 .\CortexM3\ARM_GCC_541\Debug\Reciever.a(UART_IntClock.o)
 .ARM.attributes
                0x0000032f       0x33 .\CortexM3\ARM_GCC_541\Debug\Reciever.a(CyDmac.o)
 .ARM.attributes
                0x00000362       0x33 .\CortexM3\ARM_GCC_541\Debug\Reciever.a(CyLib.o)
 .ARM.attributes
                0x00000395       0x33 .\CortexM3\ARM_GCC_541\Debug\Reciever.a(cyPm.o)
 .ARM.attributes
                0x000003c8       0x33 .\CortexM3\ARM_GCC_541\Debug\Reciever.a(PWM_6.o)
 .ARM.attributes
                0x000003fb       0x33 .\CortexM3\ARM_GCC_541\Debug\Reciever.a(PWM_7.o)
 .ARM.attributes
                0x0000042e       0x33 .\CortexM3\ARM_GCC_541\Debug\Reciever.a(PWM_8.o)
 .ARM.attributes
                0x00000461       0x33 .\CortexM3\ARM_GCC_541\Debug\Reciever.a(PWM_9.o)
 .ARM.attributes
                0x00000494       0x33 .\CortexM3\ARM_GCC_541\Debug\Reciever.a(ADC.o)
 .ARM.attributes
                0x000004c7       0x33 .\CortexM3\ARM_GCC_541\Debug\Reciever.a(ADC_INT.o)
 .ARM.attributes
                0x000004fa       0x33 .\CortexM3\ARM_GCC_541\Debug\Reciever.a(MODE.o)
 .ARM.attributes
                0x0000052d       0x33 .\CortexM3\ARM_GCC_541\Debug\Reciever.a(ADC_SAR.o)
 .ARM.attributes
                0x00000560       0x33 .\CortexM3\ARM_GCC_541\Debug\Reciever.a(ADC_TempBuf_dma.o)
 .ARM.attributes
                0x00000593       0x33 .\CortexM3\ARM_GCC_541\Debug\Reciever.a(ADC_FinalBuf_dma.o)
 .ARM.attributes
                0x000005c6       0x33 .\CortexM3\ARM_GCC_541\Debug\Reciever.a(ADC_IRQ.o)
 .ARM.attributes
                0x000005f9       0x21 .\CortexM3\ARM_GCC_541\Debug\Reciever.a(CyBootAsmGnu.o)
 .ARM.attributes
                0x0000061a       0x33 .\CortexM3\ARM_GCC_541\Debug\Reciever.a(CyFlash.o)
 .ARM.attributes
                0x0000064d       0x33 .\CortexM3\ARM_GCC_541\Debug\Reciever.a(CySpc.o)
 .ARM.attributes
                0x00000680       0x1d c:/program files (x86)/cypress/psoc creator/4.2/psoc creator/import/gnu/arm/5.4.1/bin/../lib/gcc/arm-none-eabi/5.4.1/armv7-m\libgcc.a(_arm_addsubdf3.o)
 .ARM.attributes
                0x0000069d       0x1d c:/program files (x86)/cypress/psoc creator/4.2/psoc creator/import/gnu/arm/5.4.1/bin/../lib/gcc/arm-none-eabi/5.4.1/armv7-m\libgcc.a(_arm_muldivdf3.o)
 .ARM.attributes
                0x000006ba       0x1d c:/program files (x86)/cypress/psoc creator/4.2/psoc creator/import/gnu/arm/5.4.1/bin/../lib/gcc/arm-none-eabi/5.4.1/armv7-m\libgcc.a(_arm_fixdfsi.o)
 .ARM.attributes
                0x000006d7       0x1d c:/program files (x86)/cypress/psoc creator/4.2/psoc creator/import/gnu/arm/5.4.1/bin/../lib/gcc/arm-none-eabi/5.4.1/armv7-m\libgcc.a(_arm_addsubsf3.o)
 .ARM.attributes
                0x000006f4       0x1d c:/program files (x86)/cypress/psoc creator/4.2/psoc creator/import/gnu/arm/5.4.1/bin/../lib/gcc/arm-none-eabi/5.4.1/armv7-m\libgcc.a(_arm_muldivsf3.o)
 .ARM.attributes
                0x00000711       0x1d c:/program files (x86)/cypress/psoc creator/4.2/psoc creator/import/gnu/arm/5.4.1/bin/../lib/gcc/arm-none-eabi/5.4.1/armv7-m\libgcc.a(_aeabi_ldivmod.o)
 .ARM.attributes
                0x0000072e       0x2d c:/program files (x86)/cypress/psoc creator/4.2/psoc creator/import/gnu/arm/5.4.1/bin/../lib/gcc/arm-none-eabi/5.4.1/armv7-m\libgcc.a(_udivmoddi4.o)
 .ARM.attributes
                0x0000075b       0x1d c:/program files (x86)/cypress/psoc creator/4.2/psoc creator/import/gnu/arm/5.4.1/bin/../lib/gcc/arm-none-eabi/5.4.1/armv7-m\libgcc.a(_dvmd_tls.o)
 .ARM.attributes
                0x00000778       0x2d c:/program files (x86)/cypress/psoc creator/4.2/psoc creator/import/gnu/arm/5.4.1/bin/../lib/gcc/arm-none-eabi/5.4.1/../../../../arm-none-eabi/lib/armv7-m\libg_nano.a(lib_a-errno.o)
 .ARM.attributes
                0x000007a5       0x2d c:/program files (x86)/cypress/psoc creator/4.2/psoc creator/import/gnu/arm/5.4.1/bin/../lib/gcc/arm-none-eabi/5.4.1/../../../../arm-none-eabi/lib/armv7-m\libg_nano.a(lib_a-exit.o)
 .ARM.attributes
                0x000007d2       0x2d c:/program files (x86)/cypress/psoc creator/4.2/psoc creator/import/gnu/arm/5.4.1/bin/../lib/gcc/arm-none-eabi/5.4.1/../../../../arm-none-eabi/lib/armv7-m\libg_nano.a(lib_a-impure.o)
 .ARM.attributes
                0x000007ff       0x2d c:/program files (x86)/cypress/psoc creator/4.2/psoc creator/import/gnu/arm/5.4.1/bin/../lib/gcc/arm-none-eabi/5.4.1/../../../../arm-none-eabi/lib/armv7-m\libg_nano.a(lib_a-init.o)
 .ARM.attributes
                0x0000082c       0x2d c:/program files (x86)/cypress/psoc creator/4.2/psoc creator/import/gnu/arm/5.4.1/bin/../lib/gcc/arm-none-eabi/5.4.1/../../../../arm-none-eabi/lib/armv7-m\libg_nano.a(lib_a-memcpy-stub.o)
 .ARM.attributes
                0x00000859       0x2d c:/program files (x86)/cypress/psoc creator/4.2/psoc creator/import/gnu/arm/5.4.1/bin/../lib/gcc/arm-none-eabi/5.4.1/../../../../arm-none-eabi/lib/armv7-m\libg_nano.a(lib_a-memset.o)
 .ARM.attributes
                0x00000886       0x2d c:/program files (x86)/cypress/psoc creator/4.2/psoc creator/import/gnu/arm/5.4.1/bin/../lib/gcc/arm-none-eabi/5.4.1/armv7-m/crtend.o
 .ARM.attributes
                0x000008b3       0x1d c:/program files (x86)/cypress/psoc creator/4.2/psoc creator/import/gnu/arm/5.4.1/bin/../lib/gcc/arm-none-eabi/5.4.1/armv7-m/crtn.o

/DISCARD/
 *(.note.GNU-stack)
OUTPUT(C:\Users\isaac\Documents\PSoC Creator\Reciever\Reciever.cydsn\CortexM3\ARM_GCC_541\Debug\Reciever.elf elf32-littlearm)
