Archive member included to satisfy reference by file (symbol)

.\CortexM3\ARM_GCC_541\Debug\ClassManager.a(I2C.o)
                              .\CortexM3\ARM_GCC_541\Debug\main.o (I2C_Start)
.\CortexM3\ARM_GCC_541\Debug\ClassManager.a(I2C_INT.o)
                              .\CortexM3\ARM_GCC_541\Debug\ClassManager.a(I2C.o) (I2C_ISR)
.\CortexM3\ARM_GCC_541\Debug\ClassManager.a(I2C_PM.o)
                              .\CortexM3\ARM_GCC_541\Debug\ClassManager.a(I2C_INT.o) (I2C_wakeupSource)
.\CortexM3\ARM_GCC_541\Debug\ClassManager.a(I2C_SLAVE.o)
                              .\CortexM3\ARM_GCC_541\Debug\ClassManager.a(I2C.o) (I2C_slStatus)
.\CortexM3\ARM_GCC_541\Debug\ClassManager.a(CyLib.o)
                              .\CortexM3\ARM_GCC_541\Debug\Cm3Start.o (CyHalt)
.\CortexM3\ARM_GCC_541\Debug\ClassManager.a(cyPm.o)
                              .\CortexM3\ARM_GCC_541\Debug\main.o (CyPmSaveClocks)
.\CortexM3\ARM_GCC_541\Debug\ClassManager.a(UART.o)
                              .\CortexM3\ARM_GCC_541\Debug\main.o (UART_Start)
.\CortexM3\ARM_GCC_541\Debug\ClassManager.a(UART_IntClock.o)
                              .\CortexM3\ARM_GCC_541\Debug\ClassManager.a(UART.o) (UART_IntClock_Start)
.\CortexM3\ARM_GCC_541\Debug\ClassManager.a(BTN.o)
                              .\CortexM3\ARM_GCC_541\Debug\main.o (BTN_ClearInterrupt)
.\CortexM3\ARM_GCC_541\Debug\ClassManager.a(Timer.o)
                              .\CortexM3\ARM_GCC_541\Debug\main.o (Timer_Stop)
.\CortexM3\ARM_GCC_541\Debug\ClassManager.a(LED_1.o)
                              .\CortexM3\ARM_GCC_541\Debug\main.o (LED_1_Write)
.\CortexM3\ARM_GCC_541\Debug\ClassManager.a(LED_0.o)
                              .\CortexM3\ARM_GCC_541\Debug\main.o (LED_0_Write)
.\CortexM3\ARM_GCC_541\Debug\ClassManager.a(ListC.o)
                              .\CortexM3\ARM_GCC_541\Debug\main.o (ListC_Write)
.\CortexM3\ARM_GCC_541\Debug\ClassManager.a(time_isr.o)
                              .\CortexM3\ARM_GCC_541\Debug\main.o (time_isr_StartEx)
.\CortexM3\ARM_GCC_541\Debug\ClassManager.a(counting.o)
                              .\CortexM3\ARM_GCC_541\Debug\main.o (counting_StartEx)
.\CortexM3\ARM_GCC_541\Debug\ClassManager.a(CyBootAsmGnu.o)
                              .\CortexM3\ARM_GCC_541\Debug\cyfitter_cfg.o (CyDelayCycles)
.\CortexM3\ARM_GCC_541\Debug\ClassManager.a(CyFlash.o)
                              .\CortexM3\ARM_GCC_541\Debug\ClassManager.a(cyPm.o) (CyFlash_SetWaitCycles)
.\CortexM3\ARM_GCC_541\Debug\ClassManager.a(CySpc.o)
                              .\CortexM3\ARM_GCC_541\Debug\ClassManager.a(CyFlash.o) (CySpcStart)
c:/program files (x86)/cypress/psoc creator/4.2/psoc creator/import/gnu/arm/5.4.1/bin/../lib/gcc/arm-none-eabi/5.4.1/../../../../arm-none-eabi/lib/armv7-m\libg_nano.a(lib_a-errno.o)
                              .\CortexM3\ARM_GCC_541\Debug\Cm3Start.o (__errno)
c:/program files (x86)/cypress/psoc creator/4.2/psoc creator/import/gnu/arm/5.4.1/bin/../lib/gcc/arm-none-eabi/5.4.1/../../../../arm-none-eabi/lib/armv7-m\libg_nano.a(lib_a-exit.o)
                              c:/program files (x86)/cypress/psoc creator/4.2/psoc creator/import/gnu/arm/5.4.1/bin/../lib/gcc/arm-none-eabi/5.4.1/../../../../arm-none-eabi/lib/armv7-m/crt0.o (exit)
c:/program files (x86)/cypress/psoc creator/4.2/psoc creator/import/gnu/arm/5.4.1/bin/../lib/gcc/arm-none-eabi/5.4.1/../../../../arm-none-eabi/lib/armv7-m\libg_nano.a(lib_a-impure.o)
                              c:/program files (x86)/cypress/psoc creator/4.2/psoc creator/import/gnu/arm/5.4.1/bin/../lib/gcc/arm-none-eabi/5.4.1/../../../../arm-none-eabi/lib/armv7-m\libg_nano.a(lib_a-exit.o) (_global_impure_ptr)
c:/program files (x86)/cypress/psoc creator/4.2/psoc creator/import/gnu/arm/5.4.1/bin/../lib/gcc/arm-none-eabi/5.4.1/../../../../arm-none-eabi/lib/armv7-m\libg_nano.a(lib_a-init.o)
                              c:/program files (x86)/cypress/psoc creator/4.2/psoc creator/import/gnu/arm/5.4.1/bin/../lib/gcc/arm-none-eabi/5.4.1/../../../../arm-none-eabi/lib/armv7-m/crt0.o (__libc_init_array)
c:/program files (x86)/cypress/psoc creator/4.2/psoc creator/import/gnu/arm/5.4.1/bin/../lib/gcc/arm-none-eabi/5.4.1/../../../../arm-none-eabi/lib/armv7-m\libg_nano.a(lib_a-memcpy-stub.o)
                              .\CortexM3\ARM_GCC_541\Debug\cyfitter_cfg.o (memcpy)
c:/program files (x86)/cypress/psoc creator/4.2/psoc creator/import/gnu/arm/5.4.1/bin/../lib/gcc/arm-none-eabi/5.4.1/../../../../arm-none-eabi/lib/armv7-m\libg_nano.a(lib_a-memset.o)
                              c:/program files (x86)/cypress/psoc creator/4.2/psoc creator/import/gnu/arm/5.4.1/bin/../lib/gcc/arm-none-eabi/5.4.1/../../../../arm-none-eabi/lib/armv7-m/crt0.o (memset)
c:/program files (x86)/cypress/psoc creator/4.2/psoc creator/import/gnu/arm/5.4.1/bin/../lib/gcc/arm-none-eabi/5.4.1/../../../../arm-none-eabi/lib/armv7-m\libg_nano.a(lib_a-sprintf.o)
                              .\CortexM3\ARM_GCC_541\Debug\main.o (sprintf)
[...]
Memory Configuration

Name             Origin             Length             Attributes
rom              0x00000000         0x00040000         xr
ram              0x1fff8000         0x00010000         xrw
*default*        0x00000000         0xffffffff

Linker script and memory map

LOAD c:/program files (x86)/cypress/psoc creator/4.2/psoc creator/import/gnu/arm/5.4.1/bin/../lib/gcc/arm-none-eabi/5.4.1/armv7-m/crti.o
LOAD c:/program files (x86)/cypress/psoc creator/4.2/psoc creator/import/gnu/arm/5.4.1/bin/../lib/gcc/arm-none-eabi/5.4.1/armv7-m/crtbegin.o
LOAD c:/program files (x86)/cypress/psoc creator/4.2/psoc creator/import/gnu/arm/5.4.1/bin/../lib/gcc/arm-none-eabi/5.4.1/../../../../arm-none-eabi/lib/armv7-m/crt0.o
START GROUP
LOAD .\CortexM3\ARM_GCC_541\Debug\main.o
LOAD .\CortexM3\ARM_GCC_541\Debug\cyfitter_cfg.o
LOAD .\CortexM3\ARM_GCC_541\Debug\cymetadata.o
LOAD .\CortexM3\ARM_GCC_541\Debug\Cm3Start.o
LOAD .\CortexM3\ARM_GCC_541\Debug\ClassManager.a
LOAD C:\Program Files (x86)\Cypress\PSoC Creator\4.2\PSoC Creator\psoc\content\cycomponentlibrary\CyComponentLibrary.cylib\CortexM3\ARM_GCC_541\Debug\CyComponentLibrary.a
END GROUP
START GROUP
LOAD c:/program files (x86)/cypress/psoc creator/4.2/psoc creator/import/gnu/arm/5.4.1/bin/../lib/gcc/arm-none-eabi/5.4.1/armv7-m\libgcc.a
LOAD c:/program files (x86)/cypress/psoc creator/4.2/psoc creator/import/gnu/arm/5.4.1/bin/../lib/gcc/arm-none-eabi/5.4.1/../../../../arm-none-eabi/lib/armv7-m\libg_nano.a
LOAD c:/program files (x86)/cypress/psoc creator/4.2/psoc creator/import/gnu/arm/5.4.1/bin/../lib/gcc/arm-none-eabi/5.4.1/../../../../arm-none-eabi/lib/armv7-m\libc_nano.a
END GROUP
START GROUP
LOAD c:/program files (x86)/cypress/psoc creator/4.2/psoc creator/import/gnu/arm/5.4.1/bin/../lib/gcc/arm-none-eabi/5.4.1/armv7-m\libgcc.a
LOAD c:/program files (x86)/cypress/psoc creator/4.2/psoc creator/import/gnu/arm/5.4.1/bin/../lib/gcc/arm-none-eabi/5.4.1/../../../../arm-none-eabi/lib/armv7-m\libc_nano.a
END GROUP
LOAD c:/program files (x86)/cypress/psoc creator/4.2/psoc creator/import/gnu/arm/5.4.1/bin/../lib/gcc/arm-none-eabi/5.4.1/armv7-m/crtend.o
LOAD c:/program files (x86)/cypress/psoc creator/4.2/psoc creator/import/gnu/arm/5.4.1/bin/../lib/gcc/arm-none-eabi/5.4.1/armv7-m/crtn.o
START GROUP
LOAD c:/program files (x86)/cypress/psoc creator/4.2/psoc creator/import/gnu/arm/5.4.1/bin/../lib/gcc/arm-none-eabi/5.4.1/armv7-m\libgcc.a
LOAD c:/program files (x86)/cypress/psoc creator/4.2/psoc creator/import/gnu/arm/5.4.1/bin/../lib/gcc/arm-none-eabi/5.4.1/../../../../arm-none-eabi/lib/armv7-m\libc.a
LOAD c:/program files (x86)/cypress/psoc creator/4.2/psoc creator/import/gnu/arm/5.4.1/bin/../lib/gcc/arm-none-eabi/5.4.1/../../../../arm-none-eabi/lib/armv7-m\libnosys.a
END GROUP
                0x00000000                CY_APPL_ORIGIN = 0x0
                0x00000100                CY_FLASH_ROW_SIZE = 0x100
                0x00000020                CY_ECC_ROW_SIZE = 0x20
                0x00000000                CY_EE_IN_BTLDR = 0x0
                0x00000000                CY_APPL_LOADABLE = 0x0
                0x00000800                CY_EE_SIZE = 0x800
                0x00000001                CY_APPL_NUM = 0x1
                0x00000001                CY_APPL_MAX = 0x1
                0x00000040                CY_METADATA_SIZE = 0x40
                0x00000000                CY_APPL_LOADABLE = 0x0
                0x00000000                CY_CHECKSUM_EXCLUDE_SIZE = ALIGN (0x0, CY_FLASH_ROW_SIZE)
                [!provide]                PROVIDE (__cy_heap_start, _end)
                0x00000001                PROVIDE (__cy_region_num, ((__cy_regions_end - __cy_regions) / 0x10))
                0x20008000                PROVIDE (__cy_stack, (ORIGIN (ram) + LENGTH (ram)))
                [!provide]                PROVIDE (__cy_heap_end, (__cy_stack - 0x800))

.cybootloader   0x00000000        0x0
 *(.cybootloader)
                0x00000000                appl1_start = CY_APPL_ORIGIN?CY_APPL_ORIGIN:ALIGN (CY_FLASH_ROW_SIZE)
                0x0001ff00                appl2_start = (appl1_start + ALIGN ((((LENGTH (rom) - appl1_start) - (0x2 * CY_FLASH_ROW_SIZE)) / 0x2), CY_FLASH_ROW_SIZE))
                0x00000000                appl_start = (CY_APPL_NUM == 0x1)?appl1_start:appl2_start
                0x00000000                ecc_offset = ((appl_start / CY_FLASH_ROW_SIZE) * CY_ECC_ROW_SIZE)
                0x00000000                ee_offset = (CY_APPL_LOADABLE && ! (CY_EE_IN_BTLDR))?((CY_EE_SIZE / CY_APPL_MAX) * (CY_APPL_NUM - 0x1)):0x0
                0x00000800                ee_size = (CY_APPL_LOADABLE && ! (CY_EE_IN_BTLDR))?(CY_EE_SIZE / CY_APPL_MAX):CY_EE_SIZE
                [!provide]                PROVIDE (CY_ECC_OFFSET, ecc_offset)

.text           0x00000000     0x2a1c
 CREATE_OBJECT_SYMBOLS
                0x00000000                PROVIDE (__cy_interrupt_vector, RomVectors)
 *(.romvectors)
 .romvectors    0x00000000       0x10 .\CortexM3\ARM_GCC_541\Debug\Cm3Start.o
                0x00000000                RomVectors
                0x00000001                ASSERT ((. != __cy_interrupt_vector), No interrupt vector)
                0x00000001                ASSERT (CY_APPL_ORIGIN?(SIZEOF (.cybootloader) <= CY_APPL_ORIGIN):0x1, Wrong image location)
                0x00000010                PROVIDE (__cy_reset, Reset)
 *(.text.Reset)
 .text.Reset    0x00000010       0x18 .\CortexM3\ARM_GCC_541\Debug\Cm3Start.o
                0x00000010                Reset
                0x00000001                ASSERT ((. != __cy_reset), No reset code)
 *(.dma_init)
                0x00000001                ASSERT ((((appl_start + .) <= 0x10000) || 0x1), DMA Init must be within the first 64k of flash)
 *(.text .text.* .gnu.linkonce.t.*)
 .text          0x00000028       0x5c c:/program files (x86)/cypress/psoc creator/4.2/psoc creator/import/gnu/arm/5.4.1/bin/../lib/gcc/arm-none-eabi/5.4.1/armv7-m/crtbegin.o
 .text.timer_isr_handler
                0x00000084       0x38 .\CortexM3\ARM_GCC_541\Debug\main.o
                0x00000084                timer_isr_handler
 .text.count_handler
                0x000000bc       0x64 .\CortexM3\ARM_GCC_541\Debug\main.o
                0x000000bc                count_handler
 .text.main     0x00000120      0x14c .\CortexM3\ARM_GCC_541\Debug\main.o
                0x00000120                main
 .text.CyClockStartupError
                0x0000026c        0x4 .\CortexM3\ARM_GCC_541\Debug\cyfitter_cfg.o
 .text.cfg_write_bytes32
                0x00000270       0x34 .\CortexM3\ARM_GCC_541\Debug\cyfitter_cfg.o
 .text.AnalogSetDefault
                0x000002a4       0x28 .\CortexM3\ARM_GCC_541\Debug\cyfitter_cfg.o
 .text.CYMEMZERO
                0x000002cc        0xc .\CortexM3\ARM_GCC_541\Debug\cyfitter_cfg.o
 .text.ClockSetup
                0x000002d8       0xcc .\CortexM3\ARM_GCC_541\Debug\cyfitter_cfg.o
 .text.CYCONFIGCPY
                0x000003a4        0x8 .\CortexM3\ARM_GCC_541\Debug\cyfitter_cfg.o
 .text.cyfitter_cfg
                0x000003ac      0x110 .\CortexM3\ARM_GCC_541\Debug\cyfitter_cfg.o
                0x000003ac                cyfitter_cfg
 .text.IntDefaultHandler
                0x000004bc       0x10 .\CortexM3\ARM_GCC_541\Debug\Cm3Start.o
                0x000004bc                IntDefaultHandler
 .text._sbrk    0x000004cc       0x30 .\CortexM3\ARM_GCC_541\Debug\Cm3Start.o
                0x000004cc                _sbrk
 .text.Start_c  0x000004fc       0x4c .\CortexM3\ARM_GCC_541\Debug\Cm3Start.o
                0x000004fc                Start_c
 .text.initialize_psoc
                0x00000548       0x68 .\CortexM3\ARM_GCC_541\Debug\Cm3Start.o
                0x00000548                initialize_psoc
 .text.I2C_Init
                0x000005b0       0x70 .\CortexM3\ARM_GCC_541\Debug\ClassManager.a(I2C.o)
                0x000005b0                I2C_Init
 .text.I2C_Enable
                0x00000620       0x24 .\CortexM3\ARM_GCC_541\Debug\ClassManager.a(I2C.o)
                0x00000620                I2C_Enable
 .text.I2C_Start
                0x00000644       0x28 .\CortexM3\ARM_GCC_541\Debug\ClassManager.a(I2C.o)
                0x00000644                I2C_Start
 .text.I2C_ISR  0x0000066c      0x1f8 .\CortexM3\ARM_GCC_541\Debug\ClassManager.a(I2C_INT.o)
                0x0000066c                I2C_ISR
 .text.I2C_WAKEUP_ISR
                0x00000864        0xc .\CortexM3\ARM_GCC_541\Debug\ClassManager.a(I2C_INT.o)
                0x00000864                I2C_WAKEUP_ISR
 .text.I2C_SaveConfig
                0x00000870       0x94 .\CortexM3\ARM_GCC_541\Debug\ClassManager.a(I2C_PM.o)
                0x00000870                I2C_SaveConfig
 .text.I2C_Sleep
                0x00000904       0x14 .\CortexM3\ARM_GCC_541\Debug\ClassManager.a(I2C_PM.o)
                0x00000904                I2C_Sleep
 .text.I2C_RestoreConfig
                0x00000918       0xc0 .\CortexM3\ARM_GCC_541\Debug\ClassManager.a(I2C_PM.o)
                0x00000918                I2C_RestoreConfig
 .text.I2C_Wakeup
                0x000009d8       0x24 .\CortexM3\ARM_GCC_541\Debug\ClassManager.a(I2C_PM.o)
                0x000009d8                I2C_Wakeup
 .text.I2C_SlaveSetAddress
                0x000009fc       0x10 .\CortexM3\ARM_GCC_541\Debug\ClassManager.a(I2C_SLAVE.o)
                0x000009fc                I2C_SlaveSetAddress
 .text.I2C_SlaveInitWriteBuf
                0x00000a0c       0x34 .\CortexM3\ARM_GCC_541\Debug\ClassManager.a(I2C_SLAVE.o)
                0x00000a0c                I2C_SlaveInitWriteBuf
 .text.CyUSB_PowerOnCheck
                0x00000a40       0x48 .\CortexM3\ARM_GCC_541\Debug\ClassManager.a(CyLib.o)
 .text.CyBusClk_Internal_SetDivider
                0x00000a88       0x48 .\CortexM3\ARM_GCC_541\Debug\ClassManager.a(CyLib.o)
 .text.CyPLL_OUT_Stop
                0x00000ad0       0x10 .\CortexM3\ARM_GCC_541\Debug\ClassManager.a(CyLib.o)
                0x00000ad0                CyPLL_OUT_Stop
 .text.CyIMO_Stop
                0x00000ae0       0x1c .\CortexM3\ARM_GCC_541\Debug\ClassManager.a(CyLib.o)
                0x00000ae0                CyIMO_Stop
 .text.CyIMO_EnableDoubler
                0x00000afc       0x10 .\CortexM3\ARM_GCC_541\Debug\ClassManager.a(CyLib.o)
                0x00000afc                CyIMO_EnableDoubler
 .text.CyIMO_DisableDoubler
                0x00000b0c       0x10 .\CortexM3\ARM_GCC_541\Debug\ClassManager.a(CyLib.o)
                0x00000b0c                CyIMO_DisableDoubler
 .text.CyMasterClk_SetSource
                0x00000b1c       0x18 .\CortexM3\ARM_GCC_541\Debug\ClassManager.a(CyLib.o)
                0x00000b1c                CyMasterClk_SetSource
 .text.CyMasterClk_SetDivider
                0x00000b34        0xc .\CortexM3\ARM_GCC_541\Debug\ClassManager.a(CyLib.o)
                0x00000b34                CyMasterClk_SetDivider
 .text.CyBusClk_SetDivider
                0x00000b40       0x70 .\CortexM3\ARM_GCC_541\Debug\ClassManager.a(CyLib.o)
                0x00000b40                CyBusClk_SetDivider
 .text.CyILO_Start1K
                0x00000bb0       0x10 .\CortexM3\ARM_GCC_541\Debug\ClassManager.a(CyLib.o)
                0x00000bb0                CyILO_Start1K
 .text.CyILO_Start100K
                0x00000bc0       0x10 .\CortexM3\ARM_GCC_541\Debug\ClassManager.a(CyLib.o)
                0x00000bc0                CyILO_Start100K
 .text.CyILO_Stop100K
                0x00000bd0       0x10 .\CortexM3\ARM_GCC_541\Debug\ClassManager.a(CyLib.o)
                0x00000bd0                CyILO_Stop100K
 .text.CyPLL_OUT_Start
                0x00000be0       0x78 .\CortexM3\ARM_GCC_541\Debug\ClassManager.a(CyLib.o)
                0x00000be0                CyPLL_OUT_Start
 .text.CyIMO_Start
                0x00000c58       0x60 .\CortexM3\ARM_GCC_541\Debug\ClassManager.a(CyLib.o)
                0x00000c58                CyIMO_Start
 .text.CyILO_SetPowerMode
                0x00000cb8       0x24 .\CortexM3\ARM_GCC_541\Debug\ClassManager.a(CyLib.o)
                0x00000cb8                CyILO_SetPowerMode
 .text.CyXTAL_Start
                0x00000cdc       0xac .\CortexM3\ARM_GCC_541\Debug\ClassManager.a(CyLib.o)
                0x00000cdc                CyXTAL_Start
 .text.CyXTAL_Stop
                0x00000d88       0x10 .\CortexM3\ARM_GCC_541\Debug\ClassManager.a(CyLib.o)
                0x00000d88                CyXTAL_Stop
 .text.CyHalt   0x00000d98        0x4 .\CortexM3\ARM_GCC_541\Debug\ClassManager.a(CyLib.o)
                0x00000d98                CyHalt
 .text.CyIMO_SetTrimValue
                0x00000d9c       0xcc .\CortexM3\ARM_GCC_541\Debug\ClassManager.a(CyLib.o)
 .text.CyIMO_SetFreq
                0x00000e68       0xf4 .\CortexM3\ARM_GCC_541\Debug\ClassManager.a(CyLib.o)
                0x00000e68                CyIMO_SetFreq
 .text.CyIMO_SetSource
                0x00000f5c       0x58 .\CortexM3\ARM_GCC_541\Debug\ClassManager.a(CyLib.o)
                0x00000f5c                CyIMO_SetSource
 .text.CyDelay  0x00000fb4       0x2c .\CortexM3\ARM_GCC_541\Debug\ClassManager.a(CyLib.o)
                0x00000fb4                CyDelay
 .text.CyDelayUs
                0x00000fe0       0x14 .\CortexM3\ARM_GCC_541\Debug\ClassManager.a(CyLib.o)
                0x00000fe0                CyDelayUs
 .text.CyVdStickyStatus
                0x00000ff4       0x2c .\CortexM3\ARM_GCC_541\Debug\ClassManager.a(CyLib.o)
                0x00000ff4                CyVdStickyStatus
 .text.CyVdLvDigitEnable
                0x00001020       0x84 .\CortexM3\ARM_GCC_541\Debug\ClassManager.a(CyLib.o)
                0x00001020                CyVdLvDigitEnable
 .text.CyVdLvAnalogEnable
                0x000010a4       0x80 .\CortexM3\ARM_GCC_541\Debug\ClassManager.a(CyLib.o)
                0x000010a4                CyVdLvAnalogEnable
 .text.CyVdLvDigitDisable
                0x00001124       0x30 .\CortexM3\ARM_GCC_541\Debug\ClassManager.a(CyLib.o)
                0x00001124                CyVdLvDigitDisable
 .text.CyVdLvAnalogDisable
                0x00001154       0x28 .\CortexM3\ARM_GCC_541\Debug\ClassManager.a(CyLib.o)
                0x00001154                CyVdLvAnalogDisable
 .text.CyVdHvAnalogEnable
                0x0000117c       0x54 .\CortexM3\ARM_GCC_541\Debug\ClassManager.a(CyLib.o)
                0x0000117c                CyVdHvAnalogEnable
 .text.CyVdHvAnalogDisable
                0x000011d0       0x20 .\CortexM3\ARM_GCC_541\Debug\ClassManager.a(CyLib.o)
                0x000011d0                CyVdHvAnalogDisable
 .text.CyIntSetVector
                0x000011f0       0x28 .\CortexM3\ARM_GCC_541\Debug\ClassManager.a(CyLib.o)
                0x000011f0                CyIntSetVector
 .text.CyIntSetPriority
                0x00001218       0x30 .\CortexM3\ARM_GCC_541\Debug\ClassManager.a(CyLib.o)
                0x00001218                CyIntSetPriority
 .text.CyPmHibSlpSaveSet
                0x00001248      0x1dc .\CortexM3\ARM_GCC_541\Debug\ClassManager.a(cyPm.o)
 .text.CyPmHibSlpRestore
                0x00001424       0xd8 .\CortexM3\ARM_GCC_541\Debug\ClassManager.a(cyPm.o)
 .text.CyPmHviLviSaveDisable
                0x000014fc       0xa0 .\CortexM3\ARM_GCC_541\Debug\ClassManager.a(cyPm.o)
 .text.CyPmHibSaveSet
                0x0000159c       0x98 .\CortexM3\ARM_GCC_541\Debug\ClassManager.a(cyPm.o)
 .text.CyPmHviLviRestore
                0x00001634       0x48 .\CortexM3\ARM_GCC_541\Debug\ClassManager.a(cyPm.o)
 .text.CyPmHibRestore
                0x0000167c       0x60 .\CortexM3\ARM_GCC_541\Debug\ClassManager.a(cyPm.o)
 .text.CyPmSaveClocks
                0x000016dc      0x218 .\CortexM3\ARM_GCC_541\Debug\ClassManager.a(cyPm.o)
                0x000016dc                CyPmSaveClocks
 .text.CyPmRestoreClocks
                0x000018f4      0x24c .\CortexM3\ARM_GCC_541\Debug\ClassManager.a(cyPm.o)
                0x000018f4                CyPmRestoreClocks
 .text.CyPmSleep
                0x00001b40       0xf4 .\CortexM3\ARM_GCC_541\Debug\ClassManager.a(cyPm.o)
                0x00001b40                CyPmSleep
 .text.CyPmHibernateEx
                0x00001c34       0xf4 .\CortexM3\ARM_GCC_541\Debug\ClassManager.a(cyPm.o)
                0x00001c34                CyPmHibernateEx
 .text.CyPmHibernate
                0x00001d28        0xc .\CortexM3\ARM_GCC_541\Debug\ClassManager.a(cyPm.o)
                0x00001d28                CyPmHibernate
 .text.CyPmReadStatus
                0x00001d34       0x30 .\CortexM3\ARM_GCC_541\Debug\ClassManager.a(cyPm.o)
                0x00001d34                CyPmReadStatus
 .text.CyPmFtwSetInterval
                0x00001d64       0x5c .\CortexM3\ARM_GCC_541\Debug\ClassManager.a(cyPm.o)
                0x00001d64                CyPmFtwSetInterval
 .text.UART_Init
                0x00001dc0       0x28 .\CortexM3\ARM_GCC_541\Debug\ClassManager.a(UART.o)
                0x00001dc0                UART_Init
 .text.UART_Enable
                0x00001de8       0x38 .\CortexM3\ARM_GCC_541\Debug\ClassManager.a(UART.o)
                0x00001de8                UART_Enable
 .text.UART_Start
                0x00001e20       0x1c .\CortexM3\ARM_GCC_541\Debug\ClassManager.a(UART.o)
                0x00001e20                UART_Start
 .text.UART_PutChar
                0x00001e3c       0x18 .\CortexM3\ARM_GCC_541\Debug\ClassManager.a(UART.o)
                0x00001e3c                UART_PutChar
 .text.UART_PutString
                0x00001e54       0x24 .\CortexM3\ARM_GCC_541\Debug\ClassManager.a(UART.o)
                0x00001e54                UART_PutString
 .text.UART_IntClock_Start
                0x00001e78       0x1c .\CortexM3\ARM_GCC_541\Debug\ClassManager.a(UART_IntClock.o)
                0x00001e78                UART_IntClock_Start
 .text.BTN_ClearInterrupt
                0x00001e94       0x10 .\CortexM3\ARM_GCC_541\Debug\ClassManager.a(BTN.o)
                0x00001e94                BTN_ClearInterrupt
 .text.Timer_Enable
                0x00001ea4       0x28 .\CortexM3\ARM_GCC_541\Debug\ClassManager.a(Timer.o)
                0x00001ea4                Timer_Enable
 .text.Timer_Stop
                0x00001ecc       0x28 .\CortexM3\ARM_GCC_541\Debug\ClassManager.a(Timer.o)
                0x00001ecc                Timer_Stop
 .text.Timer_SetInterruptMode
                0x00001ef4        0xc .\CortexM3\ARM_GCC_541\Debug\ClassManager.a(Timer.o)
                0x00001ef4                Timer_SetInterruptMode
 .text.Timer_ReadStatusRegister
                0x00001f00        0xc .\CortexM3\ARM_GCC_541\Debug\ClassManager.a(Timer.o)
                0x00001f00                Timer_ReadStatusRegister
 .text.Timer_WritePeriod
                0x00001f0c        0xc .\CortexM3\ARM_GCC_541\Debug\ClassManager.a(Timer.o)
                0x00001f0c                Timer_WritePeriod
 .text.Timer_WriteCounter
                0x00001f18        0xc .\CortexM3\ARM_GCC_541\Debug\ClassManager.a(Timer.o)
                0x00001f18                Timer_WriteCounter
 .text.Timer_Init
                0x00001f24       0x68 .\CortexM3\ARM_GCC_541\Debug\ClassManager.a(Timer.o)
                0x00001f24                Timer_Init
 .text.Timer_Start
                0x00001f8c       0x1c .\CortexM3\ARM_GCC_541\Debug\ClassManager.a(Timer.o)
                0x00001f8c                Timer_Start
 .text.LED_1_Write
                0x00001fa8       0x18 .\CortexM3\ARM_GCC_541\Debug\ClassManager.a(LED_1.o)
                0x00001fa8                LED_1_Write
 .text.LED_0_Write
                0x00001fc0       0x18 .\CortexM3\ARM_GCC_541\Debug\ClassManager.a(LED_0.o)
                0x00001fc0                LED_0_Write
 .text.ListC_Write
                0x00001fd8       0x18 .\CortexM3\ARM_GCC_541\Debug\ClassManager.a(ListC.o)
                0x00001fd8                ListC_Write
 .text.time_isr_SetVector
                0x00001ff0       0x10 .\CortexM3\ARM_GCC_541\Debug\ClassManager.a(time_isr.o)
                0x00001ff0                time_isr_SetVector
 .text.time_isr_SetPriority
                0x00002000       0x10 .\CortexM3\ARM_GCC_541\Debug\ClassManager.a(time_isr.o)
                0x00002000                time_isr_SetPriority
 .text.time_isr_Enable
                0x00002010       0x10 .\CortexM3\ARM_GCC_541\Debug\ClassManager.a(time_isr.o)
                0x00002010                time_isr_Enable
 .text.time_isr_Disable
                0x00002020       0x10 .\CortexM3\ARM_GCC_541\Debug\ClassManager.a(time_isr.o)
                0x00002020                time_isr_Disable
 .text.time_isr_StartEx
                0x00002030       0x1c .\CortexM3\ARM_GCC_541\Debug\ClassManager.a(time_isr.o)
                0x00002030                time_isr_StartEx
 .text.time_isr_ClearPending
                0x0000204c       0x10 .\CortexM3\ARM_GCC_541\Debug\ClassManager.a(time_isr.o)
                0x0000204c                time_isr_ClearPending
 .text.counting_SetVector
                0x0000205c        0xc .\CortexM3\ARM_GCC_541\Debug\ClassManager.a(counting.o)
                0x0000205c                counting_SetVector
 .text.counting_SetPriority
                0x00002068       0x10 .\CortexM3\ARM_GCC_541\Debug\ClassManager.a(counting.o)
                0x00002068                counting_SetPriority
 .text.counting_Enable
                0x00002078        0xc .\CortexM3\ARM_GCC_541\Debug\ClassManager.a(counting.o)
                0x00002078                counting_Enable
 .text.counting_Disable
                0x00002084        0xc .\CortexM3\ARM_GCC_541\Debug\ClassManager.a(counting.o)
                0x00002084                counting_Disable
 .text.counting_StartEx
                0x00002090       0x1c .\CortexM3\ARM_GCC_541\Debug\ClassManager.a(counting.o)
                0x00002090                counting_StartEx
 .text.counting_ClearPending
                0x000020ac        0xc .\CortexM3\ARM_GCC_541\Debug\ClassManager.a(counting.o)
                0x000020ac                counting_ClearPending
 .text          0x000020b8       0x20 .\CortexM3\ARM_GCC_541\Debug\ClassManager.a(CyBootAsmGnu.o)
                0x000020b8                CyDelayCycles
                0x000020c8                CyEnterCriticalSection
                0x000020d0                CyExitCriticalSection
 .text.CyFlash_SetWaitCycles
                0x000020d8       0x7c .\CortexM3\ARM_GCC_541\Debug\ClassManager.a(CyFlash.o)
                0x000020d8                CyFlash_SetWaitCycles
 .text.__errno  0x00002154        0xc c:/program files (x86)/cypress/psoc creator/4.2/psoc creator/import/gnu/arm/5.4.1/bin/../lib/gcc/arm-none-eabi/5.4.1/../../../../arm-none-eabi/lib/armv7-m\libg_nano.a(lib_a-errno.o)
                0x00002154                __errno
 .text.__libc_init_array
                0x00002160       0x4c c:/program files (x86)/cypress/psoc creator/4.2/psoc creator/import/gnu/arm/5.4.1/bin/../lib/gcc/arm-none-eabi/5.4.1/../../../../arm-none-eabi/lib/armv7-m\libg_nano.a(lib_a-init.o)
                0x00002160                __libc_init_array
 .text.memcpy   0x000021ac       0x16 c:/program files (x86)/cypress/psoc creator/4.2/psoc creator/import/gnu/arm/5.4.1/bin/../lib/gcc/arm-none-eabi/5.4.1/../../../../arm-none-eabi/lib/armv7-m\libg_nano.a(lib_a-memcpy-stub.o)
                0x000021ac                memcpy
 .text.memset   0x000021c2       0x10 c:/program files (x86)/cypress/psoc creator/4.2/psoc creator/import/gnu/arm/5.4.1/bin/../lib/gcc/arm-none-eabi/5.4.1/../../../../arm-none-eabi/lib/armv7-m\libg_nano.a(lib_a-memset.o)
                0x000021c2                memset
 *fill*         0x000021d2        0x2 
 .text.sprintf  0x000021d4       0x48 c:/program files (x86)/cypress/psoc creator/4.2/psoc creator/import/gnu/arm/5.4.1/bin/../lib/gcc/arm-none-eabi/5.4.1/../../../../arm-none-eabi/lib/armv7-m\libg_nano.a(lib_a-sprintf.o)
                0x000021d4                siprintf
                0x000021d4                sprintf
 .text.__ssputs_r
                0x0000221c       0xb2 c:/program files (x86)/cypress/psoc creator/4.2/psoc creator/import/gnu/arm/5.4.1/bin/../lib/gcc/arm-none-eabi/5.4.1/../../../../arm-none-eabi/lib/armv7-m\libg_nano.a(lib_a-nano-svfprintf.o)
                0x0000221c                __ssputs_r
 *fill*         0x000022ce        0x2 
 .text._svfprintf_r
                0x000022d0      0x1e8 c:/program files (x86)/cypress/psoc creator/4.2/psoc creator/import/gnu/arm/5.4.1/bin/../lib/gcc/arm-none-eabi/5.4.1/../../../../arm-none-eabi/lib/armv7-m\libg_nano.a(lib_a-nano-svfprintf.o)
                0x000022d0                _svfiprintf_r
                0x000022d0                _svfprintf_r
 .text._printf_common
                0x000024b8       0xec c:/program files (x86)/cypress/psoc creator/4.2/psoc creator/import/gnu/arm/5.4.1/bin/../lib/gcc/arm-none-eabi/5.4.1/../../../../arm-none-eabi/lib/armv7-m\libg_nano.a(lib_a-nano-vfprintf_i.o)
                0x000024b8                _printf_common
 .text._printf_i
                0x000025a4      0x24c c:/program files (x86)/cypress/psoc creator/4.2/psoc creator/import/gnu/arm/5.4.1/bin/../lib/gcc/arm-none-eabi/5.4.1/../../../../arm-none-eabi/lib/armv7-m\libg_nano.a(lib_a-nano-vfprintf_i.o)
                0x000025a4                _printf_i
 .text.memchr   0x000027f0       0x1c c:/program files (x86)/cypress/psoc creator/4.2/psoc creator/import/gnu/arm/5.4.1/bin/../lib/gcc/arm-none-eabi/5.4.1/../../../../arm-none-eabi/lib/armv7-m\libg_nano.a(lib_a-memchr-stub.o)
                0x000027f0                memchr
 .text.memmove  0x0000280c       0x36 c:/program files (x86)/cypress/psoc creator/4.2/psoc creator/import/gnu/arm/5.4.1/bin/../lib/gcc/arm-none-eabi/5.4.1/../../../../arm-none-eabi/lib/armv7-m\libg_nano.a(lib_a-memmove.o)
                0x0000280c                memmove
 *fill*         0x00002842        0x2 
 .text._free_r  0x00002844       0x98 c:/program files (x86)/cypress/psoc creator/4.2/psoc creator/import/gnu/arm/5.4.1/bin/../lib/gcc/arm-none-eabi/5.4.1/../../../../arm-none-eabi/lib/armv7-m\libg_nano.a(lib_a-nano-freer.o)
                0x00002844                _free_r
 .text._malloc_r
                0x000028dc       0xbc c:/program files (x86)/cypress/psoc creator/4.2/psoc creator/import/gnu/arm/5.4.1/bin/../lib/gcc/arm-none-eabi/5.4.1/../../../../arm-none-eabi/lib/armv7-m\libg_nano.a(lib_a-nano-mallocr.o)
                0x000028dc                _malloc_r
 .text._realloc_r
                0x00002998       0x4c c:/program files (x86)/cypress/psoc creator/4.2/psoc creator/import/gnu/arm/5.4.1/bin/../lib/gcc/arm-none-eabi/5.4.1/../../../../arm-none-eabi/lib/armv7-m\libg_nano.a(lib_a-nano-reallocr.o)
                0x00002998                _realloc_r
 .text._sbrk_r  0x000029e4       0x20 c:/program files (x86)/cypress/psoc creator/4.2/psoc creator/import/gnu/arm/5.4.1/bin/../lib/gcc/arm-none-eabi/5.4.1/../../../../arm-none-eabi/lib/armv7-m\libg_nano.a(lib_a-sbrkr.o)
                0x000029e4                _sbrk_r
 .text.__malloc_lock
                0x00002a04        0x2 c:/program files (x86)/cypress/psoc creator/4.2/psoc creator/import/gnu/arm/5.4.1/bin/../lib/gcc/arm-none-eabi/5.4.1/../../../../arm-none-eabi/lib/armv7-m\libg_nano.a(lib_a-mlock.o)
                0x00002a04                __malloc_lock
 .text.__malloc_unlock
                0x00002a06        0x2 c:/program files (x86)/cypress/psoc creator/4.2/psoc creator/import/gnu/arm/5.4.1/bin/../lib/gcc/arm-none-eabi/5.4.1/../../../../arm-none-eabi/lib/armv7-m\libg_nano.a(lib_a-mlock.o)
                0x00002a06                __malloc_unlock
 .text._malloc_usable_size_r
                0x00002a08       0x14 c:/program files (x86)/cypress/psoc creator/4.2/psoc creator/import/gnu/arm/5.4.1/bin/../lib/gcc/arm-none-eabi/5.4.1/../../../../arm-none-eabi/lib/armv7-m\libg_nano.a(lib_a-nano-msizer.o)
                0x00002a08                _malloc_usable_size_r
 *(.plt)
 *(.gnu.warning)
 *(.glue_7t)
 .glue_7t       0x00002a1c        0x0 linker stubs
 *(.glue_7)
 .glue_7        0x00002a1c        0x0 linker stubs
 *(.vfp11_veneer)
 .vfp11_veneer  0x00002a1c        0x0 linker stubs
 *(.bootloader)
 *(.ARM.extab* .gnu.linkonce.armextab.*)
 *(.gcc_except_table)

.v4_bx          0x00002a1c        0x0
 .v4_bx         0x00002a1c        0x0 linker stubs

.iplt           0x00002a1c        0x0
 .iplt          0x00002a1c        0x0 c:/program files (x86)/cypress/psoc creator/4.2/psoc creator/import/gnu/arm/5.4.1/bin/../lib/gcc/arm-none-eabi/5.4.1/armv7-m/crtbegin.o

.eh_frame_hdr
 *(.eh_frame_hdr)

.eh_frame       0x00002a1c        0x4
 *(.eh_frame)
 .eh_frame      0x00002a1c        0x0 c:/program files (x86)/cypress/psoc creator/4.2/psoc creator/import/gnu/arm/5.4.1/bin/../lib/gcc/arm-none-eabi/5.4.1/armv7-m/crtbegin.o
 .eh_frame      0x00002a1c        0x4 c:/program files (x86)/cypress/psoc creator/4.2/psoc creator/import/gnu/arm/5.4.1/bin/../lib/gcc/arm-none-eabi/5.4.1/armv7-m/crtend.o
                [!provide]                PROVIDE (__exidx_start, .)

.ARM.exidx
 *(.ARM.exidx* .gnu.linkonce.armexidx.*)
                0x00002a20                __exidx_end = .

.rodata         0x00002a20      0x150
 *(.rodata .rodata.* .gnu.linkonce.r.*)
 .rodata.str1.4
                0x00002a20       0x90 .\CortexM3\ARM_GCC_541\Debug\main.o
                                 0x8e (size before relaxing)
 .rodata        0x00002ab0       0x42 .\CortexM3\ARM_GCC_541\Debug\cyfitter_cfg.o
 *fill*         0x00002af2        0x2 
 .rodata        0x00002af4        0xf .\CortexM3\ARM_GCC_541\Debug\ClassManager.a(cyPm.o)
 .rodata.str1.1
                0x00002b03        0x2 c:/program files (x86)/cypress/psoc creator/4.2/psoc creator/import/gnu/arm/5.4.1/bin/../lib/gcc/arm-none-eabi/5.4.1/../../../../arm-none-eabi/lib/armv7-m\libg_nano.a(lib_a-impure.o)
 .rodata.str1.1
                0x00002b05       0x11 c:/program files (x86)/cypress/psoc creator/4.2/psoc creator/import/gnu/arm/5.4.1/bin/../lib/gcc/arm-none-eabi/5.4.1/../../../../arm-none-eabi/lib/armv7-m\libg_nano.a(lib_a-nano-svfprintf.o)
 .rodata.str1.1
                0x00002b16       0x22 c:/program files (x86)/cypress/psoc creator/4.2/psoc creator/import/gnu/arm/5.4.1/bin/../lib/gcc/arm-none-eabi/5.4.1/../../../../arm-none-eabi/lib/armv7-m\libg_nano.a(lib_a-nano-vfprintf_i.o)
                0x00002b38                . = ALIGN (0x4)
 *(.init)
 .init          0x00002b38        0x4 c:/program files (x86)/cypress/psoc creator/4.2/psoc creator/import/gnu/arm/5.4.1/bin/../lib/gcc/arm-none-eabi/5.4.1/armv7-m/crti.o
                0x00002b38                _init
 .init          0x00002b3c        0x8 c:/program files (x86)/cypress/psoc creator/4.2/psoc creator/import/gnu/arm/5.4.1/bin/../lib/gcc/arm-none-eabi/5.4.1/armv7-m/crtn.o
                0x00002b44                . = ALIGN (0x4)
                0x00002b44                __preinit_array_start = .
 *(.preinit_array)
                0x00002b44                __preinit_array_end = .
                0x00002b44                . = ALIGN (0x4)
                0x00002b44                __init_array_start = .
 *(SORT(.init_array.*))
 *(.init_array)
 .init_array    0x00002b44        0x4 c:/program files (x86)/cypress/psoc creator/4.2/psoc creator/import/gnu/arm/5.4.1/bin/../lib/gcc/arm-none-eabi/5.4.1/armv7-m/crtbegin.o
 .init_array    0x00002b48        0x4 .\CortexM3\ARM_GCC_541\Debug\Cm3Start.o
                0x00002b4c                __init_array_end = .
                0x00002b4c                . = ALIGN (0x4)
 *(.fini)
 .fini          0x00002b4c        0x4 c:/program files (x86)/cypress/psoc creator/4.2/psoc creator/import/gnu/arm/5.4.1/bin/../lib/gcc/arm-none-eabi/5.4.1/armv7-m/crti.o
                0x00002b4c                _fini
 .fini          0x00002b50        0x8 c:/program files (x86)/cypress/psoc creator/4.2/psoc creator/import/gnu/arm/5.4.1/bin/../lib/gcc/arm-none-eabi/5.4.1/armv7-m/crtn.o
                0x00002b58                . = ALIGN (0x4)
                0x00002b58                __fini_array_start = .
 *(.fini_array)
 .fini_array    0x00002b58        0x4 c:/program files (x86)/cypress/psoc creator/4.2/psoc creator/import/gnu/arm/5.4.1/bin/../lib/gcc/arm-none-eabi/5.4.1/armv7-m/crtbegin.o
 *(SORT(.fini_array.*))
                0x00002b5c                __fini_array_end = .
                0x00002b5c                . = ALIGN (0x4)
 *crtbegin.o(.ctors)
 *(EXCLUDE_FILE(*crtend.o) .ctors)
 *(SORT(.ctors.*))
 *crtend.o(.ctors)
                0x00002b5c                . = ALIGN (0x4)
 *crtbegin.o(.dtors)
 *(EXCLUDE_FILE(*crtend.o) .dtors)
 *(SORT(.dtors.*))
 *crtend.o(.dtors)
                0x00002b5c                . = ALIGN (0x4)
                0x00002b5c                __cy_regions = .
                0x00002b5c        0x4 LONG 0x2b70 __cy_region_init_ram
                0x00002b60        0x4 LONG 0x1fff80c8 __cy_region_start_data
                0x00002b64        0x4 LONG 0x90 __cy_region_init_size_ram
                0x00002b68        0x4 LONG 0xf0 __cy_region_zero_size_ram
                0x00002b6c                __cy_regions_end = .
                0x00002b70                . = ALIGN (0x8)
 *fill*         0x00002b6c        0x4 
                0x00002b70                _etext = .

.cy_checksum_exclude
                0x00002b70        0x0
 *(.cy_checksum_exclude)

.ramvectors     0x1fff8000       0xc0
                0x1fff8000                __cy_region_start_ram = .
 *(.ramvectors)
 .ramvectors    0x1fff8000       0xc0 .\CortexM3\ARM_GCC_541\Debug\Cm3Start.o
                0x1fff8000                CyRamVectors

.noinit         0x1fff80c0        0x1
 *(.noinit)
 .noinit        0x1fff80c0        0x1 .\CortexM3\ARM_GCC_541\Debug\ClassManager.a(CyLib.o)
                0x1fff80c0                CyResetStatus

.data           0x1fff80c8       0x90 load address 0x00002b70
                0x1fff80c8                __cy_region_start_data = .
 *(.jcr)
 .jcr           0x1fff80c8        0x0 c:/program files (x86)/cypress/psoc creator/4.2/psoc creator/import/gnu/arm/5.4.1/bin/../lib/gcc/arm-none-eabi/5.4.1/armv7-m/crtbegin.o
 .jcr           0x1fff80c8        0x4 c:/program files (x86)/cypress/psoc creator/4.2/psoc creator/import/gnu/arm/5.4.1/bin/../lib/gcc/arm-none-eabi/5.4.1/armv7-m/crtend.o
 *(.got.plt)
 *(.got)
 *(.shdata)
 *(.data .data.* .gnu.linkonce.d.*)
 .data          0x1fff80cc        0x8 .\CortexM3\ARM_GCC_541\Debug\main.o
                0x1fff80cc                state
                0x1fff80d0                ontime
 .data          0x1fff80d4        0x4 .\CortexM3\ARM_GCC_541\Debug\Cm3Start.o
 .data          0x1fff80d8        0x6 .\CortexM3\ARM_GCC_541\Debug\ClassManager.a(I2C_PM.o)
                0x1fff80d8                I2C_backup
 *fill*         0x1fff80de        0x2 
 .data          0x1fff80e0       0x10 .\CortexM3\ARM_GCC_541\Debug\ClassManager.a(CyLib.o)
                0x1fff80e0                cydelay_32k_ms
                0x1fff80e4                cydelay_freq_khz
                0x1fff80e8                cydelay_freq_mhz
                0x1fff80ec                cydelay_freq_hz
 .data.impure_data
                0x1fff80f0       0x60 c:/program files (x86)/cypress/psoc creator/4.2/psoc creator/import/gnu/arm/5.4.1/bin/../lib/gcc/arm-none-eabi/5.4.1/../../../../arm-none-eabi/lib/armv7-m\libg_nano.a(lib_a-impure.o)
 .data._impure_ptr
                0x1fff8150        0x4 c:/program files (x86)/cypress/psoc creator/4.2/psoc creator/import/gnu/arm/5.4.1/bin/../lib/gcc/arm-none-eabi/5.4.1/../../../../arm-none-eabi/lib/armv7-m\libg_nano.a(lib_a-impure.o)
                0x1fff8150                _impure_ptr
                0x1fff8158                . = ALIGN (0x8)
 *fill*         0x1fff8154        0x4 
 *(.ram)
                0x1fff8158                _edata = .

.igot.plt       0x1fff8158        0x0 load address 0x00002c00
 .igot.plt      0x1fff8158        0x0 c:/program files (x86)/cypress/psoc creator/4.2/psoc creator/import/gnu/arm/5.4.1/bin/../lib/gcc/arm-none-eabi/5.4.1/armv7-m/crtbegin.o

.bss            0x1fff8158       0xf0 load address 0x00002c00
                0x1fff8158                PROVIDE (__bss_start__, .)
 *(.shbss)
 *(.bss .bss.* .gnu.linkonce.b.*)
 .bss           0x1fff8158       0x1c c:/program files (x86)/cypress/psoc creator/4.2/psoc creator/import/gnu/arm/5.4.1/bin/../lib/gcc/arm-none-eabi/5.4.1/armv7-m/crtbegin.o
 .bss           0x1fff8174        0x4 .\CortexM3\ARM_GCC_541\Debug\main.o
                0x1fff8174                students
 .bss           0x1fff8178        0x1 .\CortexM3\ARM_GCC_541\Debug\ClassManager.a(I2C.o)
                0x1fff8178                I2C_initVar
 *fill*         0x1fff8179        0x3 
 .bss           0x1fff817c       0x1c .\CortexM3\ARM_GCC_541\Debug\ClassManager.a(CyLib.o)
                0x1fff8194                CySysTickInitVar
 .bss           0x1fff8198       0x43 .\CortexM3\ARM_GCC_541\Debug\ClassManager.a(cyPm.o)
 .bss           0x1fff81db        0x2 .\CortexM3\ARM_GCC_541\Debug\ClassManager.a(UART.o)
                0x1fff81db                UART_initVar
 .bss           0x1fff81dd        0x1 .\CortexM3\ARM_GCC_541\Debug\ClassManager.a(Timer.o)
                0x1fff81dd                Timer_initVar
 *fill*         0x1fff81de        0x2 
 .bss.__malloc_sbrk_start
                0x1fff81e0        0x4 c:/program files (x86)/cypress/psoc creator/4.2/psoc creator/import/gnu/arm/5.4.1/bin/../lib/gcc/arm-none-eabi/5.4.1/../../../../arm-none-eabi/lib/armv7-m\libg_nano.a(lib_a-nano-mallocr.o)
                0x1fff81e0                __malloc_sbrk_start
 .bss.__malloc_free_list
                0x1fff81e4        0x4 c:/program files (x86)/cypress/psoc creator/4.2/psoc creator/import/gnu/arm/5.4.1/bin/../lib/gcc/arm-none-eabi/5.4.1/../../../../arm-none-eabi/lib/armv7-m\libg_nano.a(lib_a-nano-mallocr.o)
                0x1fff81e4                __malloc_free_list
 *(COMMON)
 COMMON         0x1fff81e8       0x44 .\CortexM3\ARM_GCC_541\Debug\main.o
                0x1fff81e8                ArrBuffer
                0x1fff81ec                msg
 COMMON         0x1fff822c        0x1 .\CortexM3\ARM_GCC_541\Debug\ClassManager.a(I2C.o)
                0x1fff822c                I2C_state
 COMMON         0x1fff822d        0x1 .\CortexM3\ARM_GCC_541\Debug\ClassManager.a(I2C_PM.o)
                0x1fff822d                I2C_wakeupSource
 *fill*         0x1fff822e        0x2 
 COMMON         0x1fff8230       0x10 .\CortexM3\ARM_GCC_541\Debug\ClassManager.a(I2C_SLAVE.o)
                0x1fff8230                I2C_slRdBufIndex
                0x1fff8231                I2C_slStatus
                0x1fff8232                I2C_slWrBufIndex
                0x1fff8233                I2C_slRdBufSize
                0x1fff8234                I2C_slWrBufSize
                0x1fff8238                I2C_slWrBufPtr
                0x1fff823c                I2C_slRdBufPtr
 COMMON         0x1fff8240        0x4 c:/program files (x86)/cypress/psoc creator/4.2/psoc creator/import/gnu/arm/5.4.1/bin/../lib/gcc/arm-none-eabi/5.4.1/../../../../arm-none-eabi/lib/armv7-m\libg_nano.a(lib_a-reent.o)
                0x1fff8240                errno
                0x1fff8248                . = ALIGN (0x8)
 *fill*         0x1fff8244        0x4 
 *(.ram.b)
                0x1fff8248                _end = .
                0x1fff8248                __end = .
                0x1fff8248                PROVIDE (end, .)
                0x1fff8248                PROVIDE (__bss_end__, .)
                0x00002b70                __cy_region_init_ram = LOADADDR (.data)
                0x00000090                __cy_region_init_size_ram = (_edata - ADDR (.data))
                0x000000f0                __cy_region_zero_size_ram = (_end - _edata)

.heap           0x1fff8248       0x80 load address 0x00002c00
                0x1fff8248                . = _end
                0x1fff82c8                . = (. + 0x80)
 *fill*         0x1fff8248       0x80 
                0x1fff82c8                __cy_heap_limit = .

.stack          0x20007800      0x800
                0x20007800                __cy_stack_limit = .
                0x20008000                . = (. + 0x800)
 *fill*         0x20007800      0x800 
                0x00000001                ASSERT ((__cy_stack_limit >= __cy_heap_limit), region RAM overflowed with stack)
                0x00000000                cy_checksum_exclude_size = (CY_APPL_LOADABLE == 0x1)?SIZEOF (.cy_checksum_exclude):0x0
                0x00000001                ASSERT ((cy_checksum_exclude_size <= CY_CHECKSUM_EXCLUDE_SIZE), CY_BOOT: Section .cy_checksum_exclude size exceedes specified limit.)

.cyloadermeta
 *(.cyloadermeta)

.cyloadablemeta
 *(.cyloadablemeta)

.cyconfigecc    0x80000000      0x424
 *(.cyconfigecc)
 .cyconfigecc   0x80000000      0x424 .\CortexM3\ARM_GCC_541\Debug\cymetadata.o
                0x80000000                cy_meta_configecc

.cycustnvl      0x90000000        0x4
 *(.cycustnvl)
 .cycustnvl     0x90000000        0x4 .\CortexM3\ARM_GCC_541\Debug\cymetadata.o
                0x90000000                cy_meta_custnvl

.cywolatch      0x90100000        0x4
 *(.cywolatch)
 .cywolatch     0x90100000        0x4 .\CortexM3\ARM_GCC_541\Debug\cymetadata.o
                0x90100000                cy_meta_wonvl

.cyeeprom       0x90200000        0x0
 *(.cyeeprom)
                0x00000001                ASSERT ((. <= ((0x90200000 + ee_offset) + ee_size)), .cyeeprom data will not fit in EEPROM)

.cyflashprotect
                0x90400000      0x100
 *(.cyflashprotect)
 .cyflashprotect
                0x90400000      0x100 .\CortexM3\ARM_GCC_541\Debug\cymetadata.o
                0x90400000                cy_meta_flashprotect

.cymeta         0x90500000        0xc
 *(.cymeta)
 .cymeta        0x90500000        0xc .\CortexM3\ARM_GCC_541\Debug\cymetadata.o
                0x90500000                cy_metadata

.rel.dyn        0x00002c00        0x0 load address 0x9050000c
 .rel.iplt      0x00002c00        0x0 c:/program files (x86)/cypress/psoc creator/4.2/psoc creator/import/gnu/arm/5.4.1/bin/../lib/gcc/arm-none-eabi/5.4.1/armv7-m/crtbegin.o

.stab
 *(.stab)

.stabstr
 *(.stabstr)

.debug
 *(.debug)

.line
 *(.line)

.debug_srcinfo
 *(.debug_srcinfo)

.debug_sfnames
 *(.debug_sfnames)

.debug_aranges  0x00000000      0xa20
 *(.debug_aranges)
 .debug_aranges
                0x00000000       0x30 .\CortexM3\ARM_GCC_541\Debug\main.o
 .debug_aranges
                0x00000030       0x58 .\CortexM3\ARM_GCC_541\Debug\cyfitter_cfg.o
 .debug_aranges
                0x00000088       0x18 .\CortexM3\ARM_GCC_541\Debug\cymetadata.o
 .debug_aranges
                0x000000a0       0x48 .\CortexM3\ARM_GCC_541\Debug\Cm3Start.o
 .debug_aranges
                0x000000e8       0x38 .\CortexM3\ARM_GCC_541\Debug\ClassManager.a(I2C.o)
 .debug_aranges
                0x00000120       0x28 .\CortexM3\ARM_GCC_541\Debug\ClassManager.a(I2C_INT.o)
 .debug_aranges
                0x00000148       0x38 .\CortexM3\ARM_GCC_541\Debug\ClassManager.a(I2C_PM.o)
 .debug_aranges
                0x00000180       0x68 .\CortexM3\ARM_GCC_541\Debug\ClassManager.a(I2C_SLAVE.o)
 .debug_aranges
                0x000001e8      0x2a0 .\CortexM3\ARM_GCC_541\Debug\ClassManager.a(CyLib.o)
 .debug_aranges
                0x00000488       0x98 .\CortexM3\ARM_GCC_541\Debug\ClassManager.a(cyPm.o)
 .debug_aranges
                0x00000520       0xf0 .\CortexM3\ARM_GCC_541\Debug\ClassManager.a(UART.o)
 .debug_aranges
                0x00000610       0x70 .\CortexM3\ARM_GCC_541\Debug\ClassManager.a(UART_IntClock.o)
 .debug_aranges
                0x00000680       0x48 .\CortexM3\ARM_GCC_541\Debug\ClassManager.a(BTN.o)
 .debug_aranges
                0x000006c8       0x88 .\CortexM3\ARM_GCC_541\Debug\ClassManager.a(Timer.o)
 .debug_aranges
                0x00000750       0x38 .\CortexM3\ARM_GCC_541\Debug\ClassManager.a(LED_1.o)
 .debug_aranges
                0x00000788       0x38 .\CortexM3\ARM_GCC_541\Debug\ClassManager.a(LED_0.o)
 .debug_aranges
                0x000007c0       0x38 .\CortexM3\ARM_GCC_541\Debug\ClassManager.a(ListC.o)
 .debug_aranges
                0x000007f8       0x80 .\CortexM3\ARM_GCC_541\Debug\ClassManager.a(time_isr.o)
 .debug_aranges
                0x00000878       0x80 .\CortexM3\ARM_GCC_541\Debug\ClassManager.a(counting.o)
 .debug_aranges
                0x000008f8       0x20 .\CortexM3\ARM_GCC_541\Debug\ClassManager.a(CyBootAsmGnu.o)
 .debug_aranges
                0x00000918       0x88 .\CortexM3\ARM_GCC_541\Debug\ClassManager.a(CyFlash.o)
 .debug_aranges
                0x000009a0       0x80 .\CortexM3\ARM_GCC_541\Debug\ClassManager.a(CySpc.o)

.debug_pubnames
 *(.debug_pubnames)

.debug_info     0x00000000     0x58f8
 *(.debug_info .gnu.linkonce.wi.*)
 .debug_info    0x00000000      0x5d3 .\CortexM3\ARM_GCC_541\Debug\main.o
 .debug_info    0x000005d3      0x594 .\CortexM3\ARM_GCC_541\Debug\cyfitter_cfg.o
 .debug_info    0x00000b67      0x135 .\CortexM3\ARM_GCC_541\Debug\cymetadata.o
 .debug_info    0x00000c9c      0x3bb .\CortexM3\ARM_GCC_541\Debug\Cm3Start.o
 .debug_info    0x00001057      0x2cc .\CortexM3\ARM_GCC_541\Debug\ClassManager.a(I2C.o)
 .debug_info    0x00001323      0x175 .\CortexM3\ARM_GCC_541\Debug\ClassManager.a(I2C_INT.o)
 .debug_info    0x00001498      0x265 .\CortexM3\ARM_GCC_541\Debug\ClassManager.a(I2C_PM.o)
 .debug_info    0x000016fd      0x290 .\CortexM3\ARM_GCC_541\Debug\ClassManager.a(I2C_SLAVE.o)
 .debug_info    0x0000198d     0x1374 .\CortexM3\ARM_GCC_541\Debug\ClassManager.a(CyLib.o)
 .debug_info    0x00002d01      0xa2a .\CortexM3\ARM_GCC_541\Debug\ClassManager.a(cyPm.o)
 .debug_info    0x0000372b      0x60c .\CortexM3\ARM_GCC_541\Debug\ClassManager.a(UART.o)
 .debug_info    0x00003d37      0x283 .\CortexM3\ARM_GCC_541\Debug\ClassManager.a(UART_IntClock.o)
 .debug_info    0x00003fba      0x174 .\CortexM3\ARM_GCC_541\Debug\ClassManager.a(BTN.o)
 .debug_info    0x0000412e      0x295 .\CortexM3\ARM_GCC_541\Debug\ClassManager.a(Timer.o)
 .debug_info    0x000043c3      0x11f .\CortexM3\ARM_GCC_541\Debug\ClassManager.a(LED_1.o)
 .debug_info    0x000044e2      0x11f .\CortexM3\ARM_GCC_541\Debug\ClassManager.a(LED_0.o)
 .debug_info    0x00004601      0x11f .\CortexM3\ARM_GCC_541\Debug\ClassManager.a(ListC.o)
 .debug_info    0x00004720      0x2d2 .\CortexM3\ARM_GCC_541\Debug\ClassManager.a(time_isr.o)
 .debug_info    0x000049f2      0x2d2 .\CortexM3\ARM_GCC_541\Debug\ClassManager.a(counting.o)
 .debug_info    0x00004cc4       0x97 .\CortexM3\ARM_GCC_541\Debug\ClassManager.a(CyBootAsmGnu.o)
 .debug_info    0x00004d5b      0x64d .\CortexM3\ARM_GCC_541\Debug\ClassManager.a(CyFlash.o)
 .debug_info    0x000053a8      0x550 .\CortexM3\ARM_GCC_541\Debug\ClassManager.a(CySpc.o)

.debug_abbrev   0x00000000     0x1960
 *(.debug_abbrev)
 .debug_abbrev  0x00000000      0x109 .\CortexM3\ARM_GCC_541\Debug\main.o
 .debug_abbrev  0x00000109      0x20d .\CortexM3\ARM_GCC_541\Debug\cyfitter_cfg.o
 .debug_abbrev  0x00000316       0x66 .\CortexM3\ARM_GCC_541\Debug\cymetadata.o
 .debug_abbrev  0x0000037c      0x1e8 .\CortexM3\ARM_GCC_541\Debug\Cm3Start.o
 .debug_abbrev  0x00000564      0x10a .\CortexM3\ARM_GCC_541\Debug\ClassManager.a(I2C.o)
 .debug_abbrev  0x0000066e       0xc1 .\CortexM3\ARM_GCC_541\Debug\ClassManager.a(I2C_INT.o)
 .debug_abbrev  0x0000072f       0xfd .\CortexM3\ARM_GCC_541\Debug\ClassManager.a(I2C_PM.o)
 .debug_abbrev  0x0000082c       0xf8 .\CortexM3\ARM_GCC_541\Debug\ClassManager.a(I2C_SLAVE.o)
 .debug_abbrev  0x00000924      0x254 .\CortexM3\ARM_GCC_541\Debug\ClassManager.a(CyLib.o)
 .debug_abbrev  0x00000b78      0x1ab .\CortexM3\ARM_GCC_541\Debug\ClassManager.a(cyPm.o)
 .debug_abbrev  0x00000d23      0x175 .\CortexM3\ARM_GCC_541\Debug\ClassManager.a(UART.o)
 .debug_abbrev  0x00000e98      0x139 .\CortexM3\ARM_GCC_541\Debug\ClassManager.a(UART_IntClock.o)
 .debug_abbrev  0x00000fd1       0x90 .\CortexM3\ARM_GCC_541\Debug\ClassManager.a(BTN.o)
 .debug_abbrev  0x00001061      0x11a .\CortexM3\ARM_GCC_541\Debug\ClassManager.a(Timer.o)
 .debug_abbrev  0x0000117b       0x90 .\CortexM3\ARM_GCC_541\Debug\ClassManager.a(LED_1.o)
 .debug_abbrev  0x0000120b       0x90 .\CortexM3\ARM_GCC_541\Debug\ClassManager.a(LED_0.o)
 .debug_abbrev  0x0000129b       0x90 .\CortexM3\ARM_GCC_541\Debug\ClassManager.a(ListC.o)
 .debug_abbrev  0x0000132b      0x173 .\CortexM3\ARM_GCC_541\Debug\ClassManager.a(time_isr.o)
 .debug_abbrev  0x0000149e      0x173 .\CortexM3\ARM_GCC_541\Debug\ClassManager.a(counting.o)
 .debug_abbrev  0x00001611       0x14 .\CortexM3\ARM_GCC_541\Debug\ClassManager.a(CyBootAsmGnu.o)
 .debug_abbrev  0x00001625      0x1a7 .\CortexM3\ARM_GCC_541\Debug\ClassManager.a(CyFlash.o)
 .debug_abbrev  0x000017cc      0x194 .\CortexM3\ARM_GCC_541\Debug\ClassManager.a(CySpc.o)

.debug_line     0x00000000     0x2667
 *(.debug_line)
 .debug_line    0x00000000      0x2b7 .\CortexM3\ARM_GCC_541\Debug\main.o
 .debug_line    0x000002b7      0x1f5 .\CortexM3\ARM_GCC_541\Debug\cyfitter_cfg.o
 .debug_line    0x000004ac      0x141 .\CortexM3\ARM_GCC_541\Debug\cymetadata.o
 .debug_line    0x000005ed      0x234 .\CortexM3\ARM_GCC_541\Debug\Cm3Start.o
 .debug_line    0x00000821       0xda .\CortexM3\ARM_GCC_541\Debug\ClassManager.a(I2C.o)
 .debug_line    0x000008fb       0xd2 .\CortexM3\ARM_GCC_541\Debug\ClassManager.a(I2C_INT.o)
 .debug_line    0x000009cd       0xd0 .\CortexM3\ARM_GCC_541\Debug\ClassManager.a(I2C_PM.o)
 .debug_line    0x00000a9d      0x10e .\CortexM3\ARM_GCC_541\Debug\ClassManager.a(I2C_SLAVE.o)
 .debug_line    0x00000bab      0x816 .\CortexM3\ARM_GCC_541\Debug\ClassManager.a(CyLib.o)
 .debug_line    0x000013c1      0x367 .\CortexM3\ARM_GCC_541\Debug\ClassManager.a(cyPm.o)
 .debug_line    0x00001728      0x2bc .\CortexM3\ARM_GCC_541\Debug\ClassManager.a(UART.o)
 .debug_line    0x000019e4      0x17c .\CortexM3\ARM_GCC_541\Debug\ClassManager.a(UART_IntClock.o)
 .debug_line    0x00001b60       0xb4 .\CortexM3\ARM_GCC_541\Debug\ClassManager.a(BTN.o)
 .debug_line    0x00001c14      0x153 .\CortexM3\ARM_GCC_541\Debug\ClassManager.a(Timer.o)
 .debug_line    0x00001d67       0x92 .\CortexM3\ARM_GCC_541\Debug\ClassManager.a(LED_1.o)
 .debug_line    0x00001df9       0x92 .\CortexM3\ARM_GCC_541\Debug\ClassManager.a(LED_0.o)
 .debug_line    0x00001e8b       0x92 .\CortexM3\ARM_GCC_541\Debug\ClassManager.a(ListC.o)
 .debug_line    0x00001f1d      0x135 .\CortexM3\ARM_GCC_541\Debug\ClassManager.a(time_isr.o)
 .debug_line    0x00002052      0x135 .\CortexM3\ARM_GCC_541\Debug\ClassManager.a(counting.o)
 .debug_line    0x00002187       0x66 .\CortexM3\ARM_GCC_541\Debug\ClassManager.a(CyBootAsmGnu.o)
 .debug_line    0x000021ed      0x21a .\CortexM3\ARM_GCC_541\Debug\ClassManager.a(CyFlash.o)
 .debug_line    0x00002407      0x260 .\CortexM3\ARM_GCC_541\Debug\ClassManager.a(CySpc.o)

.debug_frame    0x00000000     0x1bc8
 *(.debug_frame)
 .debug_frame   0x00000000       0x64 .\CortexM3\ARM_GCC_541\Debug\main.o
 .debug_frame   0x00000064       0xe4 .\CortexM3\ARM_GCC_541\Debug\cyfitter_cfg.o
 .debug_frame   0x00000148       0xb8 .\CortexM3\ARM_GCC_541\Debug\Cm3Start.o
 .debug_frame   0x00000200       0x94 .\CortexM3\ARM_GCC_541\Debug\ClassManager.a(I2C.o)
 .debug_frame   0x00000294       0x3c .\CortexM3\ARM_GCC_541\Debug\ClassManager.a(I2C_INT.o)
 .debug_frame   0x000002d0       0x80 .\CortexM3\ARM_GCC_541\Debug\ClassManager.a(I2C_PM.o)
 .debug_frame   0x00000350       0xb0 .\CortexM3\ARM_GCC_541\Debug\ClassManager.a(I2C_SLAVE.o)
 .debug_frame   0x00000400      0x738 .\CortexM3\ARM_GCC_541\Debug\ClassManager.a(CyLib.o)
 .debug_frame   0x00000b38      0x1f8 .\CortexM3\ARM_GCC_541\Debug\ClassManager.a(cyPm.o)
 .debug_frame   0x00000d30      0x250 .\CortexM3\ARM_GCC_541\Debug\ClassManager.a(UART.o)
 .debug_frame   0x00000f80       0xe0 .\CortexM3\ARM_GCC_541\Debug\ClassManager.a(UART_IntClock.o)
 .debug_frame   0x00001060       0x70 .\CortexM3\ARM_GCC_541\Debug\ClassManager.a(BTN.o)
 .debug_frame   0x000010d0      0x108 .\CortexM3\ARM_GCC_541\Debug\ClassManager.a(Timer.o)
 .debug_frame   0x000011d8       0x50 .\CortexM3\ARM_GCC_541\Debug\ClassManager.a(LED_1.o)
 .debug_frame   0x00001228       0x50 .\CortexM3\ARM_GCC_541\Debug\ClassManager.a(LED_0.o)
 .debug_frame   0x00001278       0x50 .\CortexM3\ARM_GCC_541\Debug\ClassManager.a(ListC.o)
 .debug_frame   0x000012c8      0x104 .\CortexM3\ARM_GCC_541\Debug\ClassManager.a(time_isr.o)
 .debug_frame   0x000013cc      0x104 .\CortexM3\ARM_GCC_541\Debug\ClassManager.a(counting.o)
 .debug_frame   0x000014d0      0x194 .\CortexM3\ARM_GCC_541\Debug\ClassManager.a(CyFlash.o)
 .debug_frame   0x00001664      0x180 .\CortexM3\ARM_GCC_541\Debug\ClassManager.a(CySpc.o)
 .debug_frame   0x000017e4       0x20 c:/program files (x86)/cypress/psoc creator/4.2/psoc creator/import/gnu/arm/5.4.1/bin/../lib/gcc/arm-none-eabi/5.4.1/../../../../arm-none-eabi/lib/armv7-m\libg_nano.a(lib_a-errno.o)
 .debug_frame   0x00001804       0x28 c:/program files (x86)/cypress/psoc creator/4.2/psoc creator/import/gnu/arm/5.4.1/bin/../lib/gcc/arm-none-eabi/5.4.1/../../../../arm-none-eabi/lib/armv7-m\libg_nano.a(lib_a-exit.o)
 .debug_frame   0x0000182c       0x2c c:/program files (x86)/cypress/psoc creator/4.2/psoc creator/import/gnu/arm/5.4.1/bin/../lib/gcc/arm-none-eabi/5.4.1/../../../../arm-none-eabi/lib/armv7-m\libg_nano.a(lib_a-init.o)
 .debug_frame   0x00001858       0x28 c:/program files (x86)/cypress/psoc creator/4.2/psoc creator/import/gnu/arm/5.4.1/bin/../lib/gcc/arm-none-eabi/5.4.1/../../../../arm-none-eabi/lib/armv7-m\libg_nano.a(lib_a-memcpy-stub.o)
 .debug_frame   0x00001880       0x20 c:/program files (x86)/cypress/psoc creator/4.2/psoc creator/import/gnu/arm/5.4.1/bin/../lib/gcc/arm-none-eabi/5.4.1/../../../../arm-none-eabi/lib/armv7-m\libg_nano.a(lib_a-memset.o)
 .debug_frame   0x000018a0       0x70 c:/program files (x86)/cypress/psoc creator/4.2/psoc creator/import/gnu/arm/5.4.1/bin/../lib/gcc/arm-none-eabi/5.4.1/../../../../arm-none-eabi/lib/armv7-m\libg_nano.a(lib_a-sprintf.o)
 .debug_frame   0x00001910       0x90 c:/program files (x86)/cypress/psoc creator/4.2/psoc creator/import/gnu/arm/5.4.1/bin/../lib/gcc/arm-none-eabi/5.4.1/../../../../arm-none-eabi/lib/armv7-m\libg_nano.a(lib_a-nano-svfprintf.o)
 .debug_frame   0x000019a0       0x60 c:/program files (x86)/cypress/psoc creator/4.2/psoc creator/import/gnu/arm/5.4.1/bin/../lib/gcc/arm-none-eabi/5.4.1/../../../../arm-none-eabi/lib/armv7-m\libg_nano.a(lib_a-nano-vfprintf_i.o)
 .debug_frame   0x00001a00       0x28 c:/program files (x86)/cypress/psoc creator/4.2/psoc creator/import/gnu/arm/5.4.1/bin/../lib/gcc/arm-none-eabi/5.4.1/../../../../arm-none-eabi/lib/armv7-m\libg_nano.a(lib_a-memchr-stub.o)
 .debug_frame   0x00001a28       0x28 c:/program files (x86)/cypress/psoc creator/4.2/psoc creator/import/gnu/arm/5.4.1/bin/../lib/gcc/arm-none-eabi/5.4.1/../../../../arm-none-eabi/lib/armv7-m\libg_nano.a(lib_a-memmove.o)
 .debug_frame   0x00001a50       0x38 c:/program files (x86)/cypress/psoc creator/4.2/psoc creator/import/gnu/arm/5.4.1/bin/../lib/gcc/arm-none-eabi/5.4.1/../../../../arm-none-eabi/lib/armv7-m\libg_nano.a(lib_a-nano-freer.o)
 .debug_frame   0x00001a88       0x2c c:/program files (x86)/cypress/psoc creator/4.2/psoc creator/import/gnu/arm/5.4.1/bin/../lib/gcc/arm-none-eabi/5.4.1/../../../../arm-none-eabi/lib/armv7-m\libg_nano.a(lib_a-nano-mallocr.o)
 .debug_frame   0x00001ab4       0x3c c:/program files (x86)/cypress/psoc creator/4.2/psoc creator/import/gnu/arm/5.4.1/bin/../lib/gcc/arm-none-eabi/5.4.1/../../../../arm-none-eabi/lib/armv7-m\libg_nano.a(lib_a-nano-reallocr.o)
 .debug_frame   0x00001af0       0x2c c:/program files (x86)/cypress/psoc creator/4.2/psoc creator/import/gnu/arm/5.4.1/bin/../lib/gcc/arm-none-eabi/5.4.1/../../../../arm-none-eabi/lib/armv7-m\libg_nano.a(lib_a-sbrkr.o)
 .debug_frame   0x00001b1c       0x30 c:/program files (x86)/cypress/psoc creator/4.2/psoc creator/import/gnu/arm/5.4.1/bin/../lib/gcc/arm-none-eabi/5.4.1/../../../../arm-none-eabi/lib/armv7-m\libg_nano.a(lib_a-mlock.o)
 .debug_frame   0x00001b4c       0x20 c:/program files (x86)/cypress/psoc creator/4.2/psoc creator/import/gnu/arm/5.4.1/bin/../lib/gcc/arm-none-eabi/5.4.1/../../../../arm-none-eabi/lib/armv7-m\libg_nano.a(lib_a-nano-msizer.o)
 .debug_frame   0x00001b6c       0x5c c:/program files (x86)/cypress/psoc creator/4.2/psoc creator/import/gnu/arm/5.4.1/bin/../lib/gcc/arm-none-eabi/5.4.1/../../../../arm-none-eabi/lib/armv7-m\libg_nano.a(lib_a-reent.o)

.debug_str      0x00000000     0x1f52
 *(.debug_str)
 .debug_str     0x00000000      0x2fc .\CortexM3\ARM_GCC_541\Debug\main.o
                                0x34a (size before relaxing)
 .debug_str     0x000002fc      0x1b6 .\CortexM3\ARM_GCC_541\Debug\cyfitter_cfg.o
                                0x34b (size before relaxing)
 .debug_str     0x000004b2       0x7f .\CortexM3\ARM_GCC_541\Debug\cymetadata.o
                                0x1eb (size before relaxing)
 .debug_str     0x00000531      0x144 .\CortexM3\ARM_GCC_541\Debug\Cm3Start.o
                                0x311 (size before relaxing)
 .debug_str     0x00000675      0x13d .\CortexM3\ARM_GCC_541\Debug\ClassManager.a(I2C.o)
                                0x2f6 (size before relaxing)
 .debug_str     0x000007b2       0x93 .\CortexM3\ARM_GCC_541\Debug\ClassManager.a(I2C_INT.o)
                                0x260 (size before relaxing)
 .debug_str     0x00000845       0x41 .\CortexM3\ARM_GCC_541\Debug\ClassManager.a(I2C_PM.o)
                                0x29b (size before relaxing)
 .debug_str     0x00000886       0xed .\CortexM3\ARM_GCC_541\Debug\ClassManager.a(I2C_SLAVE.o)
                                0x32d (size before relaxing)
 .debug_str     0x00000973      0x7e6 .\CortexM3\ARM_GCC_541\Debug\ClassManager.a(CyLib.o)
                                0xa4e (size before relaxing)
 .debug_str     0x00001159      0x31f .\CortexM3\ARM_GCC_541\Debug\ClassManager.a(cyPm.o)
                                0x73a (size before relaxing)
 .debug_str     0x00001478      0x28d .\CortexM3\ARM_GCC_541\Debug\ClassManager.a(UART.o)
                                0x47c (size before relaxing)
 .debug_str     0x00001705      0x183 .\CortexM3\ARM_GCC_541\Debug\ClassManager.a(UART_IntClock.o)
                                0x33d (size before relaxing)
 .debug_str     0x00001888       0x7a .\CortexM3\ARM_GCC_541\Debug\ClassManager.a(BTN.o)
                                0x217 (size before relaxing)
 .debug_str     0x00001902      0x12a .\CortexM3\ARM_GCC_541\Debug\ClassManager.a(Timer.o)
                                0x2fc (size before relaxing)
 .debug_str     0x00001a2c       0x4f .\CortexM3\ARM_GCC_541\Debug\ClassManager.a(LED_1.o)
                                0x1e9 (size before relaxing)
 .debug_str     0x00001a7b       0x4f .\CortexM3\ARM_GCC_541\Debug\ClassManager.a(LED_0.o)
                                0x1e9 (size before relaxing)
 .debug_str     0x00001aca       0x4f .\CortexM3\ARM_GCC_541\Debug\ClassManager.a(ListC.o)
                                0x1e9 (size before relaxing)
 .debug_str     0x00001b19       0xe9 .\CortexM3\ARM_GCC_541\Debug\ClassManager.a(time_isr.o)
                                0x2d7 (size before relaxing)
 .debug_str     0x00001c02       0xe9 .\CortexM3\ARM_GCC_541\Debug\ClassManager.a(counting.o)
                                0x2d7 (size before relaxing)
 .debug_str     0x00001ceb      0x1bb .\CortexM3\ARM_GCC_541\Debug\ClassManager.a(CyFlash.o)
                                0x3c7 (size before relaxing)
 .debug_str     0x00001ea6       0xac .\CortexM3\ARM_GCC_541\Debug\ClassManager.a(CySpc.o)
                                0x33f (size before relaxing)

.debug_loc      0x00000000     0x21bb
 *(.debug_loc)
 .debug_loc     0x00000000      0x259 .\CortexM3\ARM_GCC_541\Debug\cyfitter_cfg.o
 .debug_loc     0x00000259      0x144 .\CortexM3\ARM_GCC_541\Debug\Cm3Start.o
 .debug_loc     0x0000039d       0x39 .\CortexM3\ARM_GCC_541\Debug\ClassManager.a(I2C.o)
 .debug_loc     0x000003d6       0x68 .\CortexM3\ARM_GCC_541\Debug\ClassManager.a(I2C_INT.o)
 .debug_loc     0x0000043e       0x31 .\CortexM3\ARM_GCC_541\Debug\ClassManager.a(I2C_PM.o)
 .debug_loc     0x0000046f      0x126 .\CortexM3\ARM_GCC_541\Debug\ClassManager.a(I2C_SLAVE.o)
 .debug_loc     0x00000595      0xa11 .\CortexM3\ARM_GCC_541\Debug\ClassManager.a(CyLib.o)
 .debug_loc     0x00000fa6      0x1e4 .\CortexM3\ARM_GCC_541\Debug\ClassManager.a(cyPm.o)
 .debug_loc     0x0000118a      0x258 .\CortexM3\ARM_GCC_541\Debug\ClassManager.a(UART.o)
 .debug_loc     0x000013e2      0x12c .\CortexM3\ARM_GCC_541\Debug\ClassManager.a(UART_IntClock.o)
 .debug_loc     0x0000150e       0x84 .\CortexM3\ARM_GCC_541\Debug\ClassManager.a(BTN.o)
 .debug_loc     0x00001592       0x42 .\CortexM3\ARM_GCC_541\Debug\ClassManager.a(LED_1.o)
 .debug_loc     0x000015d4       0x42 .\CortexM3\ARM_GCC_541\Debug\ClassManager.a(LED_0.o)
 .debug_loc     0x00001616       0x42 .\CortexM3\ARM_GCC_541\Debug\ClassManager.a(ListC.o)
 .debug_loc     0x00001658       0x56 .\CortexM3\ARM_GCC_541\Debug\ClassManager.a(time_isr.o)
 .debug_loc     0x000016ae       0x56 .\CortexM3\ARM_GCC_541\Debug\ClassManager.a(counting.o)
 .debug_loc     0x00001704      0x3b2 .\CortexM3\ARM_GCC_541\Debug\ClassManager.a(CyFlash.o)
 .debug_loc     0x00001ab6      0x705 .\CortexM3\ARM_GCC_541\Debug\ClassManager.a(CySpc.o)

.debug_macinfo
 *(.debug_macinfo)

.debug_ranges   0x00000000      0x8a8
 *(.debug_ranges)
 .debug_ranges  0x00000000       0x20 .\CortexM3\ARM_GCC_541\Debug\main.o
 .debug_ranges  0x00000020       0x48 .\CortexM3\ARM_GCC_541\Debug\cyfitter_cfg.o
 .debug_ranges  0x00000068       0x38 .\CortexM3\ARM_GCC_541\Debug\Cm3Start.o
 .debug_ranges  0x000000a0       0x28 .\CortexM3\ARM_GCC_541\Debug\ClassManager.a(I2C.o)
 .debug_ranges  0x000000c8       0x18 .\CortexM3\ARM_GCC_541\Debug\ClassManager.a(I2C_INT.o)
 .debug_ranges  0x000000e0       0x28 .\CortexM3\ARM_GCC_541\Debug\ClassManager.a(I2C_PM.o)
 .debug_ranges  0x00000108       0x58 .\CortexM3\ARM_GCC_541\Debug\ClassManager.a(I2C_SLAVE.o)
 .debug_ranges  0x00000160      0x290 .\CortexM3\ARM_GCC_541\Debug\ClassManager.a(CyLib.o)
 .debug_ranges  0x000003f0       0x88 .\CortexM3\ARM_GCC_541\Debug\ClassManager.a(cyPm.o)
 .debug_ranges  0x00000478       0xe0 .\CortexM3\ARM_GCC_541\Debug\ClassManager.a(UART.o)
 .debug_ranges  0x00000558       0x60 .\CortexM3\ARM_GCC_541\Debug\ClassManager.a(UART_IntClock.o)
 .debug_ranges  0x000005b8       0x38 .\CortexM3\ARM_GCC_541\Debug\ClassManager.a(BTN.o)
 .debug_ranges  0x000005f0       0x78 .\CortexM3\ARM_GCC_541\Debug\ClassManager.a(Timer.o)
 .debug_ranges  0x00000668       0x28 .\CortexM3\ARM_GCC_541\Debug\ClassManager.a(LED_1.o)
 .debug_ranges  0x00000690       0x28 .\CortexM3\ARM_GCC_541\Debug\ClassManager.a(LED_0.o)
 .debug_ranges  0x000006b8       0x28 .\CortexM3\ARM_GCC_541\Debug\ClassManager.a(ListC.o)
 .debug_ranges  0x000006e0       0x70 .\CortexM3\ARM_GCC_541\Debug\ClassManager.a(time_isr.o)
 .debug_ranges  0x00000750       0x70 .\CortexM3\ARM_GCC_541\Debug\ClassManager.a(counting.o)
 .debug_ranges  0x000007c0       0x78 .\CortexM3\ARM_GCC_541\Debug\ClassManager.a(CyFlash.o)
 .debug_ranges  0x00000838       0x70 .\CortexM3\ARM_GCC_541\Debug\ClassManager.a(CySpc.o)

.comment        0x00000000       0x6e
 .comment       0x00000000       0x6e .\CortexM3\ARM_GCC_541\Debug\main.o
                                 0x6f (size before relaxing)
 .comment       0x0000006e       0x6f .\CortexM3\ARM_GCC_541\Debug\cyfitter_cfg.o
 .comment       0x0000006e       0x6f .\CortexM3\ARM_GCC_541\Debug\cymetadata.o
 .comment       0x0000006e       0x6f .\CortexM3\ARM_GCC_541\Debug\Cm3Start.o
 .comment       0x0000006e       0x6f .\CortexM3\ARM_GCC_541\Debug\ClassManager.a(I2C.o)
 .comment       0x0000006e       0x6f .\CortexM3\ARM_GCC_541\Debug\ClassManager.a(I2C_INT.o)
 .comment       0x0000006e       0x6f .\CortexM3\ARM_GCC_541\Debug\ClassManager.a(I2C_PM.o)
 .comment       0x0000006e       0x6f .\CortexM3\ARM_GCC_541\Debug\ClassManager.a(I2C_SLAVE.o)
 .comment       0x0000006e       0x6f .\CortexM3\ARM_GCC_541\Debug\ClassManager.a(CyLib.o)
 .comment       0x0000006e       0x6f .\CortexM3\ARM_GCC_541\Debug\ClassManager.a(cyPm.o)
 .comment       0x0000006e       0x6f .\CortexM3\ARM_GCC_541\Debug\ClassManager.a(UART.o)
 .comment       0x0000006e       0x6f .\CortexM3\ARM_GCC_541\Debug\ClassManager.a(UART_IntClock.o)
 .comment       0x0000006e       0x6f .\CortexM3\ARM_GCC_541\Debug\ClassManager.a(BTN.o)
 .comment       0x0000006e       0x6f .\CortexM3\ARM_GCC_541\Debug\ClassManager.a(Timer.o)
 .comment       0x0000006e       0x6f .\CortexM3\ARM_GCC_541\Debug\ClassManager.a(LED_1.o)
 .comment       0x0000006e       0x6f .\CortexM3\ARM_GCC_541\Debug\ClassManager.a(LED_0.o)
 .comment       0x0000006e       0x6f .\CortexM3\ARM_GCC_541\Debug\ClassManager.a(ListC.o)
 .comment       0x0000006e       0x6f .\CortexM3\ARM_GCC_541\Debug\ClassManager.a(time_isr.o)
 .comment       0x0000006e       0x6f .\CortexM3\ARM_GCC_541\Debug\ClassManager.a(counting.o)
 .comment       0x0000006e       0x6f .\CortexM3\ARM_GCC_541\Debug\ClassManager.a(CyFlash.o)
 .comment       0x0000006e       0x6f .\CortexM3\ARM_GCC_541\Debug\ClassManager.a(CySpc.o)

.debug_weaknames
 *(.debug_weaknames)

.debug_funcnames
 *(.debug_funcnames)

.debug_typenames
 *(.debug_typenames)

.debug_varnames
 *(.debug_varnames)

.note.gnu.arm.ident
 *(.note.gnu.arm.ident)

.ARM.attributes
                0x00000000       0x29
 *(.ARM.attributes)
 .ARM.attributes
                0x00000000       0x1d c:/program files (x86)/cypress/psoc creator/4.2/psoc creator/import/gnu/arm/5.4.1/bin/../lib/gcc/arm-none-eabi/5.4.1/armv7-m/crti.o
 .ARM.attributes
                0x0000001d       0x2d c:/program files (x86)/cypress/psoc creator/4.2/psoc creator/import/gnu/arm/5.4.1/bin/../lib/gcc/arm-none-eabi/5.4.1/armv7-m/crtbegin.o
 .ARM.attributes
                0x0000004a       0x1b c:/program files (x86)/cypress/psoc creator/4.2/psoc creator/import/gnu/arm/5.4.1/bin/../lib/gcc/arm-none-eabi/5.4.1/../../../../arm-none-eabi/lib/armv7-m/crt0.o
 .ARM.attributes
                0x00000065       0x33 .\CortexM3\ARM_GCC_541\Debug\main.o
 .ARM.attributes
                0x00000098       0x33 .\CortexM3\ARM_GCC_541\Debug\cyfitter_cfg.o
 .ARM.attributes
                0x000000cb       0x33 .\CortexM3\ARM_GCC_541\Debug\cymetadata.o
 .ARM.attributes
                0x000000fe       0x33 .\CortexM3\ARM_GCC_541\Debug\Cm3Start.o
 .ARM.attributes
                0x00000131       0x33 .\CortexM3\ARM_GCC_541\Debug\ClassManager.a(I2C.o)
 .ARM.attributes
                0x00000164       0x33 .\CortexM3\ARM_GCC_541\Debug\ClassManager.a(I2C_INT.o)
 .ARM.attributes
                0x00000197       0x33 .\CortexM3\ARM_GCC_541\Debug\ClassManager.a(I2C_PM.o)
 .ARM.attributes
                0x000001ca       0x33 .\CortexM3\ARM_GCC_541\Debug\ClassManager.a(I2C_SLAVE.o)
 .ARM.attributes
                0x000001fd       0x33 .\CortexM3\ARM_GCC_541\Debug\ClassManager.a(CyLib.o)
 .ARM.attributes
                0x00000230       0x33 .\CortexM3\ARM_GCC_541\Debug\ClassManager.a(cyPm.o)
 .ARM.attributes
                0x00000263       0x33 .\CortexM3\ARM_GCC_541\Debug\ClassManager.a(UART.o)
 .ARM.attributes
                0x00000296       0x33 .\CortexM3\ARM_GCC_541\Debug\ClassManager.a(UART_IntClock.o)
 .ARM.attributes
                0x000002c9       0x33 .\CortexM3\ARM_GCC_541\Debug\ClassManager.a(BTN.o)
 .ARM.attributes
                0x000002fc       0x33 .\CortexM3\ARM_GCC_541\Debug\ClassManager.a(Timer.o)
 .ARM.attributes
                0x0000032f       0x33 .\CortexM3\ARM_GCC_541\Debug\ClassManager.a(LED_1.o)
 .ARM.attributes
                0x00000362       0x33 .\CortexM3\ARM_GCC_541\Debug\ClassManager.a(LED_0.o)
 .ARM.attributes
                0x00000395       0x33 .\CortexM3\ARM_GCC_541\Debug\ClassManager.a(ListC.o)
 .ARM.attributes
                0x000003c8       0x33 .\CortexM3\ARM_GCC_541\Debug\ClassManager.a(time_isr.o)
 .ARM.attributes
                0x000003fb       0x33 .\CortexM3\ARM_GCC_541\Debug\ClassManager.a(counting.o)
 .ARM.attributes
                0x0000042e       0x21 .\CortexM3\ARM_GCC_541\Debug\ClassManager.a(CyBootAsmGnu.o)
 .ARM.attributes
                0x0000044f       0x33 .\CortexM3\ARM_GCC_541\Debug\ClassManager.a(CyFlash.o)
 .ARM.attributes
                0x00000482       0x33 .\CortexM3\ARM_GCC_541\Debug\ClassManager.a(CySpc.o)
 .ARM.attributes
                0x000004b5       0x2d c:/program files (x86)/cypress/psoc creator/4.2/psoc creator/import/gnu/arm/5.4.1/bin/../lib/gcc/arm-none-eabi/5.4.1/../../../../arm-none-eabi/lib/armv7-m\libg_nano.a(lib_a-errno.o)
 .ARM.attributes
                0x000004e2       0x2d c:/program files (x86)/cypress/psoc creator/4.2/psoc creator/import/gnu/arm/5.4.1/bin/../lib/gcc/arm-none-eabi/5.4.1/../../../../arm-none-eabi/lib/armv7-m\libg_nano.a(lib_a-exit.o)
 .ARM.attributes
                0x0000050f       0x2d c:/program files (x86)/cypress/psoc creator/4.2/psoc creator/import/gnu/arm/5.4.1/bin/../lib/gcc/arm-none-eabi/5.4.1/../../../../arm-none-eabi/lib/armv7-m\libg_nano.a(lib_a-impure.o)
 .ARM.attributes
                0x0000053c       0x2d c:/program files (x86)/cypress/psoc creator/4.2/psoc creator/import/gnu/arm/5.4.1/bin/../lib/gcc/arm-none-eabi/5.4.1/../../../../arm-none-eabi/lib/armv7-m\libg_nano.a(lib_a-init.o)
 .ARM.attributes
                0x00000569       0x2d c:/program files (x86)/cypress/psoc creator/4.2/psoc creator/import/gnu/arm/5.4.1/bin/../lib/gcc/arm-none-eabi/5.4.1/../../../../arm-none-eabi/lib/armv7-m\libg_nano.a(lib_a-memcpy-stub.o)
 .ARM.attributes
                0x00000596       0x2d c:/program files (x86)/cypress/psoc creator/4.2/psoc creator/import/gnu/arm/5.4.1/bin/../lib/gcc/arm-none-eabi/5.4.1/../../../../arm-none-eabi/lib/armv7-m\libg_nano.a(lib_a-memset.o)
 .ARM.attributes
                0x000005c3       0x2d c:/program files (x86)/cypress/psoc creator/4.2/psoc creator/import/gnu/arm/5.4.1/bin/../lib/gcc/arm-none-eabi/5.4.1/../../../../arm-none-eabi/lib/armv7-m\libg_nano.a(lib_a-sprintf.o)
 .ARM.attributes
                0x000005f0       0x2d c:/program files (x86)/cypress/psoc creator/4.2/psoc creator/import/gnu/arm/5.4.1/bin/../lib/gcc/arm-none-eabi/5.4.1/../../../../arm-none-eabi/lib/armv7-m\libg_nano.a(lib_a-nano-svfprintf.o)
 .ARM.attributes
                0x0000061d       0x2d c:/program files (x86)/cypress/psoc creator/4.2/psoc creator/import/gnu/arm/5.4.1/bin/../lib/gcc/arm-none-eabi/5.4.1/../../../../arm-none-eabi/lib/armv7-m\libg_nano.a(lib_a-nano-vfprintf_i.o)
 .ARM.attributes
                0x0000064a       0x2d c:/program files (x86)/cypress/psoc creator/4.2/psoc creator/import/gnu/arm/5.4.1/bin/../lib/gcc/arm-none-eabi/5.4.1/../../../../arm-none-eabi/lib/armv7-m\libg_nano.a(lib_a-memchr-stub.o)
 .ARM.attributes
                0x00000677       0x2d c:/program files (x86)/cypress/psoc creator/4.2/psoc creator/import/gnu/arm/5.4.1/bin/../lib/gcc/arm-none-eabi/5.4.1/../../../../arm-none-eabi/lib/armv7-m\libg_nano.a(lib_a-memmove.o)
 .ARM.attributes
                0x000006a4       0x2d c:/program files (x86)/cypress/psoc creator/4.2/psoc creator/import/gnu/arm/5.4.1/bin/../lib/gcc/arm-none-eabi/5.4.1/../../../../arm-none-eabi/lib/armv7-m\libg_nano.a(lib_a-nano-freer.o)
 .ARM.attributes
                0x000006d1       0x2d c:/program files (x86)/cypress/psoc creator/4.2/psoc creator/import/gnu/arm/5.4.1/bin/../lib/gcc/arm-none-eabi/5.4.1/../../../../arm-none-eabi/lib/armv7-m\libg_nano.a(lib_a-nano-mallocr.o)
 .ARM.attributes
                0x000006fe       0x2d c:/program files (x86)/cypress/psoc creator/4.2/psoc creator/import/gnu/arm/5.4.1/bin/../lib/gcc/arm-none-eabi/5.4.1/../../../../arm-none-eabi/lib/armv7-m\libg_nano.a(lib_a-nano-reallocr.o)
 .ARM.attributes
                0x0000072b       0x2d c:/program files (x86)/cypress/psoc creator/4.2/psoc creator/import/gnu/arm/5.4.1/bin/../lib/gcc/arm-none-eabi/5.4.1/../../../../arm-none-eabi/lib/armv7-m\libg_nano.a(lib_a-sbrkr.o)
 .ARM.attributes
                0x00000758       0x2d c:/program files (x86)/cypress/psoc creator/4.2/psoc creator/import/gnu/arm/5.4.1/bin/../lib/gcc/arm-none-eabi/5.4.1/../../../../arm-none-eabi/lib/armv7-m\libg_nano.a(lib_a-mlock.o)
 .ARM.attributes
                0x00000785       0x2d c:/program files (x86)/cypress/psoc creator/4.2/psoc creator/import/gnu/arm/5.4.1/bin/../lib/gcc/arm-none-eabi/5.4.1/../../../../arm-none-eabi/lib/armv7-m\libg_nano.a(lib_a-nano-msizer.o)
 .ARM.attributes
                0x000007b2       0x2d c:/program files (x86)/cypress/psoc creator/4.2/psoc creator/import/gnu/arm/5.4.1/bin/../lib/gcc/arm-none-eabi/5.4.1/../../../../arm-none-eabi/lib/armv7-m\libg_nano.a(lib_a-reent.o)
 .ARM.attributes
                0x000007df       0x2d c:/program files (x86)/cypress/psoc creator/4.2/psoc creator/import/gnu/arm/5.4.1/bin/../lib/gcc/arm-none-eabi/5.4.1/armv7-m/crtend.o
 .ARM.attributes
                0x0000080c       0x1d c:/program files (x86)/cypress/psoc creator/4.2/psoc creator/import/gnu/arm/5.4.1/bin/../lib/gcc/arm-none-eabi/5.4.1/armv7-m/crtn.o

/DISCARD/
 *(.note.GNU-stack)
OUTPUT(C:\Users\isaac\Documents\PSoC Creator\P7_ClassManager\ClassManager.cydsn\CortexM3\ARM_GCC_541\Debug\ClassManager.elf elf32-littlearm)
